Archive member included to satisfy reference by file (symbol)

C:\Program Files (x86)\Cypress\PSoC Creator\4.4\PSoC Creator\psoc\content\CyComponentLibrary\CyComponentLibrary.cylib\CapSense_TMG_v2_0\Library\Gestures_GCC_M4.a(Gesture.o)
                              .\CortexM4\ARM_GCC_541\Debug\CapSense_TMG.o (Gesture_DecodeFlickGestures)
C:\Program Files (x86)\Cypress\PSoC Creator\4.4\PSoC Creator\psoc\content\CyComponentLibrary\CyComponentLibrary.cylib\CapSense_v3_0\Library\CapSense_Library_GCC_M4.a(CapSense_SmartSense_LL.o)
                              .\CortexM4\ARM_GCC_541\Debug\CapSense_Sensing.o (SmartSense_TunePrescalers)
C:\Program Files (x86)\Cypress\PSoC Creator\4.4\PSoC Creator\psoc\content\CyComponentLibrary\CyComponentLibrary.cylib\CapSense_v3_0\Library\CapSense_Library_GCC_M4.a(CapSense_SmartSense_SL.o)
                              .\CortexM4\ARM_GCC_541\Debug\CapSense_Processing.o (SmartSense_UpdateThresholds)
c:/program files (x86)/cypress/psoc creator/4.4/psoc creator/import/gnu/arm/5.4.1/bin/../lib/gcc/arm-none-eabi/5.4.1/../../../../arm-none-eabi/lib/armv7e-m/softfp\libm.a(lib_a-s_floor.o)
                              .\CortexM4\ARM_GCC_541\Debug\cy_sysclk.o (floor)
c:/program files (x86)/cypress/psoc creator/4.4/psoc creator/import/gnu/arm/5.4.1/bin/../lib/gcc/arm-none-eabi/5.4.1/../../../../arm-none-eabi/lib/armv7e-m/softfp\libm.a(lib_a-sf_ceil.o)
                              .\CortexM4\ARM_GCC_541\Debug\cy_sysclk.o (ceilf)
c:/program files (x86)/cypress/psoc creator/4.4/psoc creator/import/gnu/arm/5.4.1/bin/../lib/gcc/arm-none-eabi/5.4.1/../../../../arm-none-eabi/lib/armv7e-m/softfp\libm.a(lib_a-w_log.o)
                              .\CortexM4\ARM_GCC_541\Debug\cy_sysclk.o (log)
c:/program files (x86)/cypress/psoc creator/4.4/psoc creator/import/gnu/arm/5.4.1/bin/../lib/gcc/arm-none-eabi/5.4.1/../../../../arm-none-eabi/lib/armv7e-m/softfp\libm.a(lib_a-e_log.o)
                              c:/program files (x86)/cypress/psoc creator/4.4/psoc creator/import/gnu/arm/5.4.1/bin/../lib/gcc/arm-none-eabi/5.4.1/../../../../arm-none-eabi/lib/armv7e-m/softfp\libm.a(lib_a-w_log.o) (__ieee754_log)
c:/program files (x86)/cypress/psoc creator/4.4/psoc creator/import/gnu/arm/5.4.1/bin/../lib/gcc/arm-none-eabi/5.4.1/../../../../arm-none-eabi/lib/armv7e-m/softfp\libm.a(lib_a-s_lib_ver.o)
                              c:/program files (x86)/cypress/psoc creator/4.4/psoc creator/import/gnu/arm/5.4.1/bin/../lib/gcc/arm-none-eabi/5.4.1/../../../../arm-none-eabi/lib/armv7e-m/softfp\libm.a(lib_a-w_log.o) (__fdlib_version)
c:/program files (x86)/cypress/psoc creator/4.4/psoc creator/import/gnu/arm/5.4.1/bin/../lib/gcc/arm-none-eabi/5.4.1/../../../../arm-none-eabi/lib/armv7e-m/softfp\libm.a(lib_a-s_matherr.o)
                              c:/program files (x86)/cypress/psoc creator/4.4/psoc creator/import/gnu/arm/5.4.1/bin/../lib/gcc/arm-none-eabi/5.4.1/../../../../arm-none-eabi/lib/armv7e-m/softfp\libm.a(lib_a-w_log.o) (matherr)
c:/program files (x86)/cypress/psoc creator/4.4/psoc creator/import/gnu/arm/5.4.1/bin/../lib/gcc/arm-none-eabi/5.4.1/../../../../arm-none-eabi/lib/armv7e-m/softfp\libm.a(lib_a-s_nan.o)
                              c:/program files (x86)/cypress/psoc creator/4.4/psoc creator/import/gnu/arm/5.4.1/bin/../lib/gcc/arm-none-eabi/5.4.1/../../../../arm-none-eabi/lib/armv7e-m/softfp\libm.a(lib_a-w_log.o) (nan)
.\CMSIS\Lib\GCC\libarm_cortexM4l_math.a(arm_min_f32.o)
                              .\CortexM4\ARM_GCC_541\Debug\Traitement_Signal.o (arm_min_f32)
.\CMSIS\Lib\GCC\libarm_cortexM4l_math.a(arm_max_f32.o)
                              .\CortexM4\ARM_GCC_541\Debug\Traitement_Signal.o (arm_max_f32)
.\CMSIS\Lib\GCC\libarm_cortexM4l_math.a(arm_fir_init_f32.o)
                              .\CortexM4\ARM_GCC_541\Debug\Traitement_Signal.o (arm_fir_init_f32)
.\CMSIS\Lib\GCC\libarm_cortexM4l_math.a(arm_fir_f32.o)
                              .\CortexM4\ARM_GCC_541\Debug\Traitement_Signal.o (arm_fir_f32)
Generated_Source\PSoC6\pdl\middleware\emWin\libs\GCC\libemWin_osnts_gcc.a(F16_1.o)
                              .\CortexM4\ARM_GCC_541\Debug\LED_task.o (GUI_Font16_1)
Generated_Source\PSoC6\pdl\middleware\emWin\libs\GCC\libemWin_osnts_gcc.a(F16_ASCII.o)
                              Generated_Source\PSoC6\pdl\middleware\emWin\libs\GCC\libemWin_osnts_gcc.a(F16_1.o) (GUI_Font16ASCIIProp1)
Generated_Source\PSoC6\pdl\middleware\emWin\libs\GCC\libemWin_osnts_gcc.a(F16B_1.o)
                              .\CortexM4\ARM_GCC_541\Debug\LED_task.o (GUI_Font16B_1)
Generated_Source\PSoC6\pdl\middleware\emWin\libs\GCC\libemWin_osnts_gcc.a(F16B_ASCII.o)
                              Generated_Source\PSoC6\pdl\middleware\emWin\libs\GCC\libemWin_osnts_gcc.a(F16B_1.o) (GUI_Font16B_ASCII_Prop1)
Generated_Source\PSoC6\pdl\middleware\emWin\libs\GCC\libemWin_osnts_gcc.a(F24B_1.o)
                              .\CortexM4\ARM_GCC_541\Debug\LED_task.o (GUI_Font24B_1)
[...]
Memory Configuration

Name             Origin             Length             Attributes
ram              0x08024000         0x00023800         xrw
flash            0x10080000         0x00080000         xr
em_eeprom        0x14000000         0x00008000         xr
sflash_user_data 0x16000800         0x00000800         xr
sflash_nar       0x16001a00         0x00000200         xr
sflash_public_key 0x16005a00         0x00000c00         xr
sflash_toc_2     0x16007c00         0x00000200         xr
sflash_rtoc_2    0x16007e00         0x00000200         xr
xip              0x18000000         0x08000000         xr
efuse            0x90700000         0x00100000         r
*default*        0x00000000         0xffffffff

Linker script and memory map

LOAD c:/program files (x86)/cypress/psoc creator/4.4/psoc creator/import/gnu/arm/5.4.1/bin/../lib/gcc/arm-none-eabi/5.4.1/armv7e-m/softfp/crti.o
LOAD c:/program files (x86)/cypress/psoc creator/4.4/psoc creator/import/gnu/arm/5.4.1/bin/../lib/gcc/arm-none-eabi/5.4.1/armv7e-m/softfp/crtbegin.o
LOAD c:/program files (x86)/cypress/psoc creator/4.4/psoc creator/import/gnu/arm/5.4.1/bin/../lib/gcc/arm-none-eabi/5.4.1/../../../../arm-none-eabi/lib/armv7e-m/softfp/crt0.o
START GROUP
LOAD Generated_Source\PSoC6\pdl\middleware\emWin\libs\GCC\libemWin_osnts_gcc.a
LOAD .\CortexM4\ARM_GCC_541\Debug\startup_psoc6_01_cm4.o
LOAD .\CortexM4\ARM_GCC_541\Debug\main_cm4.o
LOAD .\CortexM4\ARM_GCC_541\Debug\system_psoc6_cm4.o
LOAD .\CortexM4\ARM_GCC_541\Debug\bmi160.o
LOAD .\CortexM4\ARM_GCC_541\Debug\global_variables.o
LOAD .\CortexM4\ARM_GCC_541\Debug\i2cm_support.o
LOAD .\CortexM4\ARM_GCC_541\Debug\LED_task.o
LOAD .\CortexM4\ARM_GCC_541\Debug\MAX30102_functions.o
LOAD .\CortexM4\ARM_GCC_541\Debug\motion_task.o
LOAD .\CortexM4\ARM_GCC_541\Debug\screen_functions.o
LOAD .\CortexM4\ARM_GCC_541\Debug\touch_task.o
LOAD .\CortexM4\ARM_GCC_541\Debug\Traitement_Signal.o
LOAD .\CortexM4\ARM_GCC_541\Debug\pervasive_eink_hardware_driver.o
LOAD .\CortexM4\ARM_GCC_541\Debug\cy_eink_library.o
LOAD .\CortexM4\ARM_GCC_541\Debug\cy_eink_psoc_interface.o
LOAD .\CortexM4\ARM_GCC_541\Debug\Cypress Logo Full Color_PNG_1bpp.o
LOAD .\CortexM4\ARM_GCC_541\Debug\LCDConf.o
LOAD .\CortexM4\ARM_GCC_541\Debug\GUI_X_RTOS.o
LOAD .\CortexM4\ARM_GCC_541\Debug\GUIConf.o
LOAD .\CortexM4\ARM_GCC_541\Debug\cyfitter_sysint_cfg.o
LOAD .\CortexM4\ARM_GCC_541\Debug\cymetadata.o
LOAD .\CortexM4\ARM_GCC_541\Debug\CY_EINK_SPIM.o
LOAD .\CortexM4\ARM_GCC_541\Debug\CY_EINK_Timer.o
LOAD .\CortexM4\ARM_GCC_541\Debug\Status_SW2.o
LOAD .\CortexM4\ARM_GCC_541\Debug\cy_efuse.o
LOAD .\CortexM4\ARM_GCC_541\Debug\cy_flash.o
LOAD .\CortexM4\ARM_GCC_541\Debug\cy_gpio.o
LOAD .\CortexM4\ARM_GCC_541\Debug\cy_ipc_drv.o
LOAD .\CortexM4\ARM_GCC_541\Debug\cy_ipc_sema.o
LOAD .\CortexM4\ARM_GCC_541\Debug\cy_ipc_pipe.o
LOAD .\CortexM4\ARM_GCC_541\Debug\cy_lvd.o
LOAD .\CortexM4\ARM_GCC_541\Debug\cy_profile.o
LOAD .\CortexM4\ARM_GCC_541\Debug\cy_prot.o
LOAD .\CortexM4\ARM_GCC_541\Debug\cy_scb_common.o
LOAD .\CortexM4\ARM_GCC_541\Debug\cy_scb_i2c.o
LOAD .\CortexM4\ARM_GCC_541\Debug\cy_scb_ezi2c.o
LOAD .\CortexM4\ARM_GCC_541\Debug\cy_scb_spi.o
LOAD .\CortexM4\ARM_GCC_541\Debug\cy_scb_uart.o
LOAD .\CortexM4\ARM_GCC_541\Debug\cy_sysanalog.o
LOAD .\CortexM4\ARM_GCC_541\Debug\cy_sysclk.o
LOAD .\CortexM4\ARM_GCC_541\Debug\cy_sysint.o
LOAD .\CortexM4\ARM_GCC_541\Debug\cy_syslib.o
LOAD .\CortexM4\ARM_GCC_541\Debug\cy_syslib_gcc.o
LOAD .\CortexM4\ARM_GCC_541\Debug\cy_syspm.o
LOAD .\CortexM4\ARM_GCC_541\Debug\cy_systick.o
LOAD .\CortexM4\ARM_GCC_541\Debug\cy_tcpwm_counter.o
LOAD .\CortexM4\ARM_GCC_541\Debug\cy_tcpwm_pwm.o
LOAD .\CortexM4\ARM_GCC_541\Debug\cy_tcpwm_quaddec.o
LOAD .\CortexM4\ARM_GCC_541\Debug\cy_trigmux.o
LOAD .\CortexM4\ARM_GCC_541\Debug\cy_wdt.o
LOAD .\CortexM4\ARM_GCC_541\Debug\cy_device.o
LOAD .\CortexM4\ARM_GCC_541\Debug\cy_ble_clk.o
LOAD .\CortexM4\ARM_GCC_541\Debug\croutine.o
LOAD .\CortexM4\ARM_GCC_541\Debug\event_groups.o
LOAD .\CortexM4\ARM_GCC_541\Debug\list.o
LOAD .\CortexM4\ARM_GCC_541\Debug\queue.o
LOAD .\CortexM4\ARM_GCC_541\Debug\tasks.o
LOAD .\CortexM4\ARM_GCC_541\Debug\timers.o
LOAD .\CortexM4\ARM_GCC_541\Debug\stream_buffer.o
LOAD .\CortexM4\ARM_GCC_541\Debug\port.o
LOAD .\CortexM4\ARM_GCC_541\Debug\heap_1.o
LOAD .\CortexM4\ARM_GCC_541\Debug\I2C_MAX.o
LOAD .\CortexM4\ARM_GCC_541\Debug\I2Cm.o
LOAD .\CortexM4\ARM_GCC_541\Debug\CapSense_Control.o
LOAD .\CortexM4\ARM_GCC_541\Debug\CapSense_Processing.o
LOAD .\CortexM4\ARM_GCC_541\Debug\CapSense_Structure.o
LOAD .\CortexM4\ARM_GCC_541\Debug\CapSense_Tuner.o
LOAD .\CortexM4\ARM_GCC_541\Debug\CapSense_Filter.o
LOAD .\CortexM4\ARM_GCC_541\Debug\CapSense_Sensing.o
LOAD .\CortexM4\ARM_GCC_541\Debug\CapSense_INT.o
LOAD .\CortexM4\ARM_GCC_541\Debug\CapSense_SensingCSD_LL.o
LOAD .\CortexM4\ARM_GCC_541\Debug\CapSense_SensingCSX_LL.o
LOAD .\CortexM4\ARM_GCC_541\Debug\CapSense_Centroid_LL.o
LOAD .\CortexM4\ARM_GCC_541\Debug\CapSense_Gesture.o
LOAD .\CortexM4\ARM_GCC_541\Debug\CapSense_TMG.o
LOAD .\CortexM4\ARM_GCC_541\Debug\UART.o
LOAD C:\Program Files (x86)\Cypress\PSoC Creator\4.4\PSoC Creator\psoc\content\CyComponentLibrary\CyComponentLibrary.cylib\CapSense_TMG_v2_0\Library\Ballistic_GCC_M4.a
LOAD C:\Program Files (x86)\Cypress\PSoC Creator\4.4\PSoC Creator\psoc\content\CyComponentLibrary\CyComponentLibrary.cylib\CapSense_TMG_v2_0\Library\Gestures_GCC_M4.a
LOAD C:\Program Files (x86)\Cypress\PSoC Creator\4.4\PSoC Creator\psoc\content\CyComponentLibrary\CyComponentLibrary.cylib\CapSense_v3_0\Library\CapSense_Library_GCC_M4.a
LOAD c:/program files (x86)/cypress/psoc creator/4.4/psoc creator/import/gnu/arm/5.4.1/bin/../lib/gcc/arm-none-eabi/5.4.1/../../../../arm-none-eabi/lib/armv7e-m/softfp\libm.a
LOAD .\CMSIS\Lib\GCC\libarm_cortexM4l_math.a
END GROUP
START GROUP
LOAD c:/program files (x86)/cypress/psoc creator/4.4/psoc creator/import/gnu/arm/5.4.1/bin/../lib/gcc/arm-none-eabi/5.4.1/armv7e-m/softfp\libgcc.a
LOAD c:/program files (x86)/cypress/psoc creator/4.4/psoc creator/import/gnu/arm/5.4.1/bin/../lib/gcc/arm-none-eabi/5.4.1/../../../../arm-none-eabi/lib/armv7e-m/softfp\libg_nano.a
LOAD c:/program files (x86)/cypress/psoc creator/4.4/psoc creator/import/gnu/arm/5.4.1/bin/../lib/gcc/arm-none-eabi/5.4.1/../../../../arm-none-eabi/lib/armv7e-m/softfp\libc_nano.a
END GROUP
START GROUP
LOAD c:/program files (x86)/cypress/psoc creator/4.4/psoc creator/import/gnu/arm/5.4.1/bin/../lib/gcc/arm-none-eabi/5.4.1/armv7e-m/softfp\libgcc.a
LOAD c:/program files (x86)/cypress/psoc creator/4.4/psoc creator/import/gnu/arm/5.4.1/bin/../lib/gcc/arm-none-eabi/5.4.1/../../../../arm-none-eabi/lib/armv7e-m/softfp\libc_nano.a
END GROUP
LOAD c:/program files (x86)/cypress/psoc creator/4.4/psoc creator/import/gnu/arm/5.4.1/bin/../lib/gcc/arm-none-eabi/5.4.1/armv7e-m/softfp/crtend.o
LOAD c:/program files (x86)/cypress/psoc creator/4.4/psoc creator/import/gnu/arm/5.4.1/bin/../lib/gcc/arm-none-eabi/5.4.1/armv7e-m/softfp/crtn.o
START GROUP
LOAD c:/program files (x86)/cypress/psoc creator/4.4/psoc creator/import/gnu/arm/5.4.1/bin/../lib/gcc/arm-none-eabi/5.4.1/armv7e-m/softfp\libgcc.a
LOAD c:/program files (x86)/cypress/psoc creator/4.4/psoc creator/import/gnu/arm/5.4.1/bin/../lib/gcc/arm-none-eabi/5.4.1/../../../../arm-none-eabi/lib/armv7e-m/softfp\libc.a
LOAD c:/program files (x86)/cypress/psoc creator/4.4/psoc creator/import/gnu/arm/5.4.1/bin/../lib/gcc/arm-none-eabi/5.4.1/../../../../arm-none-eabi/lib/armv7e-m/softfp\libnosys.a
END GROUP
START GROUP
LOAD c:/program files (x86)/cypress/psoc creator/4.4/psoc creator/import/gnu/arm/5.4.1/bin/../lib/gcc/arm-none-eabi/5.4.1/armv7e-m/softfp\libgcc.a
LOAD c:/program files (x86)/cypress/psoc creator/4.4/psoc creator/import/gnu/arm/5.4.1/bin/../lib/gcc/arm-none-eabi/5.4.1/../../../../arm-none-eabi/lib/armv7e-m/softfp\libc.a
LOAD c:/program files (x86)/cypress/psoc creator/4.4/psoc creator/import/gnu/arm/5.4.1/bin/../lib/gcc/arm-none-eabi/5.4.1/../../../../arm-none-eabi/lib/armv7e-m/softfp\libm.a
LOAD c:/program files (x86)/cypress/psoc creator/4.4/psoc creator/import/gnu/arm/5.4.1/bin/../lib/gcc/arm-none-eabi/5.4.1/../../../../arm-none-eabi/lib/armv7e-m/softfp\libnosys.a
END GROUP

.text           0x10080000    0x1d68c
                0x10080000                . = ALIGN (0x4)
                0x10080000                __Vectors = .
 *(.vectors)
 .vectors       0x10080000      0x28c .\CortexM4\ARM_GCC_541\Debug\startup_psoc6_01_cm4.o
                0x1008028c                . = ALIGN (0x4)
                0x1008028c                __Vectors_End = .
                0x0000028c                __Vectors_Size = (__Vectors_End - __Vectors)
                0x1008028c                __end__ = .
                0x1008028c                . = ALIGN (0x4)
 *(.text*)
 .text          0x1008028c       0x5c c:/program files (x86)/cypress/psoc creator/4.4/psoc creator/import/gnu/arm/5.4.1/bin/../lib/gcc/arm-none-eabi/5.4.1/armv7e-m/softfp/crtbegin.o
 .text          0x100802e8       0x84 .\CortexM4\ARM_GCC_541\Debug\startup_psoc6_01_cm4.o
                0x100802e8                Cy_OnResetUser
                0x100802ea                Reset_Handler
                0x1008034c                cpuss_interrupts_ipc_6_IRQHandler
                0x1008034c                DebugMon_Handler
                0x1008034c                tcpwm_1_interrupts_11_IRQHandler
                0x1008034c                cpuss_interrupts_ipc_0_IRQHandler
                0x1008034c                tcpwm_1_interrupts_15_IRQHandler
                0x1008034c                ioss_interrupts_gpio_13_IRQHandler
                0x1008034c                tcpwm_1_interrupts_13_IRQHandler
                0x1008034c                cpuss_interrupts_dw1_8_IRQHandler
                0x1008034c                tcpwm_0_interrupts_0_IRQHandler
                0x1008034c                cpuss_interrupt_fm_IRQHandler
                0x1008034c                cpuss_interrupts_ipc_7_IRQHandler
                0x1008034c                tcpwm_1_interrupts_14_IRQHandler
                0x1008034c                cpuss_interrupts_dw0_5_IRQHandler
                0x1008034c                tcpwm_1_interrupts_9_IRQHandler
                0x1008034c                cpuss_interrupts_cm0_cti_1_IRQHandler
                0x1008034c                tcpwm_1_interrupts_22_IRQHandler
                0x1008034c                cpuss_interrupts_dw0_4_IRQHandler
                0x1008034c                NMI_Handler
                0x1008034c                cpuss_interrupts_dw1_12_IRQHandler
                0x1008034c                tcpwm_1_interrupts_12_IRQHandler
                0x1008034c                smif_interrupt_IRQHandler
                0x1008034c                tcpwm_1_interrupts_2_IRQHandler
                0x1008034c                cpuss_interrupts_ipc_13_IRQHandler
                0x1008034c                udb_interrupts_11_IRQHandler
                0x1008034c                tcpwm_1_interrupts_18_IRQHandler
                0x1008034c                cpuss_interrupts_dw0_11_IRQHandler
                0x1008034c                tcpwm_0_interrupts_2_IRQHandler
                0x1008034c                cpuss_interrupts_dw0_13_IRQHandler
                0x1008034c                udb_interrupts_2_IRQHandler
                0x1008034c                cpuss_interrupts_dw1_7_IRQHandler
                0x1008034c                ioss_interrupts_gpio_1_IRQHandler
                0x1008034c                ioss_interrupts_gpio_7_IRQHandler
                0x1008034c                scb_5_interrupt_IRQHandler
                0x1008034c                udb_interrupts_6_IRQHandler
                0x1008034c                cpuss_interrupts_fault_1_IRQHandler
                0x1008034c                cpuss_interrupts_ipc_4_IRQHandler
                0x1008034c                cpuss_interrupts_ipc_5_IRQHandler
                0x1008034c                cpuss_interrupts_dw1_10_IRQHandler
                0x1008034c                udb_interrupts_0_IRQHandler
                0x1008034c                tcpwm_1_interrupts_6_IRQHandler
                0x1008034c                scb_4_interrupt_IRQHandler
                0x1008034c                pass_interrupt_dacs_IRQHandler
                0x1008034c                ioss_interrupts_gpio_2_IRQHandler
                0x1008034c                cpuss_interrupts_dw1_9_IRQHandler
                0x1008034c                cpuss_interrupts_dw1_13_IRQHandler
                0x1008034c                scb_2_interrupt_IRQHandler
                0x1008034c                cpuss_interrupts_cm0_cti_0_IRQHandler
                0x1008034c                udb_interrupts_5_IRQHandler
                0x1008034c                srss_interrupt_IRQHandler
                0x1008034c                udb_interrupts_12_IRQHandler
                0x1008034c                scb_0_interrupt_IRQHandler
                0x1008034c                csd_interrupt_IRQHandler
                0x1008034c                udb_interrupts_1_IRQHandler
                0x1008034c                profile_interrupt_IRQHandler
                0x1008034c                tcpwm_1_interrupts_1_IRQHandler
                0x1008034c                cpuss_interrupts_ipc_12_IRQHandler
                0x1008034c                tcpwm_1_interrupts_3_IRQHandler
                0x1008034c                tcpwm_0_interrupts_7_IRQHandler
                0x1008034c                cpuss_interrupts_dw1_1_IRQHandler
                0x1008034c                cpuss_interrupts_dw1_0_IRQHandler
                0x1008034c                cpuss_interrupts_dw0_9_IRQHandler
                0x1008034c                lpcomp_interrupt_IRQHandler
                0x1008034c                tcpwm_1_interrupts_23_IRQHandler
                0x1008034c                udb_interrupts_4_IRQHandler
                0x1008034c                tcpwm_1_interrupts_20_IRQHandler
                0x1008034c                ioss_interrupt_gpio_IRQHandler
                0x1008034c                tcpwm_0_interrupts_1_IRQHandler
                0x1008034c                ioss_interrupts_gpio_8_IRQHandler
                0x1008034c                tcpwm_0_interrupts_6_IRQHandler
                0x1008034c                scb_7_interrupt_IRQHandler
                0x1008034c                tcpwm_1_interrupts_7_IRQHandler
                0x1008034c                cpuss_interrupts_ipc_11_IRQHandler
                0x1008034c                udb_interrupts_13_IRQHandler
                0x1008034c                cpuss_interrupts_dw0_15_IRQHandler
                0x1008034c                udb_interrupts_7_IRQHandler
                0x1008034c                cpuss_interrupts_dw1_6_IRQHandler
                0x1008034c                cpuss_interrupt_crypto_IRQHandler
                0x1008034c                scb_1_interrupt_IRQHandler
                0x1008034c                Default_Handler
                0x1008034c                usb_interrupt_hi_IRQHandler
                0x1008034c                tcpwm_1_interrupts_0_IRQHandler
                0x1008034c                udb_interrupts_9_IRQHandler
                0x1008034c                audioss_interrupt_pdm_IRQHandler
                0x1008034c                srss_interrupt_mcwdt_0_IRQHandler
                0x1008034c                scb_3_interrupt_IRQHandler
                0x1008034c                pass_interrupt_ctbs_IRQHandler
                0x1008034c                udb_interrupts_8_IRQHandler
                0x1008034c                ioss_interrupts_gpio_3_IRQHandler
                0x1008034c                scb_6_interrupt_IRQHandler
                0x1008034c                cpuss_interrupts_cm4_cti_0_IRQHandler
                0x1008034c                cpuss_interrupts_dw1_3_IRQHandler
                0x1008034c                pass_interrupt_sar_IRQHandler
                0x1008034c                ioss_interrupts_gpio_0_IRQHandler
                0x1008034c                ioss_interrupts_gpio_14_IRQHandler
                0x1008034c                tcpwm_0_interrupts_4_IRQHandler
                0x1008034c                udb_interrupts_3_IRQHandler
                0x1008034c                tcpwm_0_interrupts_5_IRQHandler
                0x1008034c                cpuss_interrupts_ipc_15_IRQHandler
                0x1008034c                cpuss_interrupts_cm4_cti_1_IRQHandler
                0x1008034c                scb_8_interrupt_IRQHandler
                0x1008034c                srss_interrupt_mcwdt_1_IRQHandler
                0x1008034c                cpuss_interrupts_dw1_2_IRQHandler
                0x1008034c                cpuss_interrupts_dw1_5_IRQHandler
                0x1008034c                cpuss_interrupts_ipc_1_IRQHandler
                0x1008034c                cpuss_interrupts_dw0_0_IRQHandler
                0x1008034c                ioss_interrupts_gpio_12_IRQHandler
                0x1008034c                cpuss_interrupts_ipc_3_IRQHandler
                0x1008034c                tcpwm_1_interrupts_17_IRQHandler
                0x1008034c                srss_interrupt_backup_IRQHandler
                0x1008034c                bless_interrupt_IRQHandler
                0x1008034c                cpuss_interrupts_ipc_10_IRQHandler
                0x1008034c                cpuss_interrupts_ipc_9_IRQHandler
                0x1008034c                cpuss_interrupts_dw0_14_IRQHandler
                0x1008034c                tcpwm_1_interrupts_4_IRQHandler
                0x1008034c                tcpwm_0_interrupts_3_IRQHandler
                0x1008034c                cpuss_interrupts_dw1_15_IRQHandler
                0x1008034c                ioss_interrupts_gpio_10_IRQHandler
                0x1008034c                udb_interrupts_10_IRQHandler
                0x1008034c                cpuss_interrupts_dw0_8_IRQHandler
                0x1008034c                ioss_interrupts_gpio_11_IRQHandler
                0x1008034c                cpuss_interrupts_ipc_14_IRQHandler
                0x1008034c                ioss_interrupts_gpio_5_IRQHandler
                0x1008034c                ioss_interrupts_gpio_4_IRQHandler
                0x1008034c                tcpwm_1_interrupts_8_IRQHandler
                0x1008034c                cpuss_interrupts_dw1_14_IRQHandler
                0x1008034c                usb_interrupt_med_IRQHandler
                0x1008034c                cpuss_interrupts_dw0_2_IRQHandler
                0x1008034c                tcpwm_1_interrupts_10_IRQHandler
                0x1008034c                cpuss_interrupts_fault_0_IRQHandler
                0x1008034c                cpuss_interrupts_dw0_12_IRQHandler
                0x1008034c                ioss_interrupts_gpio_6_IRQHandler
                0x1008034c                tcpwm_1_interrupts_21_IRQHandler
                0x1008034c                tcpwm_1_interrupts_16_IRQHandler
                0x1008034c                cpuss_interrupts_dw1_4_IRQHandler
                0x1008034c                udb_interrupts_15_IRQHandler
                0x1008034c                cpuss_interrupts_dw1_11_IRQHandler
                0x1008034c                cpuss_interrupts_dw0_6_IRQHandler
                0x1008034c                ioss_interrupt_vdd_IRQHandler
                0x1008034c                cpuss_interrupts_dw0_7_IRQHandler
                0x1008034c                audioss_interrupt_i2s_IRQHandler
                0x1008034c                tcpwm_1_interrupts_5_IRQHandler
                0x1008034c                cpuss_interrupts_ipc_2_IRQHandler
                0x1008034c                cpuss_interrupts_dw0_10_IRQHandler
                0x1008034c                tcpwm_1_interrupts_19_IRQHandler
                0x1008034c                cpuss_interrupts_dw0_1_IRQHandler
                0x1008034c                ioss_interrupts_gpio_9_IRQHandler
                0x1008034c                usb_interrupt_lo_IRQHandler
                0x1008034c                cpuss_interrupts_ipc_8_IRQHandler
                0x1008034c                udb_interrupts_14_IRQHandler
                0x1008034c                cpuss_interrupts_dw0_3_IRQHandler
                0x10080350                UsageFault_Handler
                0x10080350                HardFault_Handler
                0x10080350                MemManage_Handler
                0x10080350                BusFault_Handler
 .text.isr_bouton
                0x1008036c       0xd0 .\CortexM4\ARM_GCC_541\Debug\main_cm4.o
                0x1008036c                isr_bouton
 .text.main     0x1008043c      0x168 .\CortexM4\ARM_GCC_541\Debug\main_cm4.o
                0x1008043c                main
 .text.Cy_SysIpcPipeIsrCm4
                0x100805a4        0xc .\CortexM4\ARM_GCC_541\Debug\system_psoc6_cm4.o
                0x100805a4                Cy_SysIpcPipeIsrCm4
 .text.Cy_SystemInit
                0x100805b0        0x4 .\CortexM4\ARM_GCC_541\Debug\system_psoc6_cm4.o
                0x100805b0                Cy_SystemInit
 .text.SystemCoreClockUpdate
                0x100805b4      0x190 .\CortexM4\ARM_GCC_541\Debug\system_psoc6_cm4.o
                0x100805b4                SystemCoreClockUpdate
 .text.SystemInit
                0x10080744       0x48 .\CortexM4\ARM_GCC_541\Debug\system_psoc6_cm4.o
                0x10080744                SystemInit
 .text.Cy_SystemInitFpuEnable
                0x1008078c       0x28 .\CortexM4\ARM_GCC_541\Debug\system_psoc6_cm4.o
                0x1008078c                Cy_SystemInitFpuEnable
 .text.null_ptr_check
                0x100807b4       0x2c .\CortexM4\ARM_GCC_541\Debug\bmi160.o
 .text.default_param_settg
                0x100807e0       0x28 .\CortexM4\ARM_GCC_541\Debug\bmi160.o
 .text.process_accel_odr
                0x10080808       0x28 .\CortexM4\ARM_GCC_541\Debug\bmi160.o
 .text.process_accel_bw
                0x10080830       0x24 .\CortexM4\ARM_GCC_541\Debug\bmi160.o
 .text.process_accel_range
                0x10080854       0x28 .\CortexM4\ARM_GCC_541\Debug\bmi160.o
 .text.process_gyro_odr
                0x1008087c       0x28 .\CortexM4\ARM_GCC_541\Debug\bmi160.o
 .text.process_gyro_bw
                0x100808a4       0x20 .\CortexM4\ARM_GCC_541\Debug\bmi160.o
 .text.process_gyro_range
                0x100808c4       0x28 .\CortexM4\ARM_GCC_541\Debug\bmi160.o
 .text.bmi160_get_regs
                0x100808ec       0x40 .\CortexM4\ARM_GCC_541\Debug\bmi160.o
                0x100808ec                bmi160_get_regs
 .text.check_accel_config
                0x1008092c       0x3c .\CortexM4\ARM_GCC_541\Debug\bmi160.o
 .text.check_gyro_config
                0x10080968       0x3c .\CortexM4\ARM_GCC_541\Debug\bmi160.o
 .text.check_invalid_settg
                0x100809a4       0x4c .\CortexM4\ARM_GCC_541\Debug\bmi160.o
 .text.bmi160_set_regs
                0x100809f0       0x84 .\CortexM4\ARM_GCC_541\Debug\bmi160.o
                0x100809f0                bmi160_set_regs
 .text.set_accel_conf
                0x10080a74       0x54 .\CortexM4\ARM_GCC_541\Debug\bmi160.o
 .text.set_gyro_conf
                0x10080ac8       0x54 .\CortexM4\ARM_GCC_541\Debug\bmi160.o
 .text.process_under_sampling
                0x10080b1c       0x70 .\CortexM4\ARM_GCC_541\Debug\bmi160.o
 .text.set_accel_pwr
                0x10080b8c       0x5c .\CortexM4\ARM_GCC_541\Debug\bmi160.o
 .text.set_gyro_pwr
                0x10080be8       0x5c .\CortexM4\ARM_GCC_541\Debug\bmi160.o
 .text.enable_accel_any_motion_int
                0x10080c44       0x80 .\CortexM4\ARM_GCC_541\Debug\bmi160.o
 .text.config_int_out_ctrl
                0x10080cc4       0xb0 .\CortexM4\ARM_GCC_541\Debug\bmi160.o
 .text.config_int_latch
                0x10080d74       0x7c .\CortexM4\ARM_GCC_541\Debug\bmi160.o
 .text.set_intr_pin_config
                0x10080df0       0x1c .\CortexM4\ARM_GCC_541\Debug\bmi160.o
 .text.disable_sig_motion_int
                0x10080e0c       0x44 .\CortexM4\ARM_GCC_541\Debug\bmi160.o
 .text.map_feature_interrupt
                0x10080e50       0x98 .\CortexM4\ARM_GCC_541\Debug\bmi160.o
 .text.config_any_motion_src
                0x10080ee8       0x48 .\CortexM4\ARM_GCC_541\Debug\bmi160.o
 .text.config_any_dur_threshold
                0x10080f30       0x50 .\CortexM4\ARM_GCC_541\Debug\bmi160.o
 .text.config_any_motion_int_settg
                0x10080f80       0x44 .\CortexM4\ARM_GCC_541\Debug\bmi160.o
 .text.set_accel_any_motion_int
                0x10080fc4       0x3c .\CortexM4\ARM_GCC_541\Debug\bmi160.o
 .text.enable_sig_motion_int
                0x10081000       0x64 .\CortexM4\ARM_GCC_541\Debug\bmi160.o
 .text.config_sig_motion_data_src
                0x10081064       0x48 .\CortexM4\ARM_GCC_541\Debug\bmi160.o
 .text.config_sig_dur_threshold
                0x100810ac       0x74 .\CortexM4\ARM_GCC_541\Debug\bmi160.o
 .text.config_sig_motion_int_settg
                0x10081120       0x38 .\CortexM4\ARM_GCC_541\Debug\bmi160.o
 .text.set_accel_sig_motion_int
                0x10081158       0x3c .\CortexM4\ARM_GCC_541\Debug\bmi160.o
 .text.enable_no_motion_int
                0x10081194       0x7c .\CortexM4\ARM_GCC_541\Debug\bmi160.o
 .text.config_no_motion_data_src
                0x10081210       0x48 .\CortexM4\ARM_GCC_541\Debug\bmi160.o
 .text.config_no_motion_dur_thr
                0x10081258       0x90 .\CortexM4\ARM_GCC_541\Debug\bmi160.o
 .text.config_no_motion_int_settg
                0x100812e8       0x38 .\CortexM4\ARM_GCC_541\Debug\bmi160.o
 .text.set_accel_no_motion_int
                0x10081320       0x3c .\CortexM4\ARM_GCC_541\Debug\bmi160.o
 .text.enable_tap_int
                0x1008135c       0x6c .\CortexM4\ARM_GCC_541\Debug\bmi160.o
 .text.config_tap_data_src
                0x100813c8       0x48 .\CortexM4\ARM_GCC_541\Debug\bmi160.o
 .text.config_tap_param
                0x10081410       0x7c .\CortexM4\ARM_GCC_541\Debug\bmi160.o
 .text.config_tap_int_settg
                0x1008148c       0x3c .\CortexM4\ARM_GCC_541\Debug\bmi160.o
 .text.set_accel_tap_int
                0x100814c8       0x48 .\CortexM4\ARM_GCC_541\Debug\bmi160.o
 .text.enable_step_detect_int
                0x10081510       0x48 .\CortexM4\ARM_GCC_541\Debug\bmi160.o
 .text.config_step_detect
                0x10081558       0x98 .\CortexM4\ARM_GCC_541\Debug\bmi160.o
 .text.set_accel_step_detect_int
                0x100815f0       0x50 .\CortexM4\ARM_GCC_541\Debug\bmi160.o
 .text.enable_orient_int
                0x10081640       0x48 .\CortexM4\ARM_GCC_541\Debug\bmi160.o
 .text.config_orient_int_settg
                0x10081688       0x88 .\CortexM4\ARM_GCC_541\Debug\bmi160.o
 .text.set_accel_orientation_int
                0x10081710       0x50 .\CortexM4\ARM_GCC_541\Debug\bmi160.o
 .text.enable_flat_int
                0x10081760       0x48 .\CortexM4\ARM_GCC_541\Debug\bmi160.o
 .text.config_flat_int_settg
                0x100817a8       0x6c .\CortexM4\ARM_GCC_541\Debug\bmi160.o
 .text.set_accel_flat_detect_int
                0x10081814       0x50 .\CortexM4\ARM_GCC_541\Debug\bmi160.o
 .text.enable_low_g_int
                0x10081864       0x48 .\CortexM4\ARM_GCC_541\Debug\bmi160.o
 .text.config_low_g_data_src
                0x100818ac       0x48 .\CortexM4\ARM_GCC_541\Debug\bmi160.o
 .text.config_low_g_int_settg
                0x100818f4       0x68 .\CortexM4\ARM_GCC_541\Debug\bmi160.o
 .text.set_accel_low_g_int
                0x1008195c       0x5c .\CortexM4\ARM_GCC_541\Debug\bmi160.o
 .text.enable_high_g_int
                0x100819b8       0x60 .\CortexM4\ARM_GCC_541\Debug\bmi160.o
 .text.config_high_g_data_src
                0x10081a18       0x48 .\CortexM4\ARM_GCC_541\Debug\bmi160.o
 .text.config_high_g_int_settg
                0x10081a60       0x5c .\CortexM4\ARM_GCC_541\Debug\bmi160.o
 .text.set_accel_high_g_int
                0x10081abc       0x5c .\CortexM4\ARM_GCC_541\Debug\bmi160.o
 .text.enable_data_ready_int
                0x10081b18       0x40 .\CortexM4\ARM_GCC_541\Debug\bmi160.o
 .text.map_hardware_interrupt
                0x10081b58       0x88 .\CortexM4\ARM_GCC_541\Debug\bmi160.o
 .text.set_accel_gyro_data_ready_int
                0x10081be0       0x40 .\CortexM4\ARM_GCC_541\Debug\bmi160.o
 .text.enable_fifo_full_int
                0x10081c20       0x48 .\CortexM4\ARM_GCC_541\Debug\bmi160.o
 .text.set_fifo_full_int
                0x10081c68       0x3c .\CortexM4\ARM_GCC_541\Debug\bmi160.o
 .text.enable_fifo_wtm_int
                0x10081ca4       0x48 .\CortexM4\ARM_GCC_541\Debug\bmi160.o
 .text.set_fifo_watermark_int
                0x10081cec       0x3c .\CortexM4\ARM_GCC_541\Debug\bmi160.o
 .text.bmi160_soft_reset
                0x10081d28       0x5c .\CortexM4\ARM_GCC_541\Debug\bmi160.o
                0x10081d28                bmi160_soft_reset
 .text.bmi160_init
                0x10081d84       0x5c .\CortexM4\ARM_GCC_541\Debug\bmi160.o
                0x10081d84                bmi160_init
 .text.bmi160_set_power_mode
                0x10081de0       0x30 .\CortexM4\ARM_GCC_541\Debug\bmi160.o
                0x10081de0                bmi160_set_power_mode
 .text.bmi160_set_sens_conf
                0x10081e10       0x44 .\CortexM4\ARM_GCC_541\Debug\bmi160.o
                0x10081e10                bmi160_set_sens_conf
 .text.bmi160_set_int_config
                0x10081e54       0x68 .\CortexM4\ARM_GCC_541\Debug\bmi160.o
                0x10081e54                bmi160_set_int_config
 .text.I2C_WriteBytes
                0x10081ebc       0x58 .\CortexM4\ARM_GCC_541\Debug\i2cm_support.o
                0x10081ebc                I2C_WriteBytes
 .text.I2C_ReadBytes
                0x10081f14       0x7c .\CortexM4\ARM_GCC_541\Debug\i2cm_support.o
                0x10081f14                I2C_ReadBytes
 .text.I2C_Callback
                0x10081f90       0x4c .\CortexM4\ARM_GCC_541\Debug\i2cm_support.o
                0x10081f90                I2C_Callback
 .text.updateMenu
                0x10081fdc      0x198 .\CortexM4\ARM_GCC_541\Debug\LED_task.o
                0x10081fdc                updateMenu
 .text.updateLED
                0x10082174       0x9c .\CortexM4\ARM_GCC_541\Debug\LED_task.o
                0x10082174                updateLED
 .text.updateHR
                0x10082210       0xdc .\CortexM4\ARM_GCC_541\Debug\LED_task.o
                0x10082210                updateHR
 .text.updateSignal
                0x100822ec      0x1e8 .\CortexM4\ARM_GCC_541\Debug\LED_task.o
                0x100822ec                updateSignal
 .text.vINTERFACE_task
                0x100824d4      0x254 .\CortexM4\ARM_GCC_541\Debug\LED_task.o
                0x100824d4                vINTERFACE_task
 .text.read_register_MAX
                0x10082728       0x60 .\CortexM4\ARM_GCC_541\Debug\MAX30102_functions.o
                0x10082728                read_register_MAX
 .text.received_data
                0x10082788       0x10 .\CortexM4\ARM_GCC_541\Debug\MAX30102_functions.o
                0x10082788                received_data
 .text.write_register_MAX
                0x10082798       0x4c .\CortexM4\ARM_GCC_541\Debug\MAX30102_functions.o
                0x10082798                write_register_MAX
 .text.MAX_Init
                0x100827e4       0xa8 .\CortexM4\ARM_GCC_541\Debug\MAX30102_functions.o
                0x100827e4                MAX_Init
 .text.readMultipleBytes_MAX
                0x1008288c       0x80 .\CortexM4\ARM_GCC_541\Debug\MAX30102_functions.o
                0x1008288c                readMultipleBytes_MAX
 .text.PPG_RDY_handler
                0x1008290c      0x11c .\CortexM4\ARM_GCC_541\Debug\MAX30102_functions.o
                0x1008290c                PPG_RDY_handler
 .text.read_MAX30102_task
                0x10082a28       0x54 .\CortexM4\ARM_GCC_541\Debug\MAX30102_functions.o
                0x10082a28                read_MAX30102_task
 .text.Orientation_Interrupt
                0x10082a7c       0x4c .\CortexM4\ARM_GCC_541\Debug\motion_task.o
 .text.MotionSensor_Init
                0x10082ac8       0x6c .\CortexM4\ARM_GCC_541\Debug\motion_task.o
 .text.MotionSensor_ConfigOrientIntr
                0x10082b34       0xb0 .\CortexM4\ARM_GCC_541\Debug\motion_task.o
 .text.Task_Motion
                0x10082be4       0x30 .\CortexM4\ARM_GCC_541\Debug\motion_task.o
                0x10082be4                Task_Motion
 .text.UpdateDisplay
                0x10082c14       0x2c .\CortexM4\ARM_GCC_541\Debug\screen_functions.o
                0x10082c14                UpdateDisplay
 .text.vtouch_task
                0x10082c40       0x54 .\CortexM4\ARM_GCC_541\Debug\touch_task.o
                0x10082c40                vtouch_task
 .text.filtre_6
                0x10082c94       0x58 .\CortexM4\ARM_GCC_541\Debug\Traitement_Signal.o
                0x10082c94                filtre_6
 .text.AC       0x10082cec       0x74 .\CortexM4\ARM_GCC_541\Debug\Traitement_Signal.o
                0x10082cec                AC
 .text.DC_sum   0x10082d60       0x54 .\CortexM4\ARM_GCC_541\Debug\Traitement_Signal.o
                0x10082d60                DC_sum
 .text.traitement_task
                0x10082db4      0x2a8 .\CortexM4\ARM_GCC_541\Debug\Traitement_Signal.o
                0x10082db4                traitement_task
 .text.Pv_EINK_SendData
                0x1008305c       0x38 .\CortexM4\ARM_GCC_541\Debug\pervasive_eink_hardware_driver.o
                0x1008305c                Pv_EINK_SendData
 .text.Pv_EINK_SendByte
                0x10083094       0x18 .\CortexM4\ARM_GCC_541\Debug\pervasive_eink_hardware_driver.o
                0x10083094                Pv_EINK_SendByte
 .text.Pv_EINK_ReadByte
                0x100830ac       0x30 .\CortexM4\ARM_GCC_541\Debug\pervasive_eink_hardware_driver.o
                0x100830ac                Pv_EINK_ReadByte
 .text.Pv_EINK_Init
                0x100830dc       0x34 .\CortexM4\ARM_GCC_541\Debug\pervasive_eink_hardware_driver.o
                0x100830dc                Pv_EINK_Init
 .text.Pv_EINK_InitDriver
                0x10083110      0x118 .\CortexM4\ARM_GCC_541\Debug\pervasive_eink_hardware_driver.o
                0x10083110                Pv_EINK_InitDriver
 .text.Pv_EINK_SetTempFactor
                0x10083228       0x58 .\CortexM4\ARM_GCC_541\Debug\pervasive_eink_hardware_driver.o
                0x10083228                Pv_EINK_SetTempFactor
 .text.Pv_EINK_FullStageHandler
                0x10083280      0x424 .\CortexM4\ARM_GCC_541\Debug\pervasive_eink_hardware_driver.o
                0x10083280                Pv_EINK_FullStageHandler
 .text.Pv_EINK_PartialStageHandler
                0x100836a4      0x228 .\CortexM4\ARM_GCC_541\Debug\pervasive_eink_hardware_driver.o
                0x100836a4                Pv_EINK_PartialStageHandler
 .text.Pv_EINK_NothingFrame
                0x100838cc       0x5c .\CortexM4\ARM_GCC_541\Debug\pervasive_eink_hardware_driver.o
                0x100838cc                Pv_EINK_NothingFrame
 .text.Pv_EINK_DummyLine
                0x10083928       0x34 .\CortexM4\ARM_GCC_541\Debug\pervasive_eink_hardware_driver.o
                0x10083928                Pv_EINK_DummyLine
 .text.Pv_EINK_HardwarePowerOn
                0x1008395c       0x44 .\CortexM4\ARM_GCC_541\Debug\pervasive_eink_hardware_driver.o
                0x1008395c                Pv_EINK_HardwarePowerOn
 .text.Pv_EINK_HardwarePowerOff
                0x100839a0       0xa8 .\CortexM4\ARM_GCC_541\Debug\pervasive_eink_hardware_driver.o
                0x100839a0                Pv_EINK_HardwarePowerOff
 .text.Cy_EINK_Start
                0x10083a48       0x10 .\CortexM4\ARM_GCC_541\Debug\cy_eink_library.o
                0x10083a48                Cy_EINK_Start
 .text.Cy_EINK_Power
                0x10083a58       0x18 .\CortexM4\ARM_GCC_541\Debug\cy_eink_library.o
                0x10083a58                Cy_EINK_Power
 .text.Cy_EINK_ShowFrame
                0x10083a70       0x54 .\CortexM4\ARM_GCC_541\Debug\cy_eink_library.o
                0x10083a70                Cy_EINK_ShowFrame
 .text.Cy_EINK_TimerInit
                0x10083ac4       0x14 .\CortexM4\ARM_GCC_541\Debug\cy_eink_psoc_interface.o
                0x10083ac4                Cy_EINK_TimerInit
 .text.Cy_EINK_GetTimeTick
                0x10083ad8        0xc .\CortexM4\ARM_GCC_541\Debug\cy_eink_psoc_interface.o
                0x10083ad8                Cy_EINK_GetTimeTick
 .text.Cy_EINK_TimerStop
                0x10083ae4        0xc .\CortexM4\ARM_GCC_541\Debug\cy_eink_psoc_interface.o
                0x10083ae4                Cy_EINK_TimerStop
 .text.Cy_EINK_InitSPI
                0x10083af0       0x30 .\CortexM4\ARM_GCC_541\Debug\cy_eink_psoc_interface.o
                0x10083af0                Cy_EINK_InitSPI
 .text.Cy_EINK_AttachSPI
                0x10083b20       0x1c .\CortexM4\ARM_GCC_541\Debug\cy_eink_psoc_interface.o
                0x10083b20                Cy_EINK_AttachSPI
 .text.Cy_EINK_DetachSPI
                0x10083b3c       0x14 .\CortexM4\ARM_GCC_541\Debug\cy_eink_psoc_interface.o
                0x10083b3c                Cy_EINK_DetachSPI
 .text.Cy_EINK_WriteSPI
                0x10083b50       0x60 .\CortexM4\ARM_GCC_541\Debug\cy_eink_psoc_interface.o
                0x10083b50                Cy_EINK_WriteSPI
 .text.Cy_EINK_ReadSPI
                0x10083bb0       0x68 .\CortexM4\ARM_GCC_541\Debug\cy_eink_psoc_interface.o
                0x10083bb0                Cy_EINK_ReadSPI
 .text.Cy_EINK_WriteSPIBuffer
                0x10083c18       0x84 .\CortexM4\ARM_GCC_541\Debug\cy_eink_psoc_interface.o
                0x10083c18                Cy_EINK_WriteSPIBuffer
 .text.Cy_EINK_IsBusy
                0x10083c9c       0x18 .\CortexM4\ARM_GCC_541\Debug\cy_eink_psoc_interface.o
                0x10083c9c                Cy_EINK_IsBusy
 .text.LCD_X_Config
                0x10083cb4       0x70 .\CortexM4\ARM_GCC_541\Debug\LCDConf.o
                0x10083cb4                LCD_X_Config
 .text.LCD_X_DisplayDriver
                0x10083d24       0x10 .\CortexM4\ARM_GCC_541\Debug\LCDConf.o
                0x10083d24                LCD_X_DisplayDriver
 .text.LCD_GetDisplayBuffer
                0x10083d34        0x8 .\CortexM4\ARM_GCC_541\Debug\LCDConf.o
                0x10083d34                LCD_GetDisplayBuffer
 .text.GUI_X_InitOS
                0x10083d3c       0x14 .\CortexM4\ARM_GCC_541\Debug\GUI_X_RTOS.o
                0x10083d3c                GUI_X_InitOS
 .text.GUI_X_Unlock
                0x10083d50       0x18 .\CortexM4\ARM_GCC_541\Debug\GUI_X_RTOS.o
                0x10083d50                GUI_X_Unlock
 .text.GUI_X_Lock
                0x10083d68       0x14 .\CortexM4\ARM_GCC_541\Debug\GUI_X_RTOS.o
                0x10083d68                GUI_X_Lock
 .text.GUI_X_GetTaskId
                0x10083d7c        0x8 .\CortexM4\ARM_GCC_541\Debug\GUI_X_RTOS.o
                0x10083d7c                GUI_X_GetTaskId
 .text.GUI_X_Init
                0x10083d84        0x4 .\CortexM4\ARM_GCC_541\Debug\GUI_X_RTOS.o
                0x10083d84                GUI_X_Init
 .text.GUI_X_Config
                0x10083d88       0x1c .\CortexM4\ARM_GCC_541\Debug\GUIConf.o
                0x10083d88                GUI_X_Config
 .text.CY_EINK_Timer_Start
                0x10083da4       0x30 .\CortexM4\ARM_GCC_541\Debug\CY_EINK_Timer.o
                0x10083da4                CY_EINK_Timer_Start
 .text.Cy_Flash_ProcessOpcode
                0x10083dd4       0xac .\CortexM4\ARM_GCC_541\Debug\cy_flash.o
 .text.Cy_Flash_OperationStatus
                0x10083e80       0x5c .\CortexM4\ARM_GCC_541\Debug\cy_flash.o
 .text.Cy_Flash_InitExt
                0x10083edc       0x80 .\CortexM4\ARM_GCC_541\Debug\cy_flash.o
                0x10083edc                Cy_Flash_InitExt
 .text.Cy_Flash_Init
                0x10083f5c       0x10 .\CortexM4\ARM_GCC_541\Debug\cy_flash.o
                0x10083f5c                Cy_Flash_Init
 .text.Cy_GPIO_Pin_FastInit
                0x10083f6c       0xf8 .\CortexM4\ARM_GCC_541\Debug\cy_gpio.o
                0x10083f6c                Cy_GPIO_Pin_FastInit
 .text.Cy_IPC_Drv_LockRelease
                0x10084064       0x3c .\CortexM4\ARM_GCC_541\Debug\cy_ipc_drv.o
                0x10084064                Cy_IPC_Drv_LockRelease
 .text.Cy_IPC_Drv_SendMsgWord
                0x100840a0       0x3c .\CortexM4\ARM_GCC_541\Debug\cy_ipc_drv.o
                0x100840a0                Cy_IPC_Drv_SendMsgWord
 .text.Cy_IPC_Drv_ReadMsgWord
                0x100840dc       0x38 .\CortexM4\ARM_GCC_541\Debug\cy_ipc_drv.o
                0x100840dc                Cy_IPC_Drv_ReadMsgWord
 .text.Cy_IPC_Sema_InitExt
                0x10084114       0xac .\CortexM4\ARM_GCC_541\Debug\cy_ipc_sema.o
                0x10084114                Cy_IPC_Sema_InitExt
 .text.Cy_IPC_Sema_Init
                0x100841c0       0x64 .\CortexM4\ARM_GCC_541\Debug\cy_ipc_sema.o
                0x100841c0                Cy_IPC_Sema_Init
 .text.Cy_IPC_Sema_Clear
                0x10084224       0x88 .\CortexM4\ARM_GCC_541\Debug\cy_ipc_sema.o
                0x10084224                Cy_IPC_Sema_Clear
 .text.Cy_IPC_Sema_Status
                0x100842ac       0x40 .\CortexM4\ARM_GCC_541\Debug\cy_ipc_sema.o
                0x100842ac                Cy_IPC_Sema_Status
 .text.Cy_IPC_Pipe_Config
                0x100842ec       0x10 .\CortexM4\ARM_GCC_541\Debug\cy_ipc_pipe.o
                0x100842ec                Cy_IPC_Pipe_Config
 .text.Cy_IPC_Pipe_EndpointInit
                0x100842fc       0xd0 .\CortexM4\ARM_GCC_541\Debug\cy_ipc_pipe.o
                0x100842fc                Cy_IPC_Pipe_EndpointInit
 .text.Cy_IPC_Pipe_Init
                0x100843cc       0xb4 .\CortexM4\ARM_GCC_541\Debug\cy_ipc_pipe.o
                0x100843cc                Cy_IPC_Pipe_Init
 .text.Cy_IPC_Pipe_SendMessage
                0x10084480       0xa4 .\CortexM4\ARM_GCC_541\Debug\cy_ipc_pipe.o
                0x10084480                Cy_IPC_Pipe_SendMessage
 .text.Cy_IPC_Pipe_RegisterCallback
                0x10084524       0x50 .\CortexM4\ARM_GCC_541\Debug\cy_ipc_pipe.o
                0x10084524                Cy_IPC_Pipe_RegisterCallback
 .text.Cy_IPC_Pipe_ExecCallback
                0x10084574       0xbc .\CortexM4\ARM_GCC_541\Debug\cy_ipc_pipe.o
                0x10084574                Cy_IPC_Pipe_ExecCallback
 .text.Cy_IPC_Pipe_ExecuteCallback
                0x10084630       0x2c .\CortexM4\ARM_GCC_541\Debug\cy_ipc_pipe.o
                0x10084630                Cy_IPC_Pipe_ExecuteCallback
 .text.Cy_SCB_ReadArrayNoCheck
                0x1008465c       0x38 .\CortexM4\ARM_GCC_541\Debug\cy_scb_common.o
                0x1008465c                Cy_SCB_ReadArrayNoCheck
 .text.Cy_SCB_ReadArray
                0x10084694       0x1c .\CortexM4\ARM_GCC_541\Debug\cy_scb_common.o
                0x10084694                Cy_SCB_ReadArray
 .text.Cy_SCB_Write
                0x100846b0       0x28 .\CortexM4\ARM_GCC_541\Debug\cy_scb_common.o
                0x100846b0                Cy_SCB_Write
 .text.Cy_SCB_WriteArrayNoCheck
                0x100846d8       0x38 .\CortexM4\ARM_GCC_541\Debug\cy_scb_common.o
                0x100846d8                Cy_SCB_WriteArrayNoCheck
 .text.Cy_SCB_WriteArray
                0x10084710       0x2c .\CortexM4\ARM_GCC_541\Debug\cy_scb_common.o
                0x10084710                Cy_SCB_WriteArray
 .text.Cy_SCB_WriteArrayBlocking
                0x1008473c       0x30 .\CortexM4\ARM_GCC_541\Debug\cy_scb_common.o
                0x1008473c                Cy_SCB_WriteArrayBlocking
 .text.Cy_SCB_WriteString
                0x1008476c       0x30 .\CortexM4\ARM_GCC_541\Debug\cy_scb_common.o
                0x1008476c                Cy_SCB_WriteString
 .text.Cy_SCB_WriteDefaultArrayNoCheck
                0x1008479c       0x10 .\CortexM4\ARM_GCC_541\Debug\cy_scb_common.o
                0x1008479c                Cy_SCB_WriteDefaultArrayNoCheck
 .text.Cy_SCB_WriteDefaultArray
                0x100847ac       0x2c .\CortexM4\ARM_GCC_541\Debug\cy_scb_common.o
                0x100847ac                Cy_SCB_WriteDefaultArray
 .text.SlaveHandleStop
                0x100847d8       0xec .\CortexM4\ARM_GCC_541\Debug\cy_scb_i2c.o
 .text.MasterHandleEvents
                0x100848c4       0x74 .\CortexM4\ARM_GCC_541\Debug\cy_scb_i2c.o
 .text.MasterHandleStop
                0x10084938       0x2c .\CortexM4\ARM_GCC_541\Debug\cy_scb_i2c.o
 .text.MasterHandleComplete
                0x10084964       0xf4 .\CortexM4\ARM_GCC_541\Debug\cy_scb_i2c.o
 .text.HandleStatus
                0x10084a58       0xf0 .\CortexM4\ARM_GCC_541\Debug\cy_scb_i2c.o
 .text.WaitOneUnit
                0x10084b48       0x24 .\CortexM4\ARM_GCC_541\Debug\cy_scb_i2c.o
 .text.SlaveHandleDataTransmit
                0x10084b6c       0xe8 .\CortexM4\ARM_GCC_541\Debug\cy_scb_i2c.o
 .text.MasterHandleDataTransmit
                0x10084c54       0xb8 .\CortexM4\ARM_GCC_541\Debug\cy_scb_i2c.o
 .text.SlaveHandleAddress
                0x10084d0c      0x158 .\CortexM4\ARM_GCC_541\Debug\cy_scb_i2c.o
 .text.MasterHandleDataReceive
                0x10084e64       0xf0 .\CortexM4\ARM_GCC_541\Debug\cy_scb_i2c.o
 .text.SlaveHandleDataReceive
                0x10084f54       0xbc .\CortexM4\ARM_GCC_541\Debug\cy_scb_i2c.o
 .text.Cy_SCB_I2C_Init
                0x10085010      0x18c .\CortexM4\ARM_GCC_541\Debug\cy_scb_i2c.o
                0x10085010                Cy_SCB_I2C_Init
 .text.Cy_SCB_I2C_GetDataRate
                0x1008519c       0x90 .\CortexM4\ARM_GCC_541\Debug\cy_scb_i2c.o
                0x1008519c                Cy_SCB_I2C_GetDataRate
 .text.Cy_SCB_I2C_SetDataRate
                0x1008522c      0x1d0 .\CortexM4\ARM_GCC_541\Debug\cy_scb_i2c.o
                0x1008522c                Cy_SCB_I2C_SetDataRate
 .text.Cy_SCB_I2C_MasterRead
                0x100853fc      0x170 .\CortexM4\ARM_GCC_541\Debug\cy_scb_i2c.o
                0x100853fc                Cy_SCB_I2C_MasterRead
 .text.Cy_SCB_I2C_MasterWrite
                0x1008556c      0x148 .\CortexM4\ARM_GCC_541\Debug\cy_scb_i2c.o
                0x1008556c                Cy_SCB_I2C_MasterWrite
 .text.Cy_SCB_I2C_MasterSendStart
                0x100856b4       0xf0 .\CortexM4\ARM_GCC_541\Debug\cy_scb_i2c.o
                0x100856b4                Cy_SCB_I2C_MasterSendStart
 .text.Cy_SCB_I2C_MasterSendReStart
                0x100857a4       0xd4 .\CortexM4\ARM_GCC_541\Debug\cy_scb_i2c.o
                0x100857a4                Cy_SCB_I2C_MasterSendReStart
 .text.Cy_SCB_I2C_MasterSendStop
                0x10085878       0x64 .\CortexM4\ARM_GCC_541\Debug\cy_scb_i2c.o
                0x10085878                Cy_SCB_I2C_MasterSendStop
 .text.Cy_SCB_I2C_MasterReadByte
                0x100858dc       0xb4 .\CortexM4\ARM_GCC_541\Debug\cy_scb_i2c.o
                0x100858dc                Cy_SCB_I2C_MasterReadByte
 .text.Cy_SCB_I2C_MasterWriteByte
                0x10085990       0x68 .\CortexM4\ARM_GCC_541\Debug\cy_scb_i2c.o
                0x10085990                Cy_SCB_I2C_MasterWriteByte
 .text.Cy_SCB_I2C_SlaveInterrupt
                0x100859f8       0xe4 .\CortexM4\ARM_GCC_541\Debug\cy_scb_i2c.o
                0x100859f8                Cy_SCB_I2C_SlaveInterrupt
 .text.Cy_SCB_I2C_MasterInterrupt
                0x10085adc       0x8c .\CortexM4\ARM_GCC_541\Debug\cy_scb_i2c.o
                0x10085adc                Cy_SCB_I2C_MasterInterrupt
 .text.Cy_SCB_I2C_Interrupt
                0x10085b68       0x18 .\CortexM4\ARM_GCC_541\Debug\cy_scb_i2c.o
                0x10085b68                Cy_SCB_I2C_Interrupt
 .text.Cy_SCB_SPI_Init
                0x10085b80      0x268 .\CortexM4\ARM_GCC_541\Debug\cy_scb_spi.o
                0x10085b80                Cy_SCB_SPI_Init
 .text.Cy_SCB_SPI_Disable
                0x10085de8       0x24 .\CortexM4\ARM_GCC_541\Debug\cy_scb_spi.o
                0x10085de8                Cy_SCB_SPI_Disable
 .text.HandleDataTransmit
                0x10085e0c       0xdc .\CortexM4\ARM_GCC_541\Debug\cy_scb_uart.o
 .text.HandleDataReceive
                0x10085ee8       0xf8 .\CortexM4\ARM_GCC_541\Debug\cy_scb_uart.o
 .text.Cy_SCB_UART_Init
                0x10085fe0      0x364 .\CortexM4\ARM_GCC_541\Debug\cy_scb_uart.o
                0x10085fe0                Cy_SCB_UART_Init
 .text.Cy_SCB_UART_GetNumInRingBuffer
                0x10086344       0x18 .\CortexM4\ARM_GCC_541\Debug\cy_scb_uart.o
                0x10086344                Cy_SCB_UART_GetNumInRingBuffer
 .text.HandleRingBuffer
                0x1008635c       0xcc .\CortexM4\ARM_GCC_541\Debug\cy_scb_uart.o
 .text.Cy_SCB_UART_Interrupt
                0x10086428       0xe8 .\CortexM4\ARM_GCC_541\Debug\cy_scb_uart.o
                0x10086428                Cy_SCB_UART_Interrupt
 .text.Cy_SysInt_SetVector
                0x10086510       0x48 .\CortexM4\ARM_GCC_541\Debug\cy_sysint.o
                0x10086510                Cy_SysInt_SetVector
 .text.Cy_SysInt_Init
                0x10086558       0x74 .\CortexM4\ARM_GCC_541\Debug\cy_sysint.o
                0x10086558                Cy_SysInt_Init
 .text.Cy_SysLib_Delay
                0x100865cc       0x30 .\CortexM4\ARM_GCC_541\Debug\cy_syslib.o
                0x100865cc                Cy_SysLib_Delay
 .text.Cy_SysLib_DelayUs
                0x100865fc       0x14 .\CortexM4\ARM_GCC_541\Debug\cy_syslib.o
                0x100865fc                Cy_SysLib_DelayUs
 .text.Cy_SysLib_Halt
                0x10086610        0x4 .\CortexM4\ARM_GCC_541\Debug\cy_syslib.o
                0x10086610                Cy_SysLib_Halt
 .text.Cy_SysLib_AssertFailed
                0x10086614       0x1c .\CortexM4\ARM_GCC_541\Debug\cy_syslib.o
                0x10086614                Cy_SysLib_AssertFailed
 .text.Cy_SysLib_ProcessingFault
                0x10086630        0x4 .\CortexM4\ARM_GCC_541\Debug\cy_syslib.o
                0x10086630                Cy_SysLib_ProcessingFault
 .text.Cy_SysLib_FaultHandler
                0x10086634       0xa4 .\CortexM4\ARM_GCC_541\Debug\cy_syslib.o
                0x10086634                Cy_SysLib_FaultHandler
 .text          0x100866d8       0x20 .\CortexM4\ARM_GCC_541\Debug\cy_syslib_gcc.o
                0x100866d8                Cy_SysLib_DelayCycles
                0x100866ea                Cy_SysLib_EnterCriticalSection
                0x100866f2                Cy_SysLib_ExitCriticalSection
 .text.Cy_TCPWM_Counter_Init
                0x100866f8      0x110 .\CortexM4\ARM_GCC_541\Debug\cy_tcpwm_counter.o
                0x100866f8                Cy_TCPWM_Counter_Init
 .text.Cy_PDL_Init
                0x10086808        0xc .\CortexM4\ARM_GCC_541\Debug\cy_device.o
                0x10086808                Cy_PDL_Init
 .text.vListInitialise
                0x10086814       0x18 .\CortexM4\ARM_GCC_541\Debug\list.o
                0x10086814                vListInitialise
 .text.vListInitialiseItem
                0x1008682c        0x8 .\CortexM4\ARM_GCC_541\Debug\list.o
                0x1008682c                vListInitialiseItem
 .text.vListInsertEnd
                0x10086834       0x18 .\CortexM4\ARM_GCC_541\Debug\list.o
                0x10086834                vListInsertEnd
 .text.vListInsert
                0x1008684c       0x34 .\CortexM4\ARM_GCC_541\Debug\list.o
                0x1008684c                vListInsert
 .text.uxListRemove
                0x10086880       0x28 .\CortexM4\ARM_GCC_541\Debug\list.o
                0x10086880                uxListRemove
 .text.prvGetDisinheritPriorityAfterTimeout
                0x100868a8       0x14 .\CortexM4\ARM_GCC_541\Debug\queue.o
 .text.prvIsQueueFull
                0x100868bc       0x20 .\CortexM4\ARM_GCC_541\Debug\queue.o
 .text.prvIsQueueEmpty
                0x100868dc       0x1c .\CortexM4\ARM_GCC_541\Debug\queue.o
 .text.prvCopyDataToQueue
                0x100868f8       0x78 .\CortexM4\ARM_GCC_541\Debug\queue.o
 .text.prvCopyDataFromQueue
                0x10086970       0x24 .\CortexM4\ARM_GCC_541\Debug\queue.o
 .text.prvUnlockQueue
                0x10086994       0x68 .\CortexM4\ARM_GCC_541\Debug\queue.o
 .text.xQueueGenericReset
                0x100869fc       0x80 .\CortexM4\ARM_GCC_541\Debug\queue.o
                0x100869fc                xQueueGenericReset
 .text.prvInitialiseNewQueue
                0x10086a7c       0x1c .\CortexM4\ARM_GCC_541\Debug\queue.o
 .text.xQueueGenericCreate
                0x10086a98       0x4c .\CortexM4\ARM_GCC_541\Debug\queue.o
                0x10086a98                xQueueGenericCreate
 .text.xQueueGenericSend
                0x10086ae4      0x190 .\CortexM4\ARM_GCC_541\Debug\queue.o
                0x10086ae4                xQueueGenericSend
 .text.prvInitialiseMutex
                0x10086c74       0x18 .\CortexM4\ARM_GCC_541\Debug\queue.o
 .text.xQueueCreateMutex
                0x10086c8c       0x18 .\CortexM4\ARM_GCC_541\Debug\queue.o
                0x10086c8c                xQueueCreateMutex
 .text.xQueueGenericSendFromISR
                0x10086ca4       0xe4 .\CortexM4\ARM_GCC_541\Debug\queue.o
                0x10086ca4                xQueueGenericSendFromISR
 .text.xQueueGiveFromISR
                0x10086d88       0xbc .\CortexM4\ARM_GCC_541\Debug\queue.o
                0x10086d88                xQueueGiveFromISR
 .text.xQueueReceive
                0x10086e44      0x158 .\CortexM4\ARM_GCC_541\Debug\queue.o
                0x10086e44                xQueueReceive
 .text.xQueueSemaphoreTake
                0x10086f9c      0x190 .\CortexM4\ARM_GCC_541\Debug\queue.o
                0x10086f9c                xQueueSemaphoreTake
 .text.vQueueAddToRegistry
                0x1008712c       0x28 .\CortexM4\ARM_GCC_541\Debug\queue.o
                0x1008712c                vQueueAddToRegistry
 .text.vQueueWaitForMessageRestricted
                0x10087154       0x4c .\CortexM4\ARM_GCC_541\Debug\queue.o
                0x10087154                vQueueWaitForMessageRestricted
 .text.prvResetNextTaskUnblockTime
                0x100871a0       0x2c .\CortexM4\ARM_GCC_541\Debug\tasks.o
 .text.prvDeleteTCB
                0x100871cc       0x14 .\CortexM4\ARM_GCC_541\Debug\tasks.o
 .text.prvInitialiseNewTask
                0x100871e0       0xac .\CortexM4\ARM_GCC_541\Debug\tasks.o
 .text.prvInitialiseTaskLists
                0x1008728c       0x58 .\CortexM4\ARM_GCC_541\Debug\tasks.o
 .text.prvAddNewTaskToReadyList
                0x100872e4       0xac .\CortexM4\ARM_GCC_541\Debug\tasks.o
 .text.prvCheckTasksWaitingTermination
                0x10087390       0x44 .\CortexM4\ARM_GCC_541\Debug\tasks.o
 .text.prvIdleTask
                0x100873d4       0x28 .\CortexM4\ARM_GCC_541\Debug\tasks.o
 .text.prvAddCurrentTaskToDelayedList
                0x100873fc       0x68 .\CortexM4\ARM_GCC_541\Debug\tasks.o
 .text.xTaskCreate
                0x10087464       0x64 .\CortexM4\ARM_GCC_541\Debug\tasks.o
                0x10087464                xTaskCreate
 .text.vTaskStartScheduler
                0x100874c8       0x7c .\CortexM4\ARM_GCC_541\Debug\tasks.o
                0x100874c8                vTaskStartScheduler
 .text.vTaskSuspendAll
                0x10087544       0x14 .\CortexM4\ARM_GCC_541\Debug\tasks.o
                0x10087544                vTaskSuspendAll
 .text.xTaskGetTickCount
                0x10087558        0xc .\CortexM4\ARM_GCC_541\Debug\tasks.o
                0x10087558                xTaskGetTickCount
 .text.xTaskIncrementTick
                0x10087564       0xfc .\CortexM4\ARM_GCC_541\Debug\tasks.o
                0x10087564                xTaskIncrementTick
 .text.xTaskResumeAll
                0x10087660       0xf0 .\CortexM4\ARM_GCC_541\Debug\tasks.o
                0x10087660                xTaskResumeAll
 .text.vTaskDelay
                0x10087750       0x50 .\CortexM4\ARM_GCC_541\Debug\tasks.o
                0x10087750                vTaskDelay
 .text.vTaskSwitchContext
                0x100877a0       0xc8 .\CortexM4\ARM_GCC_541\Debug\tasks.o
                0x100877a0                vTaskSwitchContext
 .text.vTaskPlaceOnEventList
                0x10087868       0x34 .\CortexM4\ARM_GCC_541\Debug\tasks.o
                0x10087868                vTaskPlaceOnEventList
 .text.vTaskPlaceOnEventListRestricted
                0x1008789c       0x3c .\CortexM4\ARM_GCC_541\Debug\tasks.o
                0x1008789c                vTaskPlaceOnEventListRestricted
 .text.xTaskRemoveFromEventList
                0x100878d8       0x88 .\CortexM4\ARM_GCC_541\Debug\tasks.o
                0x100878d8                xTaskRemoveFromEventList
 .text.vTaskInternalSetTimeOutState
                0x10087960       0x14 .\CortexM4\ARM_GCC_541\Debug\tasks.o
                0x10087960                vTaskInternalSetTimeOutState
 .text.xTaskCheckForTimeOut
                0x10087974       0x80 .\CortexM4\ARM_GCC_541\Debug\tasks.o
                0x10087974                xTaskCheckForTimeOut
 .text.vTaskMissedYield
                0x100879f4       0x10 .\CortexM4\ARM_GCC_541\Debug\tasks.o
                0x100879f4                vTaskMissedYield
 .text.xTaskGetCurrentTaskHandle
                0x10087a04        0xc .\CortexM4\ARM_GCC_541\Debug\tasks.o
                0x10087a04                xTaskGetCurrentTaskHandle
 .text.xTaskGetSchedulerState
                0x10087a10       0x20 .\CortexM4\ARM_GCC_541\Debug\tasks.o
                0x10087a10                xTaskGetSchedulerState
 .text.xTaskPriorityInherit
                0x10087a30       0xa8 .\CortexM4\ARM_GCC_541\Debug\tasks.o
                0x10087a30                xTaskPriorityInherit
 .text.xTaskPriorityDisinherit
                0x10087ad8       0x94 .\CortexM4\ARM_GCC_541\Debug\tasks.o
                0x10087ad8                xTaskPriorityDisinherit
 .text.vTaskPriorityDisinheritAfterTimeout
                0x10087b6c       0xac .\CortexM4\ARM_GCC_541\Debug\tasks.o
                0x10087b6c                vTaskPriorityDisinheritAfterTimeout
 .text.pvTaskIncrementMutexHeldCount
                0x10087c18       0x20 .\CortexM4\ARM_GCC_541\Debug\tasks.o
                0x10087c18                pvTaskIncrementMutexHeldCount
 .text.prvGetNextExpireTime
                0x10087c38       0x20 .\CortexM4\ARM_GCC_541\Debug\timers.o
 .text.prvInsertTimerInActiveList
                0x10087c58       0x44 .\CortexM4\ARM_GCC_541\Debug\timers.o
 .text.prvCheckForValidListAndQueue
                0x10087c9c       0x48 .\CortexM4\ARM_GCC_541\Debug\timers.o
 .text.xTimerCreateTimerTask
                0x10087ce4       0x50 .\CortexM4\ARM_GCC_541\Debug\timers.o
                0x10087ce4                xTimerCreateTimerTask
 .text.xTimerGenericCommand
                0x10087d34       0x6c .\CortexM4\ARM_GCC_541\Debug\timers.o
                0x10087d34                xTimerGenericCommand
 .text.prvSwitchTimerLists
                0x10087da0       0x74 .\CortexM4\ARM_GCC_541\Debug\timers.o
 .text.prvSampleTimeNow
                0x10087e14       0x2c .\CortexM4\ARM_GCC_541\Debug\timers.o
 .text.prvProcessExpiredTimer
                0x10087e40       0x5c .\CortexM4\ARM_GCC_541\Debug\timers.o
 .text.prvProcessTimerOrBlockTask
                0x10087e9c       0x70 .\CortexM4\ARM_GCC_541\Debug\timers.o
 .text.prvProcessReceivedCommands
                0x10087f0c       0xbc .\CortexM4\ARM_GCC_541\Debug\timers.o
 .text.prvTimerTask
                0x10087fc8       0x18 .\CortexM4\ARM_GCC_541\Debug\timers.o
 .text.prvTaskExitError
                0x10087fe0       0x40 .\CortexM4\ARM_GCC_541\Debug\port.o
 .text.prvPortStartFirstTask
                0x10088020       0x28 .\CortexM4\ARM_GCC_541\Debug\port.o
 .text.vPortEnableVFP
                0x10088048       0x14 .\CortexM4\ARM_GCC_541\Debug\port.o
 .text.pxPortInitialiseStack
                0x1008805c       0x2c .\CortexM4\ARM_GCC_541\Debug\port.o
                0x1008805c                pxPortInitialiseStack
 *fill*         0x10088088        0x8 
 .text.SVC_Handler
                0x10088090       0x24 .\CortexM4\ARM_GCC_541\Debug\port.o
                0x10088090                SVC_Handler
 .text.vPortEnterCritical
                0x100880b4       0x44 .\CortexM4\ARM_GCC_541\Debug\port.o
                0x100880b4                vPortEnterCritical
 .text.vPortExitCritical
                0x100880f8       0x2c .\CortexM4\ARM_GCC_541\Debug\port.o
                0x100880f8                vPortExitCritical
 *fill*         0x10088124        0xc 
 .text.PendSV_Handler
                0x10088130       0x64 .\CortexM4\ARM_GCC_541\Debug\port.o
                0x10088130                PendSV_Handler
 .text.SysTick_Handler
                0x10088194       0x2c .\CortexM4\ARM_GCC_541\Debug\port.o
                0x10088194                SysTick_Handler
 .text.vPortSetupTimerInterrupt
                0x100881c0       0x38 .\CortexM4\ARM_GCC_541\Debug\port.o
                0x100881c0                vPortSetupTimerInterrupt
 .text.xPortStartScheduler
                0x100881f8       0xc4 .\CortexM4\ARM_GCC_541\Debug\port.o
                0x100881f8                xPortStartScheduler
 .text.vPortValidateInterruptPriority
                0x100882bc       0x58 .\CortexM4\ARM_GCC_541\Debug\port.o
                0x100882bc                vPortValidateInterruptPriority
 .text.vApplicationStackOverflowHook
                0x10088314       0x24 .\CortexM4\ARM_GCC_541\Debug\port.o
                0x10088314                vApplicationStackOverflowHook
 .text.pvPortMalloc
                0x10088338       0x60 .\CortexM4\ARM_GCC_541\Debug\heap_1.o
                0x10088338                pvPortMalloc
 .text.vPortFree
                0x10088398       0x18 .\CortexM4\ARM_GCC_541\Debug\heap_1.o
                0x10088398                vPortFree
 .text.I2C_MAX_Interrupt
                0x100883b0       0x14 .\CortexM4\ARM_GCC_541\Debug\I2C_MAX.o
 .text.I2C_MAX_Start
                0x100883c4       0x78 .\CortexM4\ARM_GCC_541\Debug\I2C_MAX.o
                0x100883c4                I2C_MAX_Start
 .text.I2Cm_Interrupt
                0x1008843c       0x14 .\CortexM4\ARM_GCC_541\Debug\I2Cm.o
 .text.I2Cm_Start
                0x10088450       0x78 .\CortexM4\ARM_GCC_541\Debug\I2Cm.o
                0x10088450                I2Cm_Start
 .text.CapSense_Initialize
                0x100884c8       0x24 .\CortexM4\ARM_GCC_541\Debug\CapSense_Control.o
                0x100884c8                CapSense_Initialize
 .text.CapSense_Start
                0x100884ec       0x3c .\CortexM4\ARM_GCC_541\Debug\CapSense_Control.o
                0x100884ec                CapSense_Start
 .text.CapSense_ProcessAllWidgets
                0x10088528       0x74 .\CortexM4\ARM_GCC_541\Debug\CapSense_Control.o
                0x10088528                CapSense_ProcessAllWidgets
 .text.CapSense_DpInitialize
                0x1008859c       0x84 .\CortexM4\ARM_GCC_541\Debug\CapSense_Processing.o
                0x1008859c                CapSense_DpInitialize
 .text.CapSense_DpUpdateThresholds
                0x10088620       0x34 .\CortexM4\ARM_GCC_541\Debug\CapSense_Processing.o
                0x10088620                CapSense_DpUpdateThresholds
 .text.CapSense_DpUpdateDifferences
                0x10088654       0x18 .\CortexM4\ARM_GCC_541\Debug\CapSense_Processing.o
                0x10088654                CapSense_DpUpdateDifferences
 .text.CapSense_DpProcessCsxWidgetRawCounts
                0x1008866c       0x38 .\CortexM4\ARM_GCC_541\Debug\CapSense_Processing.o
                0x1008866c                CapSense_DpProcessCsxWidgetRawCounts
 .text.CapSense_DpProcessCsdWidgetRawCounts
                0x100886a4       0x54 .\CortexM4\ARM_GCC_541\Debug\CapSense_Processing.o
                0x100886a4                CapSense_DpProcessCsdWidgetRawCounts
 .text.CapSense_DpProcessButton
                0x100886f8       0x64 .\CortexM4\ARM_GCC_541\Debug\CapSense_Processing.o
                0x100886f8                CapSense_DpProcessButton
 .text.CapSense_DpProcessCsxWidgetStatus
                0x1008875c       0x64 .\CortexM4\ARM_GCC_541\Debug\CapSense_Processing.o
                0x1008875c                CapSense_DpProcessCsxWidgetStatus
 .text.CapSense_DpProcessSlider
                0x100887c0       0xcc .\CortexM4\ARM_GCC_541\Debug\CapSense_Processing.o
                0x100887c0                CapSense_DpProcessSlider
 .text.CapSense_DpProcessCsdWidgetStatus
                0x1008888c       0x74 .\CortexM4\ARM_GCC_541\Debug\CapSense_Processing.o
                0x1008888c                CapSense_DpProcessCsdWidgetStatus
 .text.CapSense_DsInitialize
                0x10088900       0x94 .\CortexM4\ARM_GCC_541\Debug\CapSense_Structure.o
                0x10088900                CapSense_DsInitialize
 .text.CapSense_IsWidgetActive
                0x10088994       0x28 .\CortexM4\ARM_GCC_541\Debug\CapSense_Structure.o
                0x10088994                CapSense_IsWidgetActive
 .text.CapSense_TuInitialize
                0x100889bc       0x14 .\CortexM4\ARM_GCC_541\Debug\CapSense_Tuner.o
                0x100889bc                CapSense_TuInitialize
 .text.CapSense_FtInitializeBaselineChannel
                0x100889d0       0x20 .\CortexM4\ARM_GCC_541\Debug\CapSense_Filter.o
                0x100889d0                CapSense_FtInitializeBaselineChannel
 .text.CapSense_FtInitializeBaseline
                0x100889f0       0x20 .\CortexM4\ARM_GCC_541\Debug\CapSense_Filter.o
                0x100889f0                CapSense_FtInitializeBaseline
 .text.CapSense_InitializeSensorBaseline
                0x10088a10       0x20 .\CortexM4\ARM_GCC_541\Debug\CapSense_Filter.o
                0x10088a10                CapSense_InitializeSensorBaseline
 .text.CapSense_InitializeWidgetBaseline
                0x10088a30       0x28 .\CortexM4\ARM_GCC_541\Debug\CapSense_Filter.o
                0x10088a30                CapSense_InitializeWidgetBaseline
 .text.CapSense_InitializeAllBaselines
                0x10088a58       0x18 .\CortexM4\ARM_GCC_541\Debug\CapSense_Filter.o
                0x10088a58                CapSense_InitializeAllBaselines
 .text.CapSense_InitializeWidgetFilter
                0x10088a70       0x48 .\CortexM4\ARM_GCC_541\Debug\CapSense_Filter.o
                0x10088a70                CapSense_InitializeWidgetFilter
 .text.CapSense_InitializeAllFilters
                0x10088ab8       0x18 .\CortexM4\ARM_GCC_541\Debug\CapSense_Filter.o
                0x10088ab8                CapSense_InitializeAllFilters
 .text.CapSense_FtInitialize
                0x10088ad0        0x8 .\CortexM4\ARM_GCC_541\Debug\CapSense_Filter.o
                0x10088ad0                CapSense_FtInitialize
 .text.CapSense_FtIIR1stOrder
                0x10088ad8       0x14 .\CortexM4\ARM_GCC_541\Debug\CapSense_Filter.o
                0x10088ad8                CapSense_FtIIR1stOrder
 .text.CapSense_FtUpdateBaseline
                0x10088aec       0xa0 .\CortexM4\ARM_GCC_541\Debug\CapSense_Filter.o
                0x10088aec                CapSense_FtUpdateBaseline
 .text.CapSense_UpdateSensorBaseline
                0x10088b8c       0x24 .\CortexM4\ARM_GCC_541\Debug\CapSense_Filter.o
                0x10088b8c                CapSense_UpdateSensorBaseline
 .text.CapSense_UpdateWidgetBaseline
                0x10088bb0       0x2c .\CortexM4\ARM_GCC_541\Debug\CapSense_Filter.o
                0x10088bb0                CapSense_UpdateWidgetBaseline
 .text.CapSense_UpdateAllBaselines
                0x10088bdc       0x1c .\CortexM4\ARM_GCC_541\Debug\CapSense_Filter.o
                0x10088bdc                CapSense_UpdateAllBaselines
 .text.CapSense_SsCalcLfsrSize
                0x10088bf8       0xb0 .\CortexM4\ARM_GCC_541\Debug\CapSense_Sensing.o
 .text.CapSense_SsCalcLfsrScale
                0x10088ca8       0x38 .\CortexM4\ARM_GCC_541\Debug\CapSense_Sensing.o
 .text.CapSense_SsDisableCSXMode
                0x10088ce0        0x8 .\CortexM4\ARM_GCC_541\Debug\CapSense_Sensing.o
 .text.CapSense_SsCSDDisableMode
                0x10088ce8       0x38 .\CortexM4\ARM_GCC_541\Debug\CapSense_Sensing.o
 .text.CapSense_IsBusy
                0x10088d20       0x10 .\CortexM4\ARM_GCC_541\Debug\CapSense_Sensing.o
                0x10088d20                CapSense_IsBusy
 .text.CapSense_SetBusyFlags
                0x10088d30       0x18 .\CortexM4\ARM_GCC_541\Debug\CapSense_Sensing.o
                0x10088d30                CapSense_SetBusyFlags
 .text.CapSense_ClrBusyFlags
                0x10088d48       0x18 .\CortexM4\ARM_GCC_541\Debug\CapSense_Sensing.o
                0x10088d48                CapSense_ClrBusyFlags
 .text.CapSense_SetupWidget
                0x10088d60       0x64 .\CortexM4\ARM_GCC_541\Debug\CapSense_Sensing.o
                0x10088d60                CapSense_SetupWidget
 .text.CapSense_Scan
                0x10088dc4       0x3c .\CortexM4\ARM_GCC_541\Debug\CapSense_Sensing.o
                0x10088dc4                CapSense_Scan
 .text.CapSense_ScanAllWidgets
                0x10088e00       0x54 .\CortexM4\ARM_GCC_541\Debug\CapSense_Sensing.o
                0x10088e00                CapSense_ScanAllWidgets
 .text.CapSense_SsSwitchSensingMode
                0x10088e54       0x50 .\CortexM4\ARM_GCC_541\Debug\CapSense_Sensing.o
                0x10088e54                CapSense_SsSwitchSensingMode
 .text.CapSense_SsSetIOsInDefaultState
                0x10088ea4       0x28 .\CortexM4\ARM_GCC_541\Debug\CapSense_Sensing.o
                0x10088ea4                CapSense_SsSetIOsInDefaultState
 .text.CapSense_SsPostAllWidgetsScan
                0x10088ecc       0x78 .\CortexM4\ARM_GCC_541\Debug\CapSense_Sensing.o
                0x10088ecc                CapSense_SsPostAllWidgetsScan
 .text.CapSense_SsIsrInitialize
                0x10088f44       0x58 .\CortexM4\ARM_GCC_541\Debug\CapSense_Sensing.o
                0x10088f44                CapSense_SsIsrInitialize
 .text.CapSense_CalibrateWidget
                0x10088f9c       0x3c .\CortexM4\ARM_GCC_541\Debug\CapSense_Sensing.o
                0x10088f9c                CapSense_CalibrateWidget
 .text.CapSense_CalibrateAllWidgets
                0x10088fd8       0x1c .\CortexM4\ARM_GCC_541\Debug\CapSense_Sensing.o
                0x10088fd8                CapSense_CalibrateAllWidgets
 .text.CapSense_SsClearCSDSensors
                0x10088ff4       0x44 .\CortexM4\ARM_GCC_541\Debug\CapSense_Sensing.o
                0x10088ff4                CapSense_SsClearCSDSensors
 .text.CapSense_SsCSDGetColSnsClkDivider
                0x10089038       0x14 .\CortexM4\ARM_GCC_541\Debug\CapSense_Sensing.o
                0x10089038                CapSense_SsCSDGetColSnsClkDivider
 .text.CapSense_SsCSDSetColSnsClkDivider
                0x1008904c       0x14 .\CortexM4\ARM_GCC_541\Debug\CapSense_Sensing.o
                0x1008904c                CapSense_SsCSDSetColSnsClkDivider
 .text.CapSense_SsCSDCalcPrsSize
                0x10089060       0x24 .\CortexM4\ARM_GCC_541\Debug\CapSense_Sensing.o
                0x10089060                CapSense_SsCSDCalcPrsSize
 .text.CapSense_SsSetWidgetSenseClkSrc
                0x10089084       0x54 .\CortexM4\ARM_GCC_541\Debug\CapSense_Sensing.o
 .text.CapSense_SsAutoTune
                0x100890d8      0x18c .\CortexM4\ARM_GCC_541\Debug\CapSense_Sensing.o
                0x100890d8                CapSense_SsAutoTune
 .text.CapSense_SsInitializeSourceSenseClk
                0x10089264       0x64 .\CortexM4\ARM_GCC_541\Debug\CapSense_Sensing.o
                0x10089264                CapSense_SsInitializeSourceSenseClk
 .text.CapSense_SsInitialize
                0x100892c8       0x14 .\CortexM4\ARM_GCC_541\Debug\CapSense_Sensing.o
                0x100892c8                CapSense_SsInitialize
 .text.CapSense_BistDischargeExtCapacitors
                0x100892dc       0xc0 .\CortexM4\ARM_GCC_541\Debug\CapSense_Sensing.o
                0x100892dc                CapSense_BistDischargeExtCapacitors
 .text.CapSense_SsCSDPostScan
                0x1008939c       0x54 .\CortexM4\ARM_GCC_541\Debug\CapSense_INT.o
 .text.CapSense_SsCSDInitNextScan
                0x100893f0       0xa0 .\CortexM4\ARM_GCC_541\Debug\CapSense_INT.o
 .text.CapSense_CSDPostSingleScan
                0x10089490       0x2c .\CortexM4\ARM_GCC_541\Debug\CapSense_INT.o
                0x10089490                CapSense_CSDPostSingleScan
 .text.CapSense_CSDPostMultiScan
                0x100894bc       0x44 .\CortexM4\ARM_GCC_541\Debug\CapSense_INT.o
                0x100894bc                CapSense_CSDPostMultiScan
 .text.CapSense_SsCSDSetModeSnsClockDivider
                0x10089500       0x10 .\CortexM4\ARM_GCC_541\Debug\CapSense_SensingCSD_LL.o
 .text.CapSense_SsCSDSetFilterDelay
                0x10089510       0x50 .\CortexM4\ARM_GCC_541\Debug\CapSense_SensingCSD_LL.o
 .text.CapSense_SsCSDConfigIDACs
                0x10089560       0x1c .\CortexM4\ARM_GCC_541\Debug\CapSense_SensingCSD_LL.o
 .text.CapSense_SsCSDSetSingleIdacMode
                0x1008957c       0x28 .\CortexM4\ARM_GCC_541\Debug\CapSense_SensingCSD_LL.o
 .text.CapSense_SsCSDRestoreIdacMode
                0x100895a4       0x2c .\CortexM4\ARM_GCC_541\Debug\CapSense_SensingCSD_LL.o
 .text.CapSense_SsCSDCalibrateCheck
                0x100895d0       0x4c .\CortexM4\ARM_GCC_541\Debug\CapSense_SensingCSD_LL.o
 .text.CapSense_SsCSDCmodPrecharge
                0x1008961c       0x6c .\CortexM4\ARM_GCC_541\Debug\CapSense_SensingCSD_LL.o
 .text.CapSense_SsCSDTriggerScan
                0x10089688       0x98 .\CortexM4\ARM_GCC_541\Debug\CapSense_SensingCSD_LL.o
 .text.CapSense_SsCSDInitialize
                0x10089720      0x144 .\CortexM4\ARM_GCC_541\Debug\CapSense_SensingCSD_LL.o
                0x10089720                CapSense_SsCSDInitialize
 .text.CapSense_SsCSDSetUpIdacs
                0x10089864       0x50 .\CortexM4\ARM_GCC_541\Debug\CapSense_SensingCSD_LL.o
                0x10089864                CapSense_SsCSDSetUpIdacs
 .text.CapSense_SsCSDGetNumberOfConversions
                0x100898b4       0x30 .\CortexM4\ARM_GCC_541\Debug\CapSense_SensingCSD_LL.o
                0x100898b4                CapSense_SsCSDGetNumberOfConversions
 .text.CapSense_SsCSDConfigClock
                0x100898e4       0x3c .\CortexM4\ARM_GCC_541\Debug\CapSense_SensingCSD_LL.o
                0x100898e4                CapSense_SsCSDConfigClock
 .text.CapSense_SsCSDCalculateScanDuration
                0x10089920       0x18 .\CortexM4\ARM_GCC_541\Debug\CapSense_SensingCSD_LL.o
                0x10089920                CapSense_SsCSDCalculateScanDuration
 .text.CapSense_SsCSDStartSample
                0x10089938       0x44 .\CortexM4\ARM_GCC_541\Debug\CapSense_SensingCSD_LL.o
                0x10089938                CapSense_SsCSDStartSample
 .text.CapSense_CSDScanExt
                0x1008997c       0x18 .\CortexM4\ARM_GCC_541\Debug\CapSense_SensingCSD_LL.o
                0x1008997c                CapSense_CSDScanExt
 .text.CapSense_CSDConnectSns
                0x10089994       0xa0 .\CortexM4\ARM_GCC_541\Debug\CapSense_SensingCSD_LL.o
                0x10089994                CapSense_CSDConnectSns
 .text.CapSense_CSDScan
                0x10089a34       0x6c .\CortexM4\ARM_GCC_541\Debug\CapSense_SensingCSD_LL.o
                0x10089a34                CapSense_CSDScan
 .text.CapSense_SsCSDConnectSensorExt
                0x10089aa0       0x24 .\CortexM4\ARM_GCC_541\Debug\CapSense_SensingCSD_LL.o
                0x10089aa0                CapSense_SsCSDConnectSensorExt
 .text.CapSense_CSDDisconnectSns
                0x10089ac4       0xac .\CortexM4\ARM_GCC_541\Debug\CapSense_SensingCSD_LL.o
                0x10089ac4                CapSense_CSDDisconnectSns
 .text.CapSense_SsCSDElectrodeCheck
                0x10089b70       0x24 .\CortexM4\ARM_GCC_541\Debug\CapSense_SensingCSD_LL.o
                0x10089b70                CapSense_SsCSDElectrodeCheck
 .text.CapSense_CSDSetupWidget
                0x10089b94       0x58 .\CortexM4\ARM_GCC_541\Debug\CapSense_SensingCSD_LL.o
                0x10089b94                CapSense_CSDSetupWidget
 .text.CapSense_CSDSetupWidgetExt
                0x10089bec       0x64 .\CortexM4\ARM_GCC_541\Debug\CapSense_SensingCSD_LL.o
                0x10089bec                CapSense_CSDSetupWidgetExt
 .text.CapSense_SsCSDCalibrateOneSensor
                0x10089c50       0xe4 .\CortexM4\ARM_GCC_541\Debug\CapSense_SensingCSD_LL.o
 .text.CapSense_CSDCalibrateWidget
                0x10089d34      0x114 .\CortexM4\ARM_GCC_541\Debug\CapSense_SensingCSD_LL.o
                0x10089d34                CapSense_CSDCalibrateWidget
 .text.CapSense_SsCalcCsxScanPeriod
                0x10089e48       0x10 .\CortexM4\ARM_GCC_541\Debug\CapSense_SensingCSX_LL.o
 .text.CapSense_CSXScanISR
                0x10089e58       0xd0 .\CortexM4\ARM_GCC_541\Debug\CapSense_SensingCSX_LL.o
                0x10089e58                CapSense_CSXScanISR
 .text.CapSense_SsCSXStartSample
                0x10089f28      0x14c .\CortexM4\ARM_GCC_541\Debug\CapSense_SensingCSX_LL.o
 .text.CapSense_CSXInitialize
                0x1008a074      0x160 .\CortexM4\ARM_GCC_541\Debug\CapSense_SensingCSX_LL.o
                0x1008a074                CapSense_CSXInitialize
 .text.CapSense_CSXCalibrateWidget
                0x1008a1d4       0xcc .\CortexM4\ARM_GCC_541\Debug\CapSense_SensingCSX_LL.o
                0x1008a1d4                CapSense_CSXCalibrateWidget
 .text.CapSense_CSXConnectTx
                0x1008a2a0       0xa0 .\CortexM4\ARM_GCC_541\Debug\CapSense_SensingCSX_LL.o
                0x1008a2a0                CapSense_CSXConnectTx
 .text.CapSense_CSXConnectRx
                0x1008a340       0x9c .\CortexM4\ARM_GCC_541\Debug\CapSense_SensingCSX_LL.o
                0x1008a340                CapSense_CSXConnectRx
 .text.CapSense_CSXScan
                0x1008a3dc       0x60 .\CortexM4\ARM_GCC_541\Debug\CapSense_SensingCSX_LL.o
                0x1008a3dc                CapSense_CSXScan
 .text.CapSense_CSXDisconnectTx
                0x1008a43c       0x64 .\CortexM4\ARM_GCC_541\Debug\CapSense_SensingCSX_LL.o
                0x1008a43c                CapSense_CSXDisconnectTx
 .text.CapSense_CSXDisconnectRx
                0x1008a4a0       0xac .\CortexM4\ARM_GCC_541\Debug\CapSense_SensingCSX_LL.o
                0x1008a4a0                CapSense_CSXDisconnectRx
 .text.CapSense_SsCSXPostMultiScan
                0x1008a54c       0xd0 .\CortexM4\ARM_GCC_541\Debug\CapSense_SensingCSX_LL.o
 .text.CapSense_CSXElectrodeCheck
                0x1008a61c       0x24 .\CortexM4\ARM_GCC_541\Debug\CapSense_SensingCSX_LL.o
                0x1008a61c                CapSense_CSXElectrodeCheck
 .text.CapSense_CSXSetupWidget
                0x1008a640       0x8c .\CortexM4\ARM_GCC_541\Debug\CapSense_SensingCSX_LL.o
                0x1008a640                CapSense_CSXSetupWidget
 .text.CapSense_SsCSXGetTxClkDivider
                0x1008a6cc       0x14 .\CortexM4\ARM_GCC_541\Debug\CapSense_SensingCSX_LL.o
                0x1008a6cc                CapSense_SsCSXGetTxClkDivider
 .text.CapSense_DpFindLocalMaxSd
                0x1008a6e0       0xd8 .\CortexM4\ARM_GCC_541\Debug\CapSense_Centroid_LL.o
                0x1008a6e0                CapSense_DpFindLocalMaxSd
 .text.CapSense_DpCalcLinearCentroid
                0x1008a7b8       0x84 .\CortexM4\ARM_GCC_541\Debug\CapSense_Centroid_LL.o
                0x1008a7b8                CapSense_DpCalcLinearCentroid
 .text.CapSense_InitializeGestures
                0x1008a83c       0x30 .\CortexM4\ARM_GCC_541\Debug\CapSense_Gesture.o
                0x1008a83c                CapSense_InitializeGestures
 .text.UART_Interrupt
                0x1008a86c       0x14 .\CortexM4\ARM_GCC_541\Debug\UART.o
 .text.UART_Start
                0x1008a880       0x64 .\CortexM4\ARM_GCC_541\Debug\UART.o
                0x1008a880                UART_Start
 .text.Gesture_Init
                0x1008a8e4       0x80 C:\Program Files (x86)\Cypress\PSoC Creator\4.4\PSoC Creator\psoc\content\CyComponentLibrary\CyComponentLibrary.cylib\CapSense_TMG_v2_0\Library\Gestures_GCC_M4.a(Gesture.o)
                0x1008a8e4                Gesture_Init
 .text.SmartSense_TunePrescalers
                0x1008a964       0x4c C:\Program Files (x86)\Cypress\PSoC Creator\4.4\PSoC Creator\psoc\content\CyComponentLibrary\CyComponentLibrary.cylib\CapSense_v3_0\Library\CapSense_Library_GCC_M4.a(CapSense_SmartSense_LL.o)
                0x1008a964                SmartSense_TunePrescalers
 .text.SmartSense_TuneSensitivity
                0x1008a9b0       0x64 C:\Program Files (x86)\Cypress\PSoC Creator\4.4\PSoC Creator\psoc\content\CyComponentLibrary\CyComponentLibrary.cylib\CapSense_v3_0\Library\CapSense_Library_GCC_M4.a(CapSense_SmartSense_LL.o)
                0x1008a9b0                SmartSense_TuneSensitivity
 .text.SmartSense_UpdateThresholds
                0x1008aa14       0x38 C:\Program Files (x86)\Cypress\PSoC Creator\4.4\PSoC Creator\psoc\content\CyComponentLibrary\CyComponentLibrary.cylib\CapSense_v3_0\Library\CapSense_Library_GCC_M4.a(CapSense_SmartSense_SL.o)
                0x1008aa14                SmartSense_UpdateThresholds
 .text.SmartSense_InitializeNoiseEnvelope
                0x1008aa4c       0x18 C:\Program Files (x86)\Cypress\PSoC Creator\4.4\PSoC Creator\psoc\content\CyComponentLibrary\CyComponentLibrary.cylib\CapSense_v3_0\Library\CapSense_Library_GCC_M4.a(CapSense_SmartSense_SL.o)
                0x1008aa4c                SmartSense_InitializeNoiseEnvelope
 .text.SmartSense_RunNoiseEnvelope
                0x1008aa64       0x8a C:\Program Files (x86)\Cypress\PSoC Creator\4.4\PSoC Creator\psoc\content\CyComponentLibrary\CyComponentLibrary.cylib\CapSense_v3_0\Library\CapSense_Library_GCC_M4.a(CapSense_SmartSense_SL.o)
                0x1008aa64                SmartSense_RunNoiseEnvelope
 *fill*         0x1008aaee        0x2 
 .text.arm_min_f32
                0x1008aaf0      0x130 .\CMSIS\Lib\GCC\libarm_cortexM4l_math.a(arm_min_f32.o)
                0x1008aaf0                arm_min_f32
 .text.arm_max_f32
                0x1008ac20      0x130 .\CMSIS\Lib\GCC\libarm_cortexM4l_math.a(arm_max_f32.o)
                0x1008ac20                arm_max_f32
 .text.arm_fir_init_f32
                0x1008ad50       0x24 .\CMSIS\Lib\GCC\libarm_cortexM4l_math.a(arm_fir_init_f32.o)
                0x1008ad50                arm_fir_init_f32
 .text.arm_fir_f32
                0x1008ad74      0x81c .\CMSIS\Lib\GCC\libarm_cortexM4l_math.a(arm_fir_f32.o)
                0x1008ad74                arm_fir_f32
 .text.GUI_DrawRect
                0x1008b590       0x84 Generated_Source\PSoC6\pdl\middleware\emWin\libs\GCC\libemWin_osnts_gcc.a(GUI_2DLib.o)
                0x1008b590                GUI_DrawRect
 .text._PushFreeBlock
                0x1008b614       0x20 Generated_Source\PSoC6\pdl\middleware\emWin\libs\GCC\libemWin_osnts_gcc.a(GUI_Alloc.o)
 .text._RemoveFreeBlock
                0x1008b634       0x44 Generated_Source\PSoC6\pdl\middleware\emWin\libs\GCC\libemWin_osnts_gcc.a(GUI_Alloc.o)
 .text._AddFreeMemory
                0x1008b678       0xa8 Generated_Source\PSoC6\pdl\middleware\emWin\libs\GCC\libemWin_osnts_gcc.a(GUI_Alloc.o)
 .text._RemoveHoles
                0x1008b720       0x94 Generated_Source\PSoC6\pdl\middleware\emWin\libs\GCC\libemWin_osnts_gcc.a(GUI_Alloc.o)
 .text.GUI_ALLOC_FreeFixedBlock
                0x1008b7b4       0x18 Generated_Source\PSoC6\pdl\middleware\emWin\libs\GCC\libemWin_osnts_gcc.a(GUI_Alloc.o)
                0x1008b7b4                GUI_ALLOC_FreeFixedBlock
 .text.GUI_ALLOC_h2p
                0x1008b7cc       0x14 Generated_Source\PSoC6\pdl\middleware\emWin\libs\GCC\libemWin_osnts_gcc.a(GUI_Alloc.o)
                0x1008b7cc                GUI_ALLOC_h2p
 .text.GUI_ALLOC_LockH
                0x1008b7e0       0x20 Generated_Source\PSoC6\pdl\middleware\emWin\libs\GCC\libemWin_osnts_gcc.a(GUI_Alloc.o)
                0x1008b7e0                GUI_ALLOC_LockH
 .text.GUI_ALLOC_UnlockH
                0x1008b800       0x30 Generated_Source\PSoC6\pdl\middleware\emWin\libs\GCC\libemWin_osnts_gcc.a(GUI_Alloc.o)
                0x1008b800                GUI_ALLOC_UnlockH
 .text.GUI_ALLOC_AssignMemory
                0x1008b830       0x10 Generated_Source\PSoC6\pdl\middleware\emWin\libs\GCC\libemWin_osnts_gcc.a(GUI_Alloc.o)
                0x1008b830                GUI_ALLOC_AssignMemory
 .text.GUI_ALLOC_Free
                0x1008b840       0x2c Generated_Source\PSoC6\pdl\middleware\emWin\libs\GCC\libemWin_osnts_gcc.a(GUI_Alloc.o)
                0x1008b840                GUI_ALLOC_Free
 .text._EnlargeBlocks
                0x1008b86c       0x98 Generated_Source\PSoC6\pdl\middleware\emWin\libs\GCC\libemWin_osnts_gcc.a(GUI_Alloc.o)
 .text._InitOnce
                0x1008b904       0x6c Generated_Source\PSoC6\pdl\middleware\emWin\libs\GCC\libemWin_osnts_gcc.a(GUI_Alloc.o)
 .text.GUI_ALLOC_GetFixedBlock
                0x1008b970       0xb8 Generated_Source\PSoC6\pdl\middleware\emWin\libs\GCC\libemWin_osnts_gcc.a(GUI_Alloc.o)
                0x1008b970                GUI_ALLOC_GetFixedBlock
 .text._Alloc   0x1008ba28      0x100 Generated_Source\PSoC6\pdl\middleware\emWin\libs\GCC\libemWin_osnts_gcc.a(GUI_Alloc.o)
 .text.GUI_ALLOC_AllocNoInit
                0x1008bb28       0x1e Generated_Source\PSoC6\pdl\middleware\emWin\libs\GCC\libemWin_osnts_gcc.a(GUI_Alloc.o)
                0x1008bb28                GUI_ALLOC_AllocNoInit
 *fill*         0x1008bb46        0x2 
 .text.GUI_ALLOC_AllocZero
                0x1008bb48       0x34 Generated_Source\PSoC6\pdl\middleware\emWin\libs\GCC\libemWin_osnts_gcc.a(GUI_Alloc.o)
                0x1008bb48                GUI_ALLOC_AllocZero
 .text.GUIMONO_DispChar
                0x1008bb7c      0x14c Generated_Source\PSoC6\pdl\middleware\emWin\libs\GCC\libemWin_osnts_gcc.a(GUI_CharM.o)
                0x1008bb7c                GUIMONO_DispChar
 .text.GUIMONO_GetCharDistX
                0x1008bcc8       0x18 Generated_Source\PSoC6\pdl\middleware\emWin\libs\GCC\libemWin_osnts_gcc.a(GUI_CharM.o)
                0x1008bcc8                GUIMONO_GetCharDistX
 .text.GUIMONO_GetFontInfo
                0x1008bce0        0x6 Generated_Source\PSoC6\pdl\middleware\emWin\libs\GCC\libemWin_osnts_gcc.a(GUI_CharM.o)
                0x1008bce0                GUIMONO_GetFontInfo
 .text.GUIMONO_IsInFont
                0x1008bce6       0x36 Generated_Source\PSoC6\pdl\middleware\emWin\libs\GCC\libemWin_osnts_gcc.a(GUI_CharM.o)
                0x1008bce6                GUIMONO_IsInFont
 .text.GUIPROP__FindChar
                0x1008bd1c       0x16 Generated_Source\PSoC6\pdl\middleware\emWin\libs\GCC\libemWin_osnts_gcc.a(GUI_CharP.o)
                0x1008bd1c                GUIPROP__FindChar
 *fill*         0x1008bd32        0x2 
 .text.GUIPROP_DispChar
                0x1008bd34       0xd4 Generated_Source\PSoC6\pdl\middleware\emWin\libs\GCC\libemWin_osnts_gcc.a(GUI_CharP.o)
                0x1008bd34                GUIPROP_DispChar
 .text.GUIPROP_GetCharDistX
                0x1008be08       0x38 Generated_Source\PSoC6\pdl\middleware\emWin\libs\GCC\libemWin_osnts_gcc.a(GUI_CharP.o)
                0x1008be08                GUIPROP_GetCharDistX
 .text.GUIPROP_GetFontInfo
                0x1008be40        0x6 Generated_Source\PSoC6\pdl\middleware\emWin\libs\GCC\libemWin_osnts_gcc.a(GUI_CharP.o)
                0x1008be40                GUIPROP_GetFontInfo
 .text.GUIPROP_IsInFont
                0x1008be46       0x10 Generated_Source\PSoC6\pdl\middleware\emWin\libs\GCC\libemWin_osnts_gcc.a(GUI_CharP.o)
                0x1008be46                GUIPROP_IsInFont
 .text.GUI_CalcColorDist
                0x1008be56       0x54 Generated_Source\PSoC6\pdl\middleware\emWin\libs\GCC\libemWin_osnts_gcc.a(GUI_Common.o)
                0x1008be56                GUI_CalcColorDist
 .text.GUI_GetBkColor
                0x1008beaa       0x18 Generated_Source\PSoC6\pdl\middleware\emWin\libs\GCC\libemWin_osnts_gcc.a(GUI_Common.o)
                0x1008beaa                GUI_GetBkColor
 .text.GUI_GetColor
                0x1008bec2       0x18 Generated_Source\PSoC6\pdl\middleware\emWin\libs\GCC\libemWin_osnts_gcc.a(GUI_Common.o)
                0x1008bec2                GUI_GetColor
 .text.GUI_MergeRect
                0x1008beda       0x62 Generated_Source\PSoC6\pdl\middleware\emWin\libs\GCC\libemWin_osnts_gcc.a(GUI_Common.o)
                0x1008beda                GUI_MergeRect
 .text.GUI_MoveRect
                0x1008bf3c       0x22 Generated_Source\PSoC6\pdl\middleware\emWin\libs\GCC\libemWin_osnts_gcc.a(GUI_Common.o)
                0x1008bf3c                GUI_MoveRect
 *fill*         0x1008bf5e        0x2 
 .text.GUI_GotoXY
                0x1008bf60       0x20 Generated_Source\PSoC6\pdl\middleware\emWin\libs\GCC\libemWin_osnts_gcc.a(GUI_Common.o)
                0x1008bf60                GUI_GotoXY
 .text.GUI_SetPenSize
                0x1008bf80       0x1c Generated_Source\PSoC6\pdl\middleware\emWin\libs\GCC\libemWin_osnts_gcc.a(GUI_Common.o)
                0x1008bf80                GUI_SetPenSize
 .text.GUI_RectsIntersect
                0x1008bf9c       0x3c Generated_Source\PSoC6\pdl\middleware\emWin\libs\GCC\libemWin_osnts_gcc.a(GUI_Common.o)
                0x1008bf9c                GUI_RectsIntersect
 .text.GUI_SelectLCD
                0x1008bfd8       0x18 Generated_Source\PSoC6\pdl\middleware\emWin\libs\GCC\libemWin_osnts_gcc.a(GUI_Common.o)
                0x1008bfd8                GUI_SelectLCD
 .text.GUI_SetBkColor
                0x1008bff0       0x14 Generated_Source\PSoC6\pdl\middleware\emWin\libs\GCC\libemWin_osnts_gcc.a(GUI_Common.o)
                0x1008bff0                GUI_SetBkColor
 .text.GUI_SetColor
                0x1008c004       0x14 Generated_Source\PSoC6\pdl\middleware\emWin\libs\GCC\libemWin_osnts_gcc.a(GUI_Common.o)
                0x1008c004                GUI_SetColor
 .text.GUI_SetFont
                0x1008c018       0x20 Generated_Source\PSoC6\pdl\middleware\emWin\libs\GCC\libemWin_osnts_gcc.a(GUI_Common.o)
                0x1008c018                GUI_SetFont
 .text.GUI_SetOrg
                0x1008c038       0x40 Generated_Source\PSoC6\pdl\middleware\emWin\libs\GCC\libemWin_osnts_gcc.a(GUI_Common.o)
                0x1008c038                GUI_SetOrg
 .text.GUI_SetTextAlign
                0x1008c078       0x20 Generated_Source\PSoC6\pdl\middleware\emWin\libs\GCC\libemWin_osnts_gcc.a(GUI_Common.o)
                0x1008c078                GUI_SetTextAlign
 .text._OnExit  0x1008c098       0x44 Generated_Source\PSoC6\pdl\middleware\emWin\libs\GCC\libemWin_osnts_gcc.a(GUI_Core.o)
 .text.GUI_SetDefaultFont
                0x1008c0dc        0xc Generated_Source\PSoC6\pdl\middleware\emWin\libs\GCC\libemWin_osnts_gcc.a(GUI_Core.o)
                0x1008c0dc                GUI_SetDefaultFont
 .text.GUI_ClearRect
                0x1008c0e8       0x64 Generated_Source\PSoC6\pdl\middleware\emWin\libs\GCC\libemWin_osnts_gcc.a(GUI_Core.o)
                0x1008c0e8                GUI_ClearRect
 .text.GUI_Clear
                0x1008c14c       0x20 Generated_Source\PSoC6\pdl\middleware\emWin\libs\GCC\libemWin_osnts_gcc.a(GUI_Core.o)
                0x1008c14c                GUI_Clear
 .text.GUI__RegisterExit
                0x1008c16c       0x10 Generated_Source\PSoC6\pdl\middleware\emWin\libs\GCC\libemWin_osnts_gcc.a(GUI_Core.o)
                0x1008c16c                GUI__RegisterExit
 .text.GUI__Config
                0x1008c17c       0x34 Generated_Source\PSoC6\pdl\middleware\emWin\libs\GCC\libemWin_osnts_gcc.a(GUI_Core.o)
                0x1008c17c                GUI__Config
 .text.GUI_Init
                0x1008c1b0       0xfc Generated_Source\PSoC6\pdl\middleware\emWin\libs\GCC\libemWin_osnts_gcc.a(GUI_Core.o)
                0x1008c1b0                GUI_Init
 .text.GUI_DEVICE__GetpDriver
                0x1008c2ac       0x24 Generated_Source\PSoC6\pdl\middleware\emWin\libs\GCC\libemWin_osnts_gcc.a(GUI_Device.o)
                0x1008c2ac                GUI_DEVICE__GetpDriver
 .text.GUI_DEVICE_Delete
                0x1008c2d0        0x8 Generated_Source\PSoC6\pdl\middleware\emWin\libs\GCC\libemWin_osnts_gcc.a(GUI_Device.o)
                0x1008c2d0                GUI_DEVICE_Delete
 .text.GUI_DEVICE_Create
                0x1008c2d8       0x50 Generated_Source\PSoC6\pdl\middleware\emWin\libs\GCC\libemWin_osnts_gcc.a(GUI_Device.o)
                0x1008c2d8                GUI_DEVICE_Create
 .text.GUI_DEVICE_Unlink
                0x1008c328       0x38 Generated_Source\PSoC6\pdl\middleware\emWin\libs\GCC\libemWin_osnts_gcc.a(GUI_Device.o)
                0x1008c328                GUI_DEVICE_Unlink
 .text.GUI_DEVICE_Link
                0x1008c360       0x8c Generated_Source\PSoC6\pdl\middleware\emWin\libs\GCC\libemWin_osnts_gcc.a(GUI_Device.o)
                0x1008c360                GUI_DEVICE_Link
 .text.GUI_DEVICE_CreateAndLink
                0x1008c3ec       0x2c Generated_Source\PSoC6\pdl\middleware\emWin\libs\GCC\libemWin_osnts_gcc.a(GUI_Device.o)
                0x1008c3ec                GUI_DEVICE_CreateAndLink
 .text.GUI_DEVICE_UnlinkTaskDevices
                0x1008c418        0x4 Generated_Source\PSoC6\pdl\middleware\emWin\libs\GCC\libemWin_osnts_gcc.a(GUI_Device.o)
                0x1008c418                GUI_DEVICE_UnlinkTaskDevices
 .text.GUI_DEVICE_LinkDevices
                0x1008c41c       0x12 Generated_Source\PSoC6\pdl\middleware\emWin\libs\GCC\libemWin_osnts_gcc.a(GUI_Device.o)
                0x1008c41c                GUI_DEVICE_LinkDevices
 *fill*         0x1008c42e        0x2 
 .text.GUI_DispString
                0x1008c430      0x118 Generated_Source\PSoC6\pdl\middleware\emWin\libs\GCC\libemWin_osnts_gcc.a(GUI_DispString.o)
                0x1008c430                GUI_DispString
 .text.GUI_DispStringAt
                0x1008c548       0x24 Generated_Source\PSoC6\pdl\middleware\emWin\libs\GCC\libemWin_osnts_gcc.a(GUI_DispString.o)
                0x1008c548                GUI_DispStringAt
 .text._SetLineColor
                0x1008c56c       0x8c Generated_Source\PSoC6\pdl\middleware\emWin\libs\GCC\libemWin_osnts_gcc.a(GUI_DrawLine.o)
 .text.GUI_sin  0x1008c5f8       0x5c Generated_Source\PSoC6\pdl\middleware\emWin\libs\GCC\libemWin_osnts_gcc.a(GUI_DrawLine.o)
                0x1008c5f8                GUI_sin
 .text.GUI_cos  0x1008c654        0xe Generated_Source\PSoC6\pdl\middleware\emWin\libs\GCC\libemWin_osnts_gcc.a(GUI_DrawLine.o)
                0x1008c654                GUI_cos
 *fill*         0x1008c662        0x2 
 .text.GL_DrawLine1Ex
                0x1008c664      0x1a8 Generated_Source\PSoC6\pdl\middleware\emWin\libs\GCC\libemWin_osnts_gcc.a(GUI_DrawLine.o)
                0x1008c664                GL_DrawLine1Ex
 .text.GL_DrawLineEx