Archive member included to satisfy reference by file (symbol)

C:\Program Files (x86)\Cypress\PSoC Creator\4.4\PSoC Creator\psoc\content\CyComponentLibrary\CyComponentLibrary.cylib\CapSense_v3_0\Library\CapSense_Library_GCC_M4.a(CapSense_SmartSense_LL.o)
                              .\CortexM4\ARM_GCC_541\Debug\CapSense_Sensing.o (SmartSense_TunePrescalers)
C:\Program Files (x86)\Cypress\PSoC Creator\4.4\PSoC Creator\psoc\content\CyComponentLibrary\CyComponentLibrary.cylib\CapSense_v3_0\Library\CapSense_Library_GCC_M4.a(CapSense_SmartSense_SL.o)
                              .\CortexM4\ARM_GCC_541\Debug\CapSense_Processing.o (SmartSense_UpdateThresholds)
c:/program files (x86)/cypress/psoc creator/4.4/psoc creator/import/gnu/arm/5.4.1/bin/../lib/gcc/arm-none-eabi/5.4.1/../../../../arm-none-eabi/lib/armv7e-m/softfp\libm.a(lib_a-s_floor.o)
                              .\CortexM4\ARM_GCC_541\Debug\cy_sysclk.o (floor)
c:/program files (x86)/cypress/psoc creator/4.4/psoc creator/import/gnu/arm/5.4.1/bin/../lib/gcc/arm-none-eabi/5.4.1/../../../../arm-none-eabi/lib/armv7e-m/softfp\libm.a(lib_a-sf_ceil.o)
                              .\CortexM4\ARM_GCC_541\Debug\cy_sysclk.o (ceilf)
c:/program files (x86)/cypress/psoc creator/4.4/psoc creator/import/gnu/arm/5.4.1/bin/../lib/gcc/arm-none-eabi/5.4.1/../../../../arm-none-eabi/lib/armv7e-m/softfp\libm.a(lib_a-w_log.o)
                              .\CortexM4\ARM_GCC_541\Debug\cy_sysclk.o (log)
c:/program files (x86)/cypress/psoc creator/4.4/psoc creator/import/gnu/arm/5.4.1/bin/../lib/gcc/arm-none-eabi/5.4.1/../../../../arm-none-eabi/lib/armv7e-m/softfp\libm.a(lib_a-e_log.o)
                              c:/program files (x86)/cypress/psoc creator/4.4/psoc creator/import/gnu/arm/5.4.1/bin/../lib/gcc/arm-none-eabi/5.4.1/../../../../arm-none-eabi/lib/armv7e-m/softfp\libm.a(lib_a-w_log.o) (__ieee754_log)
c:/program files (x86)/cypress/psoc creator/4.4/psoc creator/import/gnu/arm/5.4.1/bin/../lib/gcc/arm-none-eabi/5.4.1/../../../../arm-none-eabi/lib/armv7e-m/softfp\libm.a(lib_a-s_lib_ver.o)
                              c:/program files (x86)/cypress/psoc creator/4.4/psoc creator/import/gnu/arm/5.4.1/bin/../lib/gcc/arm-none-eabi/5.4.1/../../../../arm-none-eabi/lib/armv7e-m/softfp\libm.a(lib_a-w_log.o) (__fdlib_version)
c:/program files (x86)/cypress/psoc creator/4.4/psoc creator/import/gnu/arm/5.4.1/bin/../lib/gcc/arm-none-eabi/5.4.1/../../../../arm-none-eabi/lib/armv7e-m/softfp\libm.a(lib_a-s_matherr.o)
                              c:/program files (x86)/cypress/psoc creator/4.4/psoc creator/import/gnu/arm/5.4.1/bin/../lib/gcc/arm-none-eabi/5.4.1/../../../../arm-none-eabi/lib/armv7e-m/softfp\libm.a(lib_a-w_log.o) (matherr)
c:/program files (x86)/cypress/psoc creator/4.4/psoc creator/import/gnu/arm/5.4.1/bin/../lib/gcc/arm-none-eabi/5.4.1/../../../../arm-none-eabi/lib/armv7e-m/softfp\libm.a(lib_a-s_nan.o)
                              c:/program files (x86)/cypress/psoc creator/4.4/psoc creator/import/gnu/arm/5.4.1/bin/../lib/gcc/arm-none-eabi/5.4.1/../../../../arm-none-eabi/lib/armv7e-m/softfp\libm.a(lib_a-w_log.o) (nan)
.\CMSIS\Lib\GCC\libarm_cortexM4l_math.a(arm_min_f32.o)
                              .\CortexM4\ARM_GCC_541\Debug\Traitement_Signal.o (arm_min_f32)
.\CMSIS\Lib\GCC\libarm_cortexM4l_math.a(arm_max_f32.o)
                              .\CortexM4\ARM_GCC_541\Debug\Traitement_Signal.o (arm_max_f32)
.\CMSIS\Lib\GCC\libarm_cortexM4l_math.a(arm_fir_init_f32.o)
                              .\CortexM4\ARM_GCC_541\Debug\Traitement_Signal.o (arm_fir_init_f32)
.\CMSIS\Lib\GCC\libarm_cortexM4l_math.a(arm_fir_f32.o)
                              .\CortexM4\ARM_GCC_541\Debug\Traitement_Signal.o (arm_fir_f32)
Generated_Source\PSoC6\pdl\middleware\emWin\libs\GCC\libemWin_osnts_gcc.a(F6x8.o)
                              .\CortexM4\ARM_GCC_541\Debug\GUIConf.o (GUI_Font6x8)
Generated_Source\PSoC6\pdl\middleware\emWin\libs\GCC\libemWin_osnts_gcc.a(GUI_Alloc.o)
                              .\CortexM4\ARM_GCC_541\Debug\GUIConf.o (GUI_ALLOC_AssignMemory)
Generated_Source\PSoC6\pdl\middleware\emWin\libs\GCC\libemWin_osnts_gcc.a(GUI_CharM.o)
                              Generated_Source\PSoC6\pdl\middleware\emWin\libs\GCC\libemWin_osnts_gcc.a(F6x8.o) (GUIMONO_DispChar)
Generated_Source\PSoC6\pdl\middleware\emWin\libs\GCC\libemWin_osnts_gcc.a(GUI_Core.o)
                              .\CortexM4\ARM_GCC_541\Debug\GUIConf.o (GUI_SetDefaultFont)
Generated_Source\PSoC6\pdl\middleware\emWin\libs\GCC\libemWin_osnts_gcc.a(GUI_Device.o)
                              .\CortexM4\ARM_GCC_541\Debug\LCDConf.o (GUI_DEVICE_CreateAndLink)
Generated_Source\PSoC6\pdl\middleware\emWin\libs\GCC\libemWin_osnts_gcc.a(GUI_Task.o)
                              Generated_Source\PSoC6\pdl\middleware\emWin\libs\GCC\libemWin_osnts_gcc.a(GUI_Alloc.o) (GUI_Unlock)
Generated_Source\PSoC6\pdl\middleware\emWin\libs\GCC\libemWin_osnts_gcc.a(GUI_UC_EncodeNone.o)
[...]
Memory Configuration

Name             Origin             Length             Attributes
ram              0x08024000         0x00023800         xrw
flash            0x10080000         0x00080000         xr
em_eeprom        0x14000000         0x00008000         xr
sflash_user_data 0x16000800         0x00000800         xr
sflash_nar       0x16001a00         0x00000200         xr
sflash_public_key 0x16005a00         0x00000c00         xr
sflash_toc_2     0x16007c00         0x00000200         xr
sflash_rtoc_2    0x16007e00         0x00000200         xr
xip              0x18000000         0x08000000         xr
efuse            0x90700000         0x00100000         r
*default*        0x00000000         0xffffffff

Linker script and memory map

LOAD c:/program files (x86)/cypress/psoc creator/4.4/psoc creator/import/gnu/arm/5.4.1/bin/../lib/gcc/arm-none-eabi/5.4.1/armv7e-m/softfp/crti.o
LOAD c:/program files (x86)/cypress/psoc creator/4.4/psoc creator/import/gnu/arm/5.4.1/bin/../lib/gcc/arm-none-eabi/5.4.1/armv7e-m/softfp/crtbegin.o
LOAD c:/program files (x86)/cypress/psoc creator/4.4/psoc creator/import/gnu/arm/5.4.1/bin/../lib/gcc/arm-none-eabi/5.4.1/../../../../arm-none-eabi/lib/armv7e-m/softfp/crt0.o
START GROUP
LOAD Generated_Source\PSoC6\pdl\middleware\emWin\libs\GCC\libemWin_osnts_gcc.a
LOAD .\CortexM4\ARM_GCC_541\Debug\startup_psoc6_01_cm4.o
LOAD .\CortexM4\ARM_GCC_541\Debug\main_cm4.o
LOAD .\CortexM4\ARM_GCC_541\Debug\system_psoc6_cm4.o
LOAD .\CortexM4\ARM_GCC_541\Debug\bmi160.o
LOAD .\CortexM4\ARM_GCC_541\Debug\i2cm_support.o
LOAD .\CortexM4\ARM_GCC_541\Debug\MAX30102_functions.o
LOAD .\CortexM4\ARM_GCC_541\Debug\motion_task.o
LOAD .\CortexM4\ARM_GCC_541\Debug\Traitement_Signal.o
LOAD .\CortexM4\ARM_GCC_541\Debug\pervasive_eink_hardware_driver.o
LOAD .\CortexM4\ARM_GCC_541\Debug\cy_eink_library.o
LOAD .\CortexM4\ARM_GCC_541\Debug\cy_eink_psoc_interface.o
LOAD .\CortexM4\ARM_GCC_541\Debug\Cypress Logo Full Color_PNG_1bpp.o
LOAD .\CortexM4\ARM_GCC_541\Debug\LCDConf.o
LOAD .\CortexM4\ARM_GCC_541\Debug\GUI_X_RTOS.o
LOAD .\CortexM4\ARM_GCC_541\Debug\GUIConf.o
LOAD .\CortexM4\ARM_GCC_541\Debug\cyfitter_sysint_cfg.o
LOAD .\CortexM4\ARM_GCC_541\Debug\cymetadata.o
LOAD .\CortexM4\ARM_GCC_541\Debug\CY_EINK_SPIM.o
LOAD .\CortexM4\ARM_GCC_541\Debug\CY_EINK_Timer.o
LOAD .\CortexM4\ARM_GCC_541\Debug\Status_SW2.o
LOAD .\CortexM4\ARM_GCC_541\Debug\cy_efuse.o
LOAD .\CortexM4\ARM_GCC_541\Debug\cy_flash.o
LOAD .\CortexM4\ARM_GCC_541\Debug\cy_gpio.o
LOAD .\CortexM4\ARM_GCC_541\Debug\cy_ipc_drv.o
LOAD .\CortexM4\ARM_GCC_541\Debug\cy_ipc_sema.o
LOAD .\CortexM4\ARM_GCC_541\Debug\cy_ipc_pipe.o
LOAD .\CortexM4\ARM_GCC_541\Debug\cy_lvd.o
LOAD .\CortexM4\ARM_GCC_541\Debug\cy_profile.o
LOAD .\CortexM4\ARM_GCC_541\Debug\cy_prot.o
LOAD .\CortexM4\ARM_GCC_541\Debug\cy_scb_common.o
LOAD .\CortexM4\ARM_GCC_541\Debug\cy_scb_i2c.o
LOAD .\CortexM4\ARM_GCC_541\Debug\cy_scb_ezi2c.o
LOAD .\CortexM4\ARM_GCC_541\Debug\cy_scb_spi.o
LOAD .\CortexM4\ARM_GCC_541\Debug\cy_scb_uart.o
LOAD .\CortexM4\ARM_GCC_541\Debug\cy_sysanalog.o
LOAD .\CortexM4\ARM_GCC_541\Debug\cy_sysclk.o
LOAD .\CortexM4\ARM_GCC_541\Debug\cy_sysint.o
LOAD .\CortexM4\ARM_GCC_541\Debug\cy_syslib.o
LOAD .\CortexM4\ARM_GCC_541\Debug\cy_syslib_gcc.o
LOAD .\CortexM4\ARM_GCC_541\Debug\cy_syspm.o
LOAD .\CortexM4\ARM_GCC_541\Debug\cy_systick.o
LOAD .\CortexM4\ARM_GCC_541\Debug\cy_tcpwm_counter.o
LOAD .\CortexM4\ARM_GCC_541\Debug\cy_tcpwm_pwm.o
LOAD .\CortexM4\ARM_GCC_541\Debug\cy_tcpwm_quaddec.o
LOAD .\CortexM4\ARM_GCC_541\Debug\cy_trigmux.o
LOAD .\CortexM4\ARM_GCC_541\Debug\cy_wdt.o
LOAD .\CortexM4\ARM_GCC_541\Debug\cy_device.o
LOAD .\CortexM4\ARM_GCC_541\Debug\cy_ble_clk.o
LOAD .\CortexM4\ARM_GCC_541\Debug\croutine.o
LOAD .\CortexM4\ARM_GCC_541\Debug\event_groups.o
LOAD .\CortexM4\ARM_GCC_541\Debug\list.o
LOAD .\CortexM4\ARM_GCC_541\Debug\queue.o
LOAD .\CortexM4\ARM_GCC_541\Debug\tasks.o
LOAD .\CortexM4\ARM_GCC_541\Debug\timers.o
LOAD .\CortexM4\ARM_GCC_541\Debug\stream_buffer.o
LOAD .\CortexM4\ARM_GCC_541\Debug\port.o
LOAD .\CortexM4\ARM_GCC_541\Debug\heap_1.o
LOAD .\CortexM4\ARM_GCC_541\Debug\I2C_MAX.o
LOAD .\CortexM4\ARM_GCC_541\Debug\I2Cm.o
LOAD .\CortexM4\ARM_GCC_541\Debug\CapSense_Control.o
LOAD .\CortexM4\ARM_GCC_541\Debug\CapSense_Processing.o
LOAD .\CortexM4\ARM_GCC_541\Debug\CapSense_Structure.o
LOAD .\CortexM4\ARM_GCC_541\Debug\CapSense_Tuner.o
LOAD .\CortexM4\ARM_GCC_541\Debug\CapSense_Filter.o
LOAD .\CortexM4\ARM_GCC_541\Debug\CapSense_Sensing.o
LOAD .\CortexM4\ARM_GCC_541\Debug\CapSense_INT.o
LOAD .\CortexM4\ARM_GCC_541\Debug\CapSense_SensingCSD_LL.o
LOAD C:\Program Files (x86)\Cypress\PSoC Creator\4.4\PSoC Creator\psoc\content\CyComponentLibrary\CyComponentLibrary.cylib\CapSense_v3_0\Library\CapSense_Library_GCC_M4.a
LOAD c:/program files (x86)/cypress/psoc creator/4.4/psoc creator/import/gnu/arm/5.4.1/bin/../lib/gcc/arm-none-eabi/5.4.1/../../../../arm-none-eabi/lib/armv7e-m/softfp\libm.a
LOAD .\CMSIS\Lib\GCC\libarm_cortexM4l_math.a
END GROUP
START GROUP
LOAD c:/program files (x86)/cypress/psoc creator/4.4/psoc creator/import/gnu/arm/5.4.1/bin/../lib/gcc/arm-none-eabi/5.4.1/armv7e-m/softfp\libgcc.a
LOAD c:/program files (x86)/cypress/psoc creator/4.4/psoc creator/import/gnu/arm/5.4.1/bin/../lib/gcc/arm-none-eabi/5.4.1/../../../../arm-none-eabi/lib/armv7e-m/softfp\libg_nano.a
LOAD c:/program files (x86)/cypress/psoc creator/4.4/psoc creator/import/gnu/arm/5.4.1/bin/../lib/gcc/arm-none-eabi/5.4.1/../../../../arm-none-eabi/lib/armv7e-m/softfp\libc_nano.a
END GROUP
START GROUP
LOAD c:/program files (x86)/cypress/psoc creator/4.4/psoc creator/import/gnu/arm/5.4.1/bin/../lib/gcc/arm-none-eabi/5.4.1/armv7e-m/softfp\libgcc.a
LOAD c:/program files (x86)/cypress/psoc creator/4.4/psoc creator/import/gnu/arm/5.4.1/bin/../lib/gcc/arm-none-eabi/5.4.1/../../../../arm-none-eabi/lib/armv7e-m/softfp\libc_nano.a
END GROUP
LOAD c:/program files (x86)/cypress/psoc creator/4.4/psoc creator/import/gnu/arm/5.4.1/bin/../lib/gcc/arm-none-eabi/5.4.1/armv7e-m/softfp/crtend.o
LOAD c:/program files (x86)/cypress/psoc creator/4.4/psoc creator/import/gnu/arm/5.4.1/bin/../lib/gcc/arm-none-eabi/5.4.1/armv7e-m/softfp/crtn.o
START GROUP
LOAD c:/program files (x86)/cypress/psoc creator/4.4/psoc creator/import/gnu/arm/5.4.1/bin/../lib/gcc/arm-none-eabi/5.4.1/armv7e-m/softfp\libgcc.a
LOAD c:/program files (x86)/cypress/psoc creator/4.4/psoc creator/import/gnu/arm/5.4.1/bin/../lib/gcc/arm-none-eabi/5.4.1/../../../../arm-none-eabi/lib/armv7e-m/softfp\libc.a
LOAD c:/program files (x86)/cypress/psoc creator/4.4/psoc creator/import/gnu/arm/5.4.1/bin/../lib/gcc/arm-none-eabi/5.4.1/../../../../arm-none-eabi/lib/armv7e-m/softfp\libnosys.a
END GROUP
START GROUP
LOAD c:/program files (x86)/cypress/psoc creator/4.4/psoc creator/import/gnu/arm/5.4.1/bin/../lib/gcc/arm-none-eabi/5.4.1/armv7e-m/softfp\libgcc.a
LOAD c:/program files (x86)/cypress/psoc creator/4.4/psoc creator/import/gnu/arm/5.4.1/bin/../lib/gcc/arm-none-eabi/5.4.1/../../../../arm-none-eabi/lib/armv7e-m/softfp\libc.a
LOAD c:/program files (x86)/cypress/psoc creator/4.4/psoc creator/import/gnu/arm/5.4.1/bin/../lib/gcc/arm-none-eabi/5.4.1/../../../../arm-none-eabi/lib/armv7e-m/softfp\libm.a
LOAD c:/program files (x86)/cypress/psoc creator/4.4/psoc creator/import/gnu/arm/5.4.1/bin/../lib/gcc/arm-none-eabi/5.4.1/../../../../arm-none-eabi/lib/armv7e-m/softfp\libnosys.a
END GROUP

.text           0x10080000     0x6270
                0x10080000                . = ALIGN (0x4)
                0x10080000                __Vectors = .
 *(.vectors)
 .vectors       0x10080000      0x28c .\CortexM4\ARM_GCC_541\Debug\startup_psoc6_01_cm4.o
                0x1008028c                . = ALIGN (0x4)
                0x1008028c                __Vectors_End = .
                0x0000028c                __Vectors_Size = (__Vectors_End - __Vectors)
                0x1008028c                __end__ = .
                0x1008028c                . = ALIGN (0x4)
 *(.text*)
 .text          0x1008028c       0x5c c:/program files (x86)/cypress/psoc creator/4.4/psoc creator/import/gnu/arm/5.4.1/bin/../lib/gcc/arm-none-eabi/5.4.1/armv7e-m/softfp/crtbegin.o
 .text          0x100802e8       0x84 .\CortexM4\ARM_GCC_541\Debug\startup_psoc6_01_cm4.o
                0x100802e8                Cy_OnResetUser
                0x100802ea                Reset_Handler
                0x1008034c                cpuss_interrupts_ipc_6_IRQHandler
                0x1008034c                DebugMon_Handler
                0x1008034c                tcpwm_1_interrupts_11_IRQHandler
                0x1008034c                cpuss_interrupts_ipc_0_IRQHandler
                0x1008034c                tcpwm_1_interrupts_15_IRQHandler
                0x1008034c                ioss_interrupts_gpio_13_IRQHandler
                0x1008034c                tcpwm_1_interrupts_13_IRQHandler
                0x1008034c                cpuss_interrupts_dw1_8_IRQHandler
                0x1008034c                tcpwm_0_interrupts_0_IRQHandler
                0x1008034c                cpuss_interrupt_fm_IRQHandler
                0x1008034c                cpuss_interrupts_ipc_7_IRQHandler
                0x1008034c                tcpwm_1_interrupts_14_IRQHandler
                0x1008034c                cpuss_interrupts_dw0_5_IRQHandler
                0x1008034c                tcpwm_1_interrupts_9_IRQHandler
                0x1008034c                cpuss_interrupts_cm0_cti_1_IRQHandler
                0x1008034c                tcpwm_1_interrupts_22_IRQHandler
                0x1008034c                cpuss_interrupts_dw0_4_IRQHandler
                0x1008034c                NMI_Handler
                0x1008034c                cpuss_interrupts_dw1_12_IRQHandler
                0x1008034c                tcpwm_1_interrupts_12_IRQHandler
                0x1008034c                smif_interrupt_IRQHandler
                0x1008034c                tcpwm_1_interrupts_2_IRQHandler
                0x1008034c                cpuss_interrupts_ipc_13_IRQHandler
                0x1008034c                udb_interrupts_11_IRQHandler
                0x1008034c                tcpwm_1_interrupts_18_IRQHandler
                0x1008034c                cpuss_interrupts_dw0_11_IRQHandler
                0x1008034c                tcpwm_0_interrupts_2_IRQHandler
                0x1008034c                cpuss_interrupts_dw0_13_IRQHandler
                0x1008034c                udb_interrupts_2_IRQHandler
                0x1008034c                cpuss_interrupts_dw1_7_IRQHandler
                0x1008034c                ioss_interrupts_gpio_1_IRQHandler
                0x1008034c                ioss_interrupts_gpio_7_IRQHandler
                0x1008034c                scb_5_interrupt_IRQHandler
                0x1008034c                udb_interrupts_6_IRQHandler
                0x1008034c                cpuss_interrupts_fault_1_IRQHandler
                0x1008034c                cpuss_interrupts_ipc_4_IRQHandler
                0x1008034c                cpuss_interrupts_ipc_5_IRQHandler
                0x1008034c                cpuss_interrupts_dw1_10_IRQHandler
                0x1008034c                udb_interrupts_0_IRQHandler
                0x1008034c                tcpwm_1_interrupts_6_IRQHandler
                0x1008034c                scb_4_interrupt_IRQHandler
                0x1008034c                pass_interrupt_dacs_IRQHandler
                0x1008034c                ioss_interrupts_gpio_2_IRQHandler
                0x1008034c                cpuss_interrupts_dw1_9_IRQHandler
                0x1008034c                cpuss_interrupts_dw1_13_IRQHandler
                0x1008034c                scb_2_interrupt_IRQHandler
                0x1008034c                cpuss_interrupts_cm0_cti_0_IRQHandler
                0x1008034c                udb_interrupts_5_IRQHandler
                0x1008034c                srss_interrupt_IRQHandler
                0x1008034c                udb_interrupts_12_IRQHandler
                0x1008034c                scb_0_interrupt_IRQHandler
                0x1008034c                csd_interrupt_IRQHandler
                0x1008034c                udb_interrupts_1_IRQHandler
                0x1008034c                profile_interrupt_IRQHandler
                0x1008034c                tcpwm_1_interrupts_1_IRQHandler
                0x1008034c                cpuss_interrupts_ipc_12_IRQHandler
                0x1008034c                tcpwm_1_interrupts_3_IRQHandler
                0x1008034c                tcpwm_0_interrupts_7_IRQHandler
                0x1008034c                cpuss_interrupts_dw1_1_IRQHandler
                0x1008034c                cpuss_interrupts_dw1_0_IRQHandler
                0x1008034c                cpuss_interrupts_dw0_9_IRQHandler
                0x1008034c                lpcomp_interrupt_IRQHandler
                0x1008034c                tcpwm_1_interrupts_23_IRQHandler
                0x1008034c                udb_interrupts_4_IRQHandler
                0x1008034c                tcpwm_1_interrupts_20_IRQHandler
                0x1008034c                ioss_interrupt_gpio_IRQHandler
                0x1008034c                tcpwm_0_interrupts_1_IRQHandler
                0x1008034c                ioss_interrupts_gpio_8_IRQHandler
                0x1008034c                tcpwm_0_interrupts_6_IRQHandler
                0x1008034c                scb_7_interrupt_IRQHandler
                0x1008034c                tcpwm_1_interrupts_7_IRQHandler
                0x1008034c                cpuss_interrupts_ipc_11_IRQHandler
                0x1008034c                udb_interrupts_13_IRQHandler
                0x1008034c                cpuss_interrupts_dw0_15_IRQHandler
                0x1008034c                udb_interrupts_7_IRQHandler
                0x1008034c                cpuss_interrupts_dw1_6_IRQHandler
                0x1008034c                cpuss_interrupt_crypto_IRQHandler
                0x1008034c                scb_1_interrupt_IRQHandler
                0x1008034c                Default_Handler
                0x1008034c                usb_interrupt_hi_IRQHandler
                0x1008034c                tcpwm_1_interrupts_0_IRQHandler
                0x1008034c                udb_interrupts_9_IRQHandler
                0x1008034c                audioss_interrupt_pdm_IRQHandler
                0x1008034c                srss_interrupt_mcwdt_0_IRQHandler
                0x1008034c                scb_3_interrupt_IRQHandler
                0x1008034c                pass_interrupt_ctbs_IRQHandler
                0x1008034c                udb_interrupts_8_IRQHandler
                0x1008034c                ioss_interrupts_gpio_3_IRQHandler
                0x1008034c                scb_6_interrupt_IRQHandler
                0x1008034c                cpuss_interrupts_cm4_cti_0_IRQHandler
                0x1008034c                cpuss_interrupts_dw1_3_IRQHandler
                0x1008034c                pass_interrupt_sar_IRQHandler
                0x1008034c                ioss_interrupts_gpio_0_IRQHandler
                0x1008034c                ioss_interrupts_gpio_14_IRQHandler
                0x1008034c                tcpwm_0_interrupts_4_IRQHandler
                0x1008034c                udb_interrupts_3_IRQHandler
                0x1008034c                tcpwm_0_interrupts_5_IRQHandler
                0x1008034c                cpuss_interrupts_ipc_15_IRQHandler
                0x1008034c                cpuss_interrupts_cm4_cti_1_IRQHandler
                0x1008034c                scb_8_interrupt_IRQHandler
                0x1008034c                srss_interrupt_mcwdt_1_IRQHandler
                0x1008034c                cpuss_interrupts_dw1_2_IRQHandler
                0x1008034c                cpuss_interrupts_dw1_5_IRQHandler
                0x1008034c                cpuss_interrupts_ipc_1_IRQHandler
                0x1008034c                cpuss_interrupts_dw0_0_IRQHandler
                0x1008034c                ioss_interrupts_gpio_12_IRQHandler
                0x1008034c                cpuss_interrupts_ipc_3_IRQHandler
                0x1008034c                tcpwm_1_interrupts_17_IRQHandler
                0x1008034c                srss_interrupt_backup_IRQHandler
                0x1008034c                bless_interrupt_IRQHandler
                0x1008034c                cpuss_interrupts_ipc_10_IRQHandler
                0x1008034c                cpuss_interrupts_ipc_9_IRQHandler
                0x1008034c                cpuss_interrupts_dw0_14_IRQHandler
                0x1008034c                tcpwm_1_interrupts_4_IRQHandler
                0x1008034c                tcpwm_0_interrupts_3_IRQHandler
                0x1008034c                cpuss_interrupts_dw1_15_IRQHandler
                0x1008034c                ioss_interrupts_gpio_10_IRQHandler
                0x1008034c                udb_interrupts_10_IRQHandler
                0x1008034c                cpuss_interrupts_dw0_8_IRQHandler
                0x1008034c                ioss_interrupts_gpio_11_IRQHandler
                0x1008034c                cpuss_interrupts_ipc_14_IRQHandler
                0x1008034c                ioss_interrupts_gpio_5_IRQHandler
                0x1008034c                ioss_interrupts_gpio_4_IRQHandler
                0x1008034c                tcpwm_1_interrupts_8_IRQHandler
                0x1008034c                cpuss_interrupts_dw1_14_IRQHandler
                0x1008034c                usb_interrupt_med_IRQHandler
                0x1008034c                cpuss_interrupts_dw0_2_IRQHandler
                0x1008034c                tcpwm_1_interrupts_10_IRQHandler
                0x1008034c                cpuss_interrupts_fault_0_IRQHandler
                0x1008034c                cpuss_interrupts_dw0_12_IRQHandler
                0x1008034c                ioss_interrupts_gpio_6_IRQHandler
                0x1008034c                tcpwm_1_interrupts_21_IRQHandler
                0x1008034c                tcpwm_1_interrupts_16_IRQHandler
                0x1008034c                cpuss_interrupts_dw1_4_IRQHandler
                0x1008034c                udb_interrupts_15_IRQHandler
                0x1008034c                cpuss_interrupts_dw1_11_IRQHandler
                0x1008034c                cpuss_interrupts_dw0_6_IRQHandler
                0x1008034c                ioss_interrupt_vdd_IRQHandler
                0x1008034c                cpuss_interrupts_dw0_7_IRQHandler
                0x1008034c                audioss_interrupt_i2s_IRQHandler
                0x1008034c                tcpwm_1_interrupts_5_IRQHandler
                0x1008034c                cpuss_interrupts_ipc_2_IRQHandler
                0x1008034c                cpuss_interrupts_dw0_10_IRQHandler
                0x1008034c                tcpwm_1_interrupts_19_IRQHandler
                0x1008034c                cpuss_interrupts_dw0_1_IRQHandler
                0x1008034c                ioss_interrupts_gpio_9_IRQHandler
                0x1008034c                usb_interrupt_lo_IRQHandler
                0x1008034c                cpuss_interrupts_ipc_8_IRQHandler
                0x1008034c                udb_interrupts_14_IRQHandler
                0x1008034c                cpuss_interrupts_dw0_3_IRQHandler
                0x10080350                UsageFault_Handler
                0x10080350                HardFault_Handler
                0x10080350                MemManage_Handler
                0x10080350                BusFault_Handler
 .text.main     0x1008036c       0x5c .\CortexM4\ARM_GCC_541\Debug\main_cm4.o
                0x1008036c                main
 .text.Cy_SysIpcPipeIsrCm4
                0x100803c8        0xc .\CortexM4\ARM_GCC_541\Debug\system_psoc6_cm4.o
                0x100803c8                Cy_SysIpcPipeIsrCm4
 .text.Cy_SystemInit
                0x100803d4        0x4 .\CortexM4\ARM_GCC_541\Debug\system_psoc6_cm4.o
                0x100803d4                Cy_SystemInit
 .text.SystemCoreClockUpdate
                0x100803d8      0x190 .\CortexM4\ARM_GCC_541\Debug\system_psoc6_cm4.o
                0x100803d8                SystemCoreClockUpdate
 .text.SystemInit
                0x10080568       0x48 .\CortexM4\ARM_GCC_541\Debug\system_psoc6_cm4.o
                0x10080568                SystemInit
 .text.Cy_SystemInitFpuEnable
                0x100805b0       0x28 .\CortexM4\ARM_GCC_541\Debug\system_psoc6_cm4.o
                0x100805b0                Cy_SystemInitFpuEnable
 .text.null_ptr_check
                0x100805d8       0x2c .\CortexM4\ARM_GCC_541\Debug\bmi160.o
 .text.default_param_settg
                0x10080604       0x28 .\CortexM4\ARM_GCC_541\Debug\bmi160.o
 .text.process_accel_odr
                0x1008062c       0x28 .\CortexM4\ARM_GCC_541\Debug\bmi160.o
 .text.process_accel_bw
                0x10080654       0x24 .\CortexM4\ARM_GCC_541\Debug\bmi160.o
 .text.process_accel_range
                0x10080678       0x28 .\CortexM4\ARM_GCC_541\Debug\bmi160.o
 .text.process_gyro_odr
                0x100806a0       0x28 .\CortexM4\ARM_GCC_541\Debug\bmi160.o
 .text.process_gyro_bw
                0x100806c8       0x20 .\CortexM4\ARM_GCC_541\Debug\bmi160.o
 .text.process_gyro_range
                0x100806e8       0x28 .\CortexM4\ARM_GCC_541\Debug\bmi160.o
 .text.bmi160_get_regs
                0x10080710       0x40 .\CortexM4\ARM_GCC_541\Debug\bmi160.o
                0x10080710                bmi160_get_regs
 .text.check_accel_config
                0x10080750       0x3c .\CortexM4\ARM_GCC_541\Debug\bmi160.o
 .text.check_gyro_config
                0x1008078c       0x3c .\CortexM4\ARM_GCC_541\Debug\bmi160.o
 .text.check_invalid_settg
                0x100807c8       0x4c .\CortexM4\ARM_GCC_541\Debug\bmi160.o
 .text.bmi160_set_regs
                0x10080814       0x84 .\CortexM4\ARM_GCC_541\Debug\bmi160.o
                0x10080814                bmi160_set_regs
 .text.set_accel_conf
                0x10080898       0x54 .\CortexM4\ARM_GCC_541\Debug\bmi160.o
 .text.set_gyro_conf
                0x100808ec       0x54 .\CortexM4\ARM_GCC_541\Debug\bmi160.o
 .text.process_under_sampling
                0x10080940       0x70 .\CortexM4\ARM_GCC_541\Debug\bmi160.o
 .text.set_accel_pwr
                0x100809b0       0x5c .\CortexM4\ARM_GCC_541\Debug\bmi160.o
 .text.set_gyro_pwr
                0x10080a0c       0x5c .\CortexM4\ARM_GCC_541\Debug\bmi160.o
 .text.enable_accel_any_motion_int
                0x10080a68       0x80 .\CortexM4\ARM_GCC_541\Debug\bmi160.o
 .text.config_int_out_ctrl
                0x10080ae8       0xb0 .\CortexM4\ARM_GCC_541\Debug\bmi160.o
 .text.config_int_latch
                0x10080b98       0x7c .\CortexM4\ARM_GCC_541\Debug\bmi160.o
 .text.set_intr_pin_config
                0x10080c14       0x1c .\CortexM4\ARM_GCC_541\Debug\bmi160.o
 .text.disable_sig_motion_int
                0x10080c30       0x44 .\CortexM4\ARM_GCC_541\Debug\bmi160.o
 .text.map_feature_interrupt
                0x10080c74       0x98 .\CortexM4\ARM_GCC_541\Debug\bmi160.o
 .text.config_any_motion_src
                0x10080d0c       0x48 .\CortexM4\ARM_GCC_541\Debug\bmi160.o
 .text.config_any_dur_threshold
                0x10080d54       0x50 .\CortexM4\ARM_GCC_541\Debug\bmi160.o
 .text.config_any_motion_int_settg
                0x10080da4       0x44 .\CortexM4\ARM_GCC_541\Debug\bmi160.o
 .text.set_accel_any_motion_int
                0x10080de8       0x3c .\CortexM4\ARM_GCC_541\Debug\bmi160.o
 .text.enable_sig_motion_int
                0x10080e24       0x64 .\CortexM4\ARM_GCC_541\Debug\bmi160.o
 .text.config_sig_motion_data_src
                0x10080e88       0x48 .\CortexM4\ARM_GCC_541\Debug\bmi160.o
 .text.config_sig_dur_threshold
                0x10080ed0       0x74 .\CortexM4\ARM_GCC_541\Debug\bmi160.o
 .text.config_sig_motion_int_settg
                0x10080f44       0x38 .\CortexM4\ARM_GCC_541\Debug\bmi160.o
 .text.set_accel_sig_motion_int
                0x10080f7c       0x3c .\CortexM4\ARM_GCC_541\Debug\bmi160.o
 .text.enable_no_motion_int
                0x10080fb8       0x7c .\CortexM4\ARM_GCC_541\Debug\bmi160.o
 .text.config_no_motion_data_src
                0x10081034       0x48 .\CortexM4\ARM_GCC_541\Debug\bmi160.o
 .text.config_no_motion_dur_thr
                0x1008107c       0x90 .\CortexM4\ARM_GCC_541\Debug\bmi160.o
 .text.config_no_motion_int_settg
                0x1008110c       0x38 .\CortexM4\ARM_GCC_541\Debug\bmi160.o
 .text.set_accel_no_motion_int
                0x10081144       0x3c .\CortexM4\ARM_GCC_541\Debug\bmi160.o
 .text.enable_tap_int
                0x10081180       0x6c .\CortexM4\ARM_GCC_541\Debug\bmi160.o
 .text.config_tap_data_src
                0x100811ec       0x48 .\CortexM4\ARM_GCC_541\Debug\bmi160.o
 .text.config_tap_param
                0x10081234       0x7c .\CortexM4\ARM_GCC_541\Debug\bmi160.o
 .text.config_tap_int_settg
                0x100812b0       0x3c .\CortexM4\ARM_GCC_541\Debug\bmi160.o
 .text.set_accel_tap_int
                0x100812ec       0x48 .\CortexM4\ARM_GCC_541\Debug\bmi160.o
 .text.enable_step_detect_int
                0x10081334       0x48 .\CortexM4\ARM_GCC_541\Debug\bmi160.o
 .text.config_step_detect
                0x1008137c       0x98 .\CortexM4\ARM_GCC_541\Debug\bmi160.o
 .text.set_accel_step_detect_int
                0x10081414       0x50 .\CortexM4\ARM_GCC_541\Debug\bmi160.o
 .text.enable_orient_int
                0x10081464       0x48 .\CortexM4\ARM_GCC_541\Debug\bmi160.o
 .text.config_orient_int_settg
                0x100814ac       0x88 .\CortexM4\ARM_GCC_541\Debug\bmi160.o
 .text.set_accel_orientation_int
                0x10081534       0x50 .\CortexM4\ARM_GCC_541\Debug\bmi160.o
 .text.enable_flat_int
                0x10081584       0x48 .\CortexM4\ARM_GCC_541\Debug\bmi160.o
 .text.config_flat_int_settg
                0x100815cc       0x6c .\CortexM4\ARM_GCC_541\Debug\bmi160.o
 .text.set_accel_flat_detect_int
                0x10081638       0x50 .\CortexM4\ARM_GCC_541\Debug\bmi160.o
 .text.enable_low_g_int
                0x10081688       0x48 .\CortexM4\ARM_GCC_541\Debug\bmi160.o
 .text.config_low_g_data_src
                0x100816d0       0x48 .\CortexM4\ARM_GCC_541\Debug\bmi160.o
 .text.config_low_g_int_settg
                0x10081718       0x68 .\CortexM4\ARM_GCC_541\Debug\bmi160.o
 .text.set_accel_low_g_int
                0x10081780       0x5c .\CortexM4\ARM_GCC_541\Debug\bmi160.o
 .text.enable_high_g_int
                0x100817dc       0x60 .\CortexM4\ARM_GCC_541\Debug\bmi160.o
 .text.config_high_g_data_src
                0x1008183c       0x48 .\CortexM4\ARM_GCC_541\Debug\bmi160.o
 .text.config_high_g_int_settg
                0x10081884       0x5c .\CortexM4\ARM_GCC_541\Debug\bmi160.o
 .text.set_accel_high_g_int
                0x100818e0       0x5c .\CortexM4\ARM_GCC_541\Debug\bmi160.o
 .text.enable_data_ready_int
                0x1008193c       0x40 .\CortexM4\ARM_GCC_541\Debug\bmi160.o
 .text.map_hardware_interrupt
                0x1008197c       0x88 .\CortexM4\ARM_GCC_541\Debug\bmi160.o
 .text.set_accel_gyro_data_ready_int
                0x10081a04       0x40 .\CortexM4\ARM_GCC_541\Debug\bmi160.o
 .text.enable_fifo_full_int
                0x10081a44       0x48 .\CortexM4\ARM_GCC_541\Debug\bmi160.o
 .text.set_fifo_full_int
                0x10081a8c       0x3c .\CortexM4\ARM_GCC_541\Debug\bmi160.o
 .text.enable_fifo_wtm_int
                0x10081ac8       0x48 .\CortexM4\ARM_GCC_541\Debug\bmi160.o
 .text.set_fifo_watermark_int
                0x10081b10       0x3c .\CortexM4\ARM_GCC_541\Debug\bmi160.o
 .text.bmi160_soft_reset
                0x10081b4c       0x5c .\CortexM4\ARM_GCC_541\Debug\bmi160.o
                0x10081b4c                bmi160_soft_reset
 .text.bmi160_init
                0x10081ba8       0x5c .\CortexM4\ARM_GCC_541\Debug\bmi160.o
                0x10081ba8                bmi160_init
 .text.bmi160_set_power_mode
                0x10081c04       0x30 .\CortexM4\ARM_GCC_541\Debug\bmi160.o
                0x10081c04                bmi160_set_power_mode
 .text.bmi160_set_sens_conf
                0x10081c34       0x44 .\CortexM4\ARM_GCC_541\Debug\bmi160.o
                0x10081c34                bmi160_set_sens_conf
 .text.bmi160_set_int_config
                0x10081c78       0x68 .\CortexM4\ARM_GCC_541\Debug\bmi160.o
                0x10081c78                bmi160_set_int_config
 .text.I2C_WriteBytes
                0x10081ce0       0x58 .\CortexM4\ARM_GCC_541\Debug\i2cm_support.o
                0x10081ce0                I2C_WriteBytes
 .text.I2C_ReadBytes
                0x10081d38       0x7c .\CortexM4\ARM_GCC_541\Debug\i2cm_support.o
                0x10081d38                I2C_ReadBytes
 .text.I2C_Callback
                0x10081db4       0x4c .\CortexM4\ARM_GCC_541\Debug\i2cm_support.o
                0x10081db4                I2C_Callback
 .text.read_register_MAX
                0x10081e00       0x60 .\CortexM4\ARM_GCC_541\Debug\MAX30102_functions.o
                0x10081e00                read_register_MAX
 .text.write_register_MAX
                0x10081e60       0x4c .\CortexM4\ARM_GCC_541\Debug\MAX30102_functions.o
                0x10081e60                write_register_MAX
 .text.MAX_Init
                0x10081eac       0x88 .\CortexM4\ARM_GCC_541\Debug\MAX30102_functions.o
                0x10081eac                MAX_Init
 .text.MAX_Reset
                0x10081f34        0xc .\CortexM4\ARM_GCC_541\Debug\MAX30102_functions.o
                0x10081f34                MAX_Reset
 .text.readMultipleBytes_MAX
                0x10081f40       0x80 .\CortexM4\ARM_GCC_541\Debug\MAX30102_functions.o
                0x10081f40                readMultipleBytes_MAX
 .text.read_MAX30102_task
                0x10081fc0       0x78 .\CortexM4\ARM_GCC_541\Debug\MAX30102_functions.o
                0x10081fc0                read_MAX30102_task
 .text.MotionSensor_Init
                0x10082038       0x6c .\CortexM4\ARM_GCC_541\Debug\motion_task.o
 .text.MotionSensor_ConfigOrientIntr
                0x100820a4       0xb0 .\CortexM4\ARM_GCC_541\Debug\motion_task.o
 .text.Orientation_Interrupt
                0x10082154       0x64 .\CortexM4\ARM_GCC_541\Debug\motion_task.o
 .text.Motion_Check
                0x100821b8       0x28 .\CortexM4\ARM_GCC_541\Debug\motion_task.o
                0x100821b8                Motion_Check
 .text.Cy_Flash_ProcessOpcode
                0x100821e0       0xac .\CortexM4\ARM_GCC_541\Debug\cy_flash.o
 .text.Cy_Flash_OperationStatus
                0x1008228c       0x5c .\CortexM4\ARM_GCC_541\Debug\cy_flash.o
 .text.Cy_Flash_InitExt
                0x100822e8       0x80 .\CortexM4\ARM_GCC_541\Debug\cy_flash.o
                0x100822e8                Cy_Flash_InitExt
 .text.Cy_Flash_Init
                0x10082368       0x10 .\CortexM4\ARM_GCC_541\Debug\cy_flash.o
                0x10082368                Cy_Flash_Init
 .text.Cy_IPC_Drv_LockRelease
                0x10082378       0x3c .\CortexM4\ARM_GCC_541\Debug\cy_ipc_drv.o
                0x10082378                Cy_IPC_Drv_LockRelease
 .text.Cy_IPC_Drv_SendMsgWord
                0x100823b4       0x3c .\CortexM4\ARM_GCC_541\Debug\cy_ipc_drv.o
                0x100823b4                Cy_IPC_Drv_SendMsgWord
 .text.Cy_IPC_Drv_ReadMsgWord
                0x100823f0       0x38 .\CortexM4\ARM_GCC_541\Debug\cy_ipc_drv.o
                0x100823f0                Cy_IPC_Drv_ReadMsgWord
 .text.Cy_IPC_Sema_InitExt
                0x10082428       0xac .\CortexM4\ARM_GCC_541\Debug\cy_ipc_sema.o
                0x10082428                Cy_IPC_Sema_InitExt
 .text.Cy_IPC_Sema_Init
                0x100824d4       0x64 .\CortexM4\ARM_GCC_541\Debug\cy_ipc_sema.o
                0x100824d4                Cy_IPC_Sema_Init
 .text.Cy_IPC_Sema_Clear
                0x10082538       0x88 .\CortexM4\ARM_GCC_541\Debug\cy_ipc_sema.o
                0x10082538                Cy_IPC_Sema_Clear
 .text.Cy_IPC_Sema_Status
                0x100825c0       0x40 .\CortexM4\ARM_GCC_541\Debug\cy_ipc_sema.o
                0x100825c0                Cy_IPC_Sema_Status
 .text.Cy_IPC_Pipe_Config
                0x10082600       0x10 .\CortexM4\ARM_GCC_541\Debug\cy_ipc_pipe.o
                0x10082600                Cy_IPC_Pipe_Config
 .text.Cy_IPC_Pipe_EndpointInit
                0x10082610       0xd0 .\CortexM4\ARM_GCC_541\Debug\cy_ipc_pipe.o
                0x10082610                Cy_IPC_Pipe_EndpointInit
 .text.Cy_IPC_Pipe_Init
                0x100826e0       0xb4 .\CortexM4\ARM_GCC_541\Debug\cy_ipc_pipe.o
                0x100826e0                Cy_IPC_Pipe_Init
 .text.Cy_IPC_Pipe_SendMessage
                0x10082794       0xa4 .\CortexM4\ARM_GCC_541\Debug\cy_ipc_pipe.o
                0x10082794                Cy_IPC_Pipe_SendMessage
 .text.Cy_IPC_Pipe_RegisterCallback
                0x10082838       0x50 .\CortexM4\ARM_GCC_541\Debug\cy_ipc_pipe.o
                0x10082838                Cy_IPC_Pipe_RegisterCallback
 .text.Cy_IPC_Pipe_ExecCallback
                0x10082888       0xbc .\CortexM4\ARM_GCC_541\Debug\cy_ipc_pipe.o
                0x10082888                Cy_IPC_Pipe_ExecCallback
 .text.Cy_IPC_Pipe_ExecuteCallback
                0x10082944       0x2c .\CortexM4\ARM_GCC_541\Debug\cy_ipc_pipe.o
                0x10082944                Cy_IPC_Pipe_ExecuteCallback
 .text.Cy_SCB_ReadArrayNoCheck
                0x10082970       0x38 .\CortexM4\ARM_GCC_541\Debug\cy_scb_common.o
                0x10082970                Cy_SCB_ReadArrayNoCheck
 .text.Cy_SCB_ReadArray
                0x100829a8       0x1c .\CortexM4\ARM_GCC_541\Debug\cy_scb_common.o
                0x100829a8                Cy_SCB_ReadArray
 .text.Cy_SCB_WriteArrayNoCheck
                0x100829c4       0x38 .\CortexM4\ARM_GCC_541\Debug\cy_scb_common.o
                0x100829c4                Cy_SCB_WriteArrayNoCheck
 .text.Cy_SCB_WriteArray
                0x100829fc       0x2c .\CortexM4\ARM_GCC_541\Debug\cy_scb_common.o
                0x100829fc                Cy_SCB_WriteArray
 .text.Cy_SCB_WriteDefaultArrayNoCheck
                0x10082a28       0x10 .\CortexM4\ARM_GCC_541\Debug\cy_scb_common.o
                0x10082a28                Cy_SCB_WriteDefaultArrayNoCheck
 .text.Cy_SCB_WriteDefaultArray
                0x10082a38       0x2c .\CortexM4\ARM_GCC_541\Debug\cy_scb_common.o
                0x10082a38                Cy_SCB_WriteDefaultArray
 .text.SlaveHandleStop
                0x10082a64       0xec .\CortexM4\ARM_GCC_541\Debug\cy_scb_i2c.o
 .text.MasterHandleEvents
                0x10082b50       0x74 .\CortexM4\ARM_GCC_541\Debug\cy_scb_i2c.o
 .text.MasterHandleStop
                0x10082bc4       0x2c .\CortexM4\ARM_GCC_541\Debug\cy_scb_i2c.o
 .text.MasterHandleComplete
                0x10082bf0       0xf4 .\CortexM4\ARM_GCC_541\Debug\cy_scb_i2c.o
 .text.HandleStatus
                0x10082ce4       0xf0 .\CortexM4\ARM_GCC_541\Debug\cy_scb_i2c.o
 .text.WaitOneUnit
                0x10082dd4       0x24 .\CortexM4\ARM_GCC_541\Debug\cy_scb_i2c.o
 .text.SlaveHandleDataTransmit
                0x10082df8       0xe8 .\CortexM4\ARM_GCC_541\Debug\cy_scb_i2c.o
 .text.MasterHandleDataTransmit
                0x10082ee0       0xb8 .\CortexM4\ARM_GCC_541\Debug\cy_scb_i2c.o
 .text.SlaveHandleAddress
                0x10082f98      0x158 .\CortexM4\ARM_GCC_541\Debug\cy_scb_i2c.o
 .text.MasterHandleDataReceive
                0x100830f0       0xf0 .\CortexM4\ARM_GCC_541\Debug\cy_scb_i2c.o
 .text.SlaveHandleDataReceive
                0x100831e0       0xbc .\CortexM4\ARM_GCC_541\Debug\cy_scb_i2c.o
 .text.Cy_SCB_I2C_Init
                0x1008329c      0x18c .\CortexM4\ARM_GCC_541\Debug\cy_scb_i2c.o
                0x1008329c                Cy_SCB_I2C_Init
 .text.Cy_SCB_I2C_GetDataRate
                0x10083428       0x90 .\CortexM4\ARM_GCC_541\Debug\cy_scb_i2c.o
                0x10083428                Cy_SCB_I2C_GetDataRate
 .text.Cy_SCB_I2C_SetDataRate
                0x100834b8      0x1d0 .\CortexM4\ARM_GCC_541\Debug\cy_scb_i2c.o
                0x100834b8                Cy_SCB_I2C_SetDataRate
 .text.Cy_SCB_I2C_MasterRead
                0x10083688      0x170 .\CortexM4\ARM_GCC_541\Debug\cy_scb_i2c.o
                0x10083688                Cy_SCB_I2C_MasterRead
 .text.Cy_SCB_I2C_MasterWrite
                0x100837f8      0x148 .\CortexM4\ARM_GCC_541\Debug\cy_scb_i2c.o
                0x100837f8                Cy_SCB_I2C_MasterWrite
 .text.Cy_SCB_I2C_MasterSendStart
                0x10083940       0xf0 .\CortexM4\ARM_GCC_541\Debug\cy_scb_i2c.o
                0x10083940                Cy_SCB_I2C_MasterSendStart
 .text.Cy_SCB_I2C_MasterSendReStart
                0x10083a30       0xd4 .\CortexM4\ARM_GCC_541\Debug\cy_scb_i2c.o
                0x10083a30                Cy_SCB_I2C_MasterSendReStart
 .text.Cy_SCB_I2C_MasterSendStop
                0x10083b04       0x64 .\CortexM4\ARM_GCC_541\Debug\cy_scb_i2c.o
                0x10083b04                Cy_SCB_I2C_MasterSendStop
 .text.Cy_SCB_I2C_MasterReadByte
                0x10083b68       0xb4 .\CortexM4\ARM_GCC_541\Debug\cy_scb_i2c.o
                0x10083b68                Cy_SCB_I2C_MasterReadByte
 .text.Cy_SCB_I2C_MasterWriteByte
                0x10083c1c       0x68 .\CortexM4\ARM_GCC_541\Debug\cy_scb_i2c.o
                0x10083c1c                Cy_SCB_I2C_MasterWriteByte
 .text.Cy_SCB_I2C_SlaveInterrupt
                0x10083c84       0xe4 .\CortexM4\ARM_GCC_541\Debug\cy_scb_i2c.o
                0x10083c84                Cy_SCB_I2C_SlaveInterrupt
 .text.Cy_SCB_I2C_MasterInterrupt
                0x10083d68       0x8c .\CortexM4\ARM_GCC_541\Debug\cy_scb_i2c.o
                0x10083d68                Cy_SCB_I2C_MasterInterrupt
 .text.Cy_SCB_I2C_Interrupt
                0x10083df4       0x18 .\CortexM4\ARM_GCC_541\Debug\cy_scb_i2c.o
                0x10083df4                Cy_SCB_I2C_Interrupt
 .text.Cy_SysInt_SetVector
                0x10083e0c       0x48 .\CortexM4\ARM_GCC_541\Debug\cy_sysint.o
                0x10083e0c                Cy_SysInt_SetVector
 .text.Cy_SysInt_Init
                0x10083e54       0x74 .\CortexM4\ARM_GCC_541\Debug\cy_sysint.o
                0x10083e54                Cy_SysInt_Init
 .text.Cy_SysLib_Delay
                0x10083ec8       0x30 .\CortexM4\ARM_GCC_541\Debug\cy_syslib.o
                0x10083ec8                Cy_SysLib_Delay
 .text.Cy_SysLib_DelayUs
                0x10083ef8       0x14 .\CortexM4\ARM_GCC_541\Debug\cy_syslib.o
                0x10083ef8                Cy_SysLib_DelayUs
 .text.Cy_SysLib_Halt
                0x10083f0c        0x4 .\CortexM4\ARM_GCC_541\Debug\cy_syslib.o
                0x10083f0c                Cy_SysLib_Halt
 .text.Cy_SysLib_AssertFailed
                0x10083f10       0x1c .\CortexM4\ARM_GCC_541\Debug\cy_syslib.o
                0x10083f10                Cy_SysLib_AssertFailed
 .text.Cy_SysLib_ProcessingFault
                0x10083f2c        0x4 .\CortexM4\ARM_GCC_541\Debug\cy_syslib.o
                0x10083f2c                Cy_SysLib_ProcessingFault
 .text.Cy_SysLib_FaultHandler
                0x10083f30       0xa4 .\CortexM4\ARM_GCC_541\Debug\cy_syslib.o
                0x10083f30                Cy_SysLib_FaultHandler
 *fill*         0x10083fd4        0x4 
 .text          0x10083fd8       0x20 .\CortexM4\ARM_GCC_541\Debug\cy_syslib_gcc.o
                0x10083fd8                Cy_SysLib_DelayCycles
                0x10083fea                Cy_SysLib_EnterCriticalSection
                0x10083ff2                Cy_SysLib_ExitCriticalSection
 .text.Cy_PDL_Init
                0x10083ff8        0xc .\CortexM4\ARM_GCC_541\Debug\cy_device.o
                0x10083ff8                Cy_PDL_Init
 .text.vListInitialise
                0x10084004       0x18 .\CortexM4\ARM_GCC_541\Debug\list.o
                0x10084004                vListInitialise
 .text.vListInitialiseItem
                0x1008401c        0x8 .\CortexM4\ARM_GCC_541\Debug\list.o
                0x1008401c                vListInitialiseItem
 .text.vListInsertEnd
                0x10084024       0x18 .\CortexM4\ARM_GCC_541\Debug\list.o
                0x10084024                vListInsertEnd
 .text.vListInsert
                0x1008403c       0x34 .\CortexM4\ARM_GCC_541\Debug\list.o
                0x1008403c                vListInsert
 .text.uxListRemove
                0x10084070       0x28 .\CortexM4\ARM_GCC_541\Debug\list.o
                0x10084070                uxListRemove
 .text.prvGetDisinheritPriorityAfterTimeout
                0x10084098       0x14 .\CortexM4\ARM_GCC_541\Debug\queue.o
 .text.prvIsQueueFull
                0x100840ac       0x20 .\CortexM4\ARM_GCC_541\Debug\queue.o
 .text.prvIsQueueEmpty
                0x100840cc       0x1c .\CortexM4\ARM_GCC_541\Debug\queue.o
 .text.prvCopyDataToQueue
                0x100840e8       0x78 .\CortexM4\ARM_GCC_541\Debug\queue.o
 .text.prvCopyDataFromQueue
                0x10084160       0x24 .\CortexM4\ARM_GCC_541\Debug\queue.o
 .text.prvUnlockQueue
                0x10084184       0x68 .\CortexM4\ARM_GCC_541\Debug\queue.o
 .text.xQueueGenericReset
                0x100841ec       0x80 .\CortexM4\ARM_GCC_541\Debug\queue.o
                0x100841ec                xQueueGenericReset
 .text.prvInitialiseNewQueue
                0x1008426c       0x1c .\CortexM4\ARM_GCC_541\Debug\queue.o
 .text.xQueueGenericCreate
                0x10084288       0x4c .\CortexM4\ARM_GCC_541\Debug\queue.o
                0x10084288                xQueueGenericCreate
 .text.xQueueGenericSend
                0x100842d4      0x190 .\CortexM4\ARM_GCC_541\Debug\queue.o
                0x100842d4                xQueueGenericSend
 .text.xQueueGenericSendFromISR
                0x10084464       0xe4 .\CortexM4\ARM_GCC_541\Debug\queue.o
                0x10084464                xQueueGenericSendFromISR
 .text.xQueueGiveFromISR
                0x10084548       0xbc .\CortexM4\ARM_GCC_541\Debug\queue.o
                0x10084548                xQueueGiveFromISR
 .text.xQueueReceive
                0x10084604      0x158 .\CortexM4\ARM_GCC_541\Debug\queue.o
                0x10084604                xQueueReceive
 .text.xQueueSemaphoreTake
                0x1008475c      0x190 .\CortexM4\ARM_GCC_541\Debug\queue.o
                0x1008475c                xQueueSemaphoreTake
 .text.vQueueAddToRegistry
                0x100848ec       0x28 .\CortexM4\ARM_GCC_541\Debug\queue.o
                0x100848ec                vQueueAddToRegistry
 .text.vQueueWaitForMessageRestricted
                0x10084914       0x4c .\CortexM4\ARM_GCC_541\Debug\queue.o
                0x10084914                vQueueWaitForMessageRestricted
 .text.prvTaskIsTaskSuspended
                0x10084960       0x4c .\CortexM4\ARM_GCC_541\Debug\tasks.o
 .text.prvResetNextTaskUnblockTime
                0x100849ac       0x2c .\CortexM4\ARM_GCC_541\Debug\tasks.o
 .text.prvDeleteTCB
                0x100849d8       0x14 .\CortexM4\ARM_GCC_541\Debug\tasks.o
 .text.prvInitialiseNewTask
                0x100849ec       0xac .\CortexM4\ARM_GCC_541\Debug\tasks.o
 .text.prvInitialiseTaskLists
                0x10084a98       0x58 .\CortexM4\ARM_GCC_541\Debug\tasks.o
 .text.prvAddNewTaskToReadyList
                0x10084af0       0xac .\CortexM4\ARM_GCC_541\Debug\tasks.o
 .text.prvCheckTasksWaitingTermination
                0x10084b9c       0x44 .\CortexM4\ARM_GCC_541\Debug\tasks.o
 .text.prvIdleTask
                0x10084be0       0x28 .\CortexM4\ARM_GCC_541\Debug\tasks.o
 .text.prvAddCurrentTaskToDelayedList
                0x10084c08       0x68 .\CortexM4\ARM_GCC_541\Debug\tasks.o
 .text.xTaskCreate
                0x10084c70       0x64 .\CortexM4\ARM_GCC_541\Debug\tasks.o
                0x10084c70                xTaskCreate
 .text.xTaskResumeFromISR
                0x10084cd4       0xa4 .\CortexM4\ARM_GCC_541\Debug\tasks.o
                0x10084cd4                xTaskResumeFromISR
 .text.vTaskStartScheduler
                0x10084d78       0x7c .\CortexM4\ARM_GCC_541\Debug\tasks.o
                0x10084d78                vTaskStartScheduler
 .text.vTaskSuspendAll
                0x10084df4       0x14 .\CortexM4\ARM_GCC_541\Debug\tasks.o
                0x10084df4                vTaskSuspendAll
 .text.xTaskGetTickCount
                0x10084e08        0xc .\CortexM4\ARM_GCC_541\Debug\tasks.o
                0x10084e08                xTaskGetTickCount
 .text.xTaskIncrementTick
                0x10084e14       0xfc .\CortexM4\ARM_GCC_541\Debug\tasks.o
                0x10084e14                xTaskIncrementTick
 .text.xTaskResumeAll
                0x10084f10       0xf0 .\CortexM4\ARM_GCC_541\Debug\tasks.o
                0x10084f10                xTaskResumeAll
 .text.vTaskDelay
                0x10085000       0x50 .\CortexM4\ARM_GCC_541\Debug\tasks.o
                0x10085000                vTaskDelay
 .text.vTaskSwitchContext
                0x10085050       0xc8 .\CortexM4\ARM_GCC_541\Debug\tasks.o
                0x10085050                vTaskSwitchContext
 .text.vTaskPlaceOnEventList
                0x10085118       0x34 .\CortexM4\ARM_GCC_541\Debug\tasks.o
                0x10085118                vTaskPlaceOnEventList
 .text.vTaskPlaceOnEventListRestricted
                0x1008514c       0x3c .\CortexM4\ARM_GCC_541\Debug\tasks.o
                0x1008514c                vTaskPlaceOnEventListRestricted
 .text.xTaskRemoveFromEventList
                0x10085188       0x88 .\CortexM4\ARM_GCC_541\Debug\tasks.o
                0x10085188                xTaskRemoveFromEventList
 .text.vTaskInternalSetTimeOutState
                0x10085210       0x14 .\CortexM4\ARM_GCC_541\Debug\tasks.o
                0x10085210                vTaskInternalSetTimeOutState
 .text.xTaskCheckForTimeOut
                0x10085224       0x80 .\CortexM4\ARM_GCC_541\Debug\tasks.o
                0x10085224                xTaskCheckForTimeOut
 .text.vTaskMissedYield
                0x100852a4       0x10 .\CortexM4\ARM_GCC_541\Debug\tasks.o
                0x100852a4                vTaskMissedYield
 .text.xTaskGetSchedulerState
                0x100852b4       0x20 .\CortexM4\ARM_GCC_541\Debug\tasks.o
                0x100852b4                xTaskGetSchedulerState
 .text.xTaskPriorityInherit
                0x100852d4       0xa8 .\CortexM4\ARM_GCC_541\Debug\tasks.o
                0x100852d4                xTaskPriorityInherit
 .text.xTaskPriorityDisinherit
                0x1008537c       0x94 .\CortexM4\ARM_GCC_541\Debug\tasks.o
                0x1008537c                xTaskPriorityDisinherit
 .text.vTaskPriorityDisinheritAfterTimeout
                0x10085410       0xac .\CortexM4\ARM_GCC_541\Debug\tasks.o
                0x10085410                vTaskPriorityDisinheritAfterTimeout
 .text.pvTaskIncrementMutexHeldCount
                0x100854bc       0x20 .\CortexM4\ARM_GCC_541\Debug\tasks.o
                0x100854bc                pvTaskIncrementMutexHeldCount
 .text.prvGetNextExpireTime
                0x100854dc       0x20 .\CortexM4\ARM_GCC_541\Debug\timers.o
 .text.prvInsertTimerInActiveList
                0x100854fc       0x44 .\CortexM4\ARM_GCC_541\Debug\timers.o
 .text.prvCheckForValidListAndQueue
                0x10085540       0x48 .\CortexM4\ARM_GCC_541\Debug\timers.o
 .text.xTimerCreateTimerTask
                0x10085588       0x50 .\CortexM4\ARM_GCC_541\Debug\timers.o
                0x10085588                xTimerCreateTimerTask
 .text.xTimerGenericCommand
                0x100855d8       0x6c .\CortexM4\ARM_GCC_541\Debug\timers.o
                0x100855d8                xTimerGenericCommand
 .text.prvSwitchTimerLists
                0x10085644       0x74 .\CortexM4\ARM_GCC_541\Debug\timers.o
 .text.prvSampleTimeNow
                0x100856b8       0x2c .\CortexM4\ARM_GCC_541\Debug\timers.o
 .text.prvProcessExpiredTimer
                0x100856e4       0x5c .\CortexM4\ARM_GCC_541\Debug\timers.o
 .text.prvProcessTimerOrBlockTask
                0x10085740       0x70 .\CortexM4\ARM_GCC_541\Debug\timers.o
 .text.prvProcessReceivedCommands
                0x100857b0       0xbc .\CortexM4\ARM_GCC_541\Debug\timers.o
 .text.prvTimerTask
                0x1008586c       0x18 .\CortexM4\ARM_GCC_541\Debug\timers.o
 .text.prvTaskExitError
                0x10085884       0x40 .\CortexM4\ARM_GCC_541\Debug\port.o
 .text.prvPortStartFirstTask
                0x100858c4       0x28 .\CortexM4\ARM_GCC_541\Debug\port.o
 .text.vPortEnableVFP
                0x100858ec       0x14 .\CortexM4\ARM_GCC_541\Debug\port.o
 .text.pxPortInitialiseStack
                0x10085900       0x2c .\CortexM4\ARM_GCC_541\Debug\port.o
                0x10085900                pxPortInitialiseStack
 *fill*         0x1008592c        0x4 
 .text.SVC_Handler
                0x10085930       0x24 .\CortexM4\ARM_GCC_541\Debug\port.o
                0x10085930                SVC_Handler
 .text.vPortEnterCritical
                0x10085954       0x44 .\CortexM4\ARM_GCC_541\Debug\port.o
                0x10085954                vPortEnterCritical
 .text.vPortExitCritical
                0x10085998       0x2c .\CortexM4\ARM_GCC_541\Debug\port.o
                0x10085998                vPortExitCritical
 *fill*         0x100859c4        0xc 
 .text.PendSV_Handler
                0x100859d0       0x64 .\CortexM4\ARM_GCC_541\Debug\port.o
                0x100859d0                PendSV_Handler
 .text.SysTick_Handler
                0x10085a34       0x2c .\CortexM4\ARM_GCC_541\Debug\port.o
                0x10085a34                SysTick_Handler
 .text.vPortSetupTimerInterrupt
                0x10085a60       0x38 .\CortexM4\ARM_GCC_541\Debug\port.o
                0x10085a60                vPortSetupTimerInterrupt
 .text.xPortStartScheduler
                0x10085a98       0xc4 .\CortexM4\ARM_GCC_541\Debug\port.o
                0x10085a98                xPortStartScheduler
 .text.vPortValidateInterruptPriority
                0x10085b5c       0x58 .\CortexM4\ARM_GCC_541\Debug\port.o
                0x10085b5c                vPortValidateInterruptPriority
 .text.vApplicationStackOverflowHook
                0x10085bb4       0x24 .\CortexM4\ARM_GCC_541\Debug\port.o
                0x10085bb4                vApplicationStackOverflowHook
 .text.pvPortMalloc
                0x10085bd8       0x60 .\CortexM4\ARM_GCC_541\Debug\heap_1.o
                0x10085bd8                pvPortMalloc
 .text.vPortFree
                0x10085c38       0x18 .\CortexM4\ARM_GCC_541\Debug\heap_1.o
                0x10085c38                vPortFree
 .text.I2C_MAX_Interrupt
                0x10085c50       0x14 .\CortexM4\ARM_GCC_541\Debug\I2C_MAX.o
 .text.I2C_MAX_Start
                0x10085c64       0x78 .\CortexM4\ARM_GCC_541\Debug\I2C_MAX.o
                0x10085c64                I2C_MAX_Start
 .text.I2Cm_Interrupt
                0x10085cdc       0x14 .\CortexM4\ARM_GCC_541\Debug\I2Cm.o
 .text.I2Cm_Start
                0x10085cf0       0x78 .\CortexM4\ARM_GCC_541\Debug\I2Cm.o
                0x10085cf0                I2Cm_Start
 .text.memcpy   0x10085d68       0x16 c:/program files (x86)/cypress/psoc creator/4.4/psoc creator/import/gnu/arm/5.4.1/bin/../lib/gcc/arm-none-eabi/5.4.1/../../../../arm-none-eabi/lib/armv7e-m/softfp\libg_nano.a(lib_a-memcpy-stub.o)
                0x10085d68                memcpy
 .text.memset   0x10085d7e       0x10 c:/program files (x86)/cypress/psoc creator/4.4/psoc creator/import/gnu/arm/5.4.1/bin/../lib/gcc/arm-none-eabi/5.4.1/../../../../arm-none-eabi/lib/armv7e-m/softfp\libg_nano.a(lib_a-memset.o)
                0x10085d7e                memset
 .text.strncpy  0x10085d8e       0x26 c:/program files (x86)/cypress/psoc creator/4.4/psoc creator/import/gnu/arm/5.4.1/bin/../lib/gcc/arm-none-eabi/5.4.1/../../../../arm-none-eabi/lib/armv7e-m/softfp\libg_nano.a(lib_a-strncpy.o)
                0x10085d8e                strncpy
 *(.init)
 .init          0x10085db4        0x4 c:/program files (x86)/cypress/psoc creator/4.4/psoc creator/import/gnu/arm/5.4.1/bin/../lib/gcc/arm-none-eabi/5.4.1/armv7e-m/softfp/crti.o
                0x10085db4                _init
 .init          0x10085db8        0x8 c:/program files (x86)/cypress/psoc creator/4.4/psoc creator/import/gnu/arm/5.4.1/bin/../lib/gcc/arm-none-eabi/5.4.1/armv7e-m/softfp/crtn.o
 *(.fini)
 .fini          0x10085dc0        0x4 c:/program files (x86)/cypress/psoc creator/4.4/psoc creator/import/gnu/arm/5.4.1/bin/../lib/gcc/arm-none-eabi/5.4.1/armv7e-m/softfp/crti.o
                0x10085dc0                _fini
 .fini          0x10085dc4        0x8 c:/program files (x86)/cypress/psoc creator/4.4/psoc creator/import/gnu/arm/5.4.1/bin/../lib/gcc/arm-none-eabi/5.4.1/armv7e-m/softfp/crtn.o
 *crtbegin.o(.ctors)
 *crtbegin?.o(.ctors)
 *(EXCLUDE_FILE(*crtend.o *crtend?.o) .ctors)
 *(SORT(.ctors.*))
 *(.ctors)
 *crtbegin.o(.dtors)
 *crtbegin?.o(.dtors)
 *(EXCLUDE_FILE(*crtend.o *crtend?.o) .dtors)
 *(SORT(.dtors.*))
 *(.dtors)
 *(.rodata .rodata.* .constdata .constdata.* .conststring .conststring.*)
 .rodata.str1.4
                0x10085dcc       0x1b .\CortexM4\ARM_GCC_541\Debug\main_cm4.o
 *fill*         0x10085de7        0x1 
 .rodata        0x10085de8       0x34 .\CortexM4\ARM_GCC_541\Debug\system_psoc6_cm4.o
 .rodata        0x10085e1c        0xd .\CortexM4\ARM_GCC_541\Debug\bmi160.o
                0x10085e1c                int_mask_lookup_table
 *fill*         0x10085e29        0x3 
 .rodata.str1.4
                0x10085e2c        0xf .\CortexM4\ARM_GCC_541\Debug\i2cm_support.o
 *fill*         0x10085e3b        0x1 
 .rodata        0x10085e3c       0x28 .\CortexM4\ARM_GCC_541\Debug\cyfitter_sysint_cfg.o
                0x10085e3c                SysInt_OrientINT_cfg
                0x10085e44                CapSense_ISR_cfg
                0x10085e4c                CY_EINK_SPIM_SCB_IRQ_cfg
                0x10085e54                I2Cm_SCB_IRQ_cfg
                0x10085e5c                I2C_MAX_SCB_IRQ_cfg
 .rodata.str1.4
                0x10085e64       0x3f .\CortexM4\ARM_GCC_541\Debug\cy_flash.o
 *fill*         0x10085ea3        0x1 
 .rodata.str1.4
                0x10085ea4       0x7f .\CortexM4\ARM_GCC_541\Debug\cy_ipc_drv.o
 .rodata.str1.4
                0x10085f23       0x3f .\CortexM4\ARM_GCC_541\Debug\cy_ipc_sema.o
 *fill*         0x10085f23        0x1 
 .rodata.str1.4
                0x10085f24       0x40 .\CortexM4\ARM_GCC_541\Debug\cy_ipc_pipe.o
                                 0x7f (size before relaxing)
 .rodata.str1.4
                0x10085f64       0xc3 .\CortexM4\ARM_GCC_541\Debug\cy_scb_i2c.o
 *fill*         0x10086027        0x1 
 .rodata.str1.4
                0x10086028       0x41 .\CortexM4\ARM_GCC_541\Debug\cy_sysint.o
 *fill*         0x10086069        0x3 
 .rodata        0x1008606c      0x170 .\CortexM4\ARM_GCC_541\Debug\cy_device.o
                0x1008606c                cy_deviceIpBlockCfgPSoC6_02
                0x10086124                cy_deviceIpBlockCfgPSoC6_01
 .rodata.str1.4
                0x100861dc        0x5 .\CortexM4\ARM_GCC_541\Debug\tasks.o
 *fill*         0x100861e1        0x3 
 .rodata.str1.4
                0x100861e4       0x10 .\CortexM4\ARM_GCC_541\Debug\timers.o
 .rodata.str1.4
                0x100861f4       0x50 .\CortexM4\ARM_GCC_541\Debug\port.o
 .rodata        0x10086244       0x14 .\CortexM4\ARM_GCC_541\Debug\I2C_MAX.o
                0x10086244                I2C_MAX_config
 .rodata        0x10086258       0x14 .\CortexM4\ARM_GCC_541\Debug\I2Cm.o
                0x10086258                I2Cm_config
 *(.eh_frame*)
 .eh_frame      0x1008626c        0x0 c:/program files (x86)/cypress/psoc creator/4.4/psoc creator/import/gnu/arm/5.4.1/bin/../lib/gcc/arm-none-eabi/5.4.1/armv7e-m/softfp/crtbegin.o
 .eh_frame      0x1008626c        0x4 c:/program files (x86)/cypress/psoc creator/4.4/psoc creator/import/gnu/arm/5.4.1/bin/../lib/gcc/arm-none-eabi/5.4.1/armv7e-m/softfp/crtend.o

.glue_7         0x10086270        0x0
 .glue_7        0x10086270        0x0 linker stubs

.glue_7t        0x10086270        0x0
 .glue_7t       0x10086270        0x0 linker stubs

.vfp11_veneer   0x10086270        0x0
 .vfp11_veneer  0x10086270        0x0 linker stubs

.v4_bx          0x10086270        0x0
 .v4_bx         0x10086270        0x0 linker stubs

.iplt           0x10086270        0x0
 .iplt          0x10086270        0x0 c:/program files (x86)/cypress/psoc creator/4.4/psoc creator/import/gnu/arm/5.4.1/bin/../lib/gcc/arm-none-eabi/5.4.1/armv7e-m/softfp/crtbegin.o

.ARM.extab
 *(.ARM.extab* .gnu.linkonce.armextab.*)
                0x10086270                __exidx_start = .

.ARM.exidx
 *(.ARM.exidx* .gnu.linkonce.armexidx.*)
                0x10086270                __exidx_end = .

.copy.table     0x10086270       0x18
                0x10086270                . = ALIGN (0x4)
                0x10086270                __copy_table_start__ = .
                0x10086270        0x4 LONG 0x10080000 __Vectors
                0x10086274        0x4 LONG 0x8024000 __ram_vectors_start__
                0x10086278        0x4 LONG 0x28c (__Vectors_End - __Vectors)
                0x1008627c        0x4 LONG 0x10086290 __etext
                0x10086280        0x4 LONG 0x802428c __data_start__
                0x10086284        0x4 LONG 0x2514 (__data_end__ - __data_start__)
                0x10086288                __copy_table_end__ = .

.zero.table     0x10086288        0x8
                0x10086288                . = ALIGN (0x4)
                0x10086288                __zero_table_start__ = .
                0x10086288        0x4 LONG 0x8026834 __bss_start__
                0x1008628c        0x4 LONG 0x2cc0 (__bss_end__ - __bss_start__)
                0x10086290                __zero_table_end__ = .
                0x10086290                __etext = .

.ramVectors     0x08024000      0x28c
                0x08024000                __ram_vectors_start__ = .
 *(.ram_vectors)
 .ram_vectors   0x08024000      0x28c .\CortexM4\ARM_GCC_541\Debug\startup_psoc6_01_cm4.o
                0x08024000                __ramVectors
                0x0802428c                __ram_vectors_end__ = .

.data           0x0802428c     0x2514 load address 0x10086290
                0x0802428c                __data_start__ = .
 *(vtable)
 *(.data*)
 .data          0x0802428c       0x20 .\CortexM4\ARM_GCC_541\Debug\system_psoc6_cm4.o
                0x0802428c                cy_BleEcoClockFreqHz
                0x08024290                cy_Hfclk0FreqHz
                0x08024294                cy_PeriClkFreqHz
                0x08024298                SystemCoreClock
                0x0802429c                cy_delayFreqHz
                0x080242a0                cy_delayFreqMhz
                0x080242a4                cy_delayFreqKhz
                0x080242a8                cy_delay32kMs
 .data          0x080242ac     0x1f48 .\CortexM4\ARM_GCC_541\Debug\Traitement_Signal.o
                0x080242ac                blockSize
                0x080242b0                numBlocks
                0x080242b4                red_data
                0x08025254                ir_data
 .data          0x080261f4        0x4 .\CortexM4\ARM_GCC_541\Debug\port.o
                0x080261f8                . = ALIGN (0x4)
                0x080261f8                PROVIDE (__preinit_array_start, .)
 *(.preinit_array)
                0x080261f8                PROVIDE (__preinit_array_end, .)
                0x080261f8                . = ALIGN (0x4)
                0x080261f8                PROVIDE (__init_array_start, .)
 *(SORT(.init_array.*))
 *(.init_array)
 .init_array    0x080261f8        0x4 c:/program files (x86)/cypress/psoc creator/4.4/psoc creator/import/gnu/arm/5.4.1/bin/../lib/gcc/arm-none-eabi/5.4.1/armv7e-m/softfp/crtbegin.o
                0x080261fc                PROVIDE (__init_array_end, .)
                0x080261fc                . = ALIGN (0x4)
                [!provide]                PROVIDE (__fini_array_start, .)
 *(SORT(.fini_array.*))
 *(.fini_array)
 .fini_array    0x080261fc        0x4 c:/program files (x86)/cypress/psoc creator/4.4/psoc creator/import/gnu/arm/5.4.1/bin/../lib/gcc/arm-none-eabi/5.4.1/armv7e-m/softfp/crtbegin.o
                [!provide]                PROVIDE (__fini_array_end, .)
 *(.jcr*)
 .jcr           0x08026200        0x0 c:/program files (x86)/cypress/psoc creator/4.4/psoc creator/import/gnu/arm/5.4.1/bin/../lib/gcc/arm-none-eabi/5.4.1/armv7e-m/softfp/crtbegin.o
 .jcr           0x08026200        0x4 c:/program files (x86)/cypress/psoc creator/4.4/psoc creator/import/gnu/arm/5.4.1/bin/../lib/gcc/arm-none-eabi/5.4.1/armv7e-m/softfp/crtend.o
                0x08026204                . = ALIGN (0x4)
 *(.cy_ramfunc*)
 .cy_ramfunc    0x08026204      0x300 .\CortexM4\ARM_GCC_541\Debug\cy_flash.o
                0x08026270                Cy_Flash_ResumeIrqHandler
 .cy_ramfunc    0x08026504      0x218 .\CortexM4\ARM_GCC_541\Debug\cy_syspm.o
 *fill*         0x0802671c        0x4 
 .cy_ramfunc.__stub
                0x08026720       0x80 linker stubs
                0x080267a0                . = ALIGN (0x4)
                0x080267a0                __data_end__ = .

.igot.plt       0x080267a0        0x0 load address 0x100887a4
 .igot.plt      0x080267a0        0x0 c:/program files (x86)/cypress/psoc creator/4.4/psoc creator/import/gnu/arm/5.4.1/bin/../lib/gcc/arm-none-eabi/5.4.1/armv7e-m/softfp/crtbegin.o

.noinit         0x080267a0       0x94 load address 0x100887a8
 *(.noinit)
 .noinit        0x080267a0       0x94 .\CortexM4\ARM_GCC_541\Debug\cy_syslib.o
                0x080267a0                cy_assertFileName
                0x080267b8                cy_assertLine
                0x080267bc                cy_faultFrame

.bss            0x08026834     0x2cc0 load address 0x1008883c
                0x08026834                . = ALIGN (0x4)
                0x08026834                __bss_start__ = .
 *(.bss*)
 .bss           0x08026834       0x1c c:/program files (x86)/cypress/psoc creator/4.4/psoc creator/import/gnu/arm/5.4.1/bin/../lib/gcc/arm-none-eabi/5.4.1/armv7e-m/softfp/crtbegin.o
 .bss           0x08026850      0x180 .\CortexM4\ARM_GCC_541\Debug\system_psoc6_cm4.o
 .bss           0x080269d0       0x10 .\CortexM4\ARM_GCC_541\Debug\i2cm_support.o
 .bss           0x080269e0        0xc .\CortexM4\ARM_GCC_541\Debug\MAX30102_functions.o
                0x080269e0                write_idx_MAX
                0x080269e4                read_flag_MAX
                0x080269e8                read_idx_MAX
 .bss           0x080269ec        0x1 .\CortexM4\ARM_GCC_541\Debug\motion_task.o
                0x080269ec                LED_flag
 *fill*         0x080269ed        0x3 
 .bss           0x080269f0       0x18 .\CortexM4\ARM_GCC_541\Debug\cy_flash.o
 .bss           0x08026a08        0xc .\CortexM4\ARM_GCC_541\Debug\cy_ipc_sema.o
 .bss           0x08026a14        0x4 .\CortexM4\ARM_GCC_541\Debug\cy_ipc_pipe.o
 .bss           0x08026a18       0x3c .\CortexM4\ARM_GCC_541\Debug\cy_syspm.o
 .bss           0x08026a54      0x12c .\CortexM4\ARM_GCC_541\Debug\tasks.o
                0x08026b54                pxCurrentTCB
 .bss           0x08026b80       0x3c .\CortexM4\ARM_GCC_541\Debug\timers.o
 .bss           0x08026bbc        0x8 .\CortexM4\ARM_GCC_541\Debug\port.o
 .bss           0x08026bc4     0x2808 .\CortexM4\ARM_GCC_541\Debug\heap_1.o
 .bss           0x080293cc        0x1 .\CortexM4\ARM_GCC_541\Debug\I2C_MAX.o
                0x080293cc                I2C_MAX_initVar
 .bss           0x080293cd        0x1 .\CortexM4\ARM_GCC_541\Debug\I2Cm.o
                0x080293cd                I2Cm_initVar
 *(COMMON)
 *fill*         0x080293ce        0x2 
 COMMON         0x080293d0        0x4 .\CortexM4\ARM_GCC_541\Debug\i2cm_support.o
                0x080293d0                xSemaphoreI2C
 COMMON         0x080293d4        0x6 .\CortexM4\ARM_GCC_541\Debug\MAX30102_functions.o
                0x080293d4                buffer
 *fill*         0x080293da        0x2 
 COMMON         0x080293dc       0x2c .\CortexM4\ARM_GCC_541\Debug\motion_task.o
                0x080293dc                sensor
                0x08029404                xTaskHandleMotion
 COMMON         0x08029408        0x4 .\CortexM4\ARM_GCC_541\Debug\cy_device.o
                0x08029408                cy_device
 COMMON         0x0802940c       0x50 .\CortexM4\ARM_GCC_541\Debug\queue.o
                0x0802940c                xQueueRegistry
 COMMON         0x0802945c       0x4c .\CortexM4\ARM_GCC_541\Debug\I2C_MAX.o
                0x0802945c                I2C_MAX_context
 COMMON         0x080294a8       0x4c .\CortexM4\ARM_GCC_541\Debug\I2Cm.o
                0x080294a8                I2Cm_context
                0x080294f4                . = ALIGN (0x4)
                0x080294f4                __bss_end__ = .

.heap           0x080294f8      0x400
                0x080294f8                __HeapBase = .
                0x080294f8                __end__ = .
                0x080294f8                end = __end__
 *(.heap*)
 .heap          0x080294f8      0x400 .\CortexM4\ARM_GCC_541\Debug\startup_psoc6_01_cm4.o
                0x080298f8                __HeapLimit = .

.stack_dummy    0x080294f8     0x1000
 *(.stack*)
 .stack         0x080294f8     0x1000 .\CortexM4\ARM_GCC_541\Debug\startup_psoc6_01_cm4.o
                0x08047800                __StackTop = (ORIGIN (ram) + LENGTH (ram))
                0x08046800                __StackLimit = (__StackTop - SIZEOF (.stack_dummy))
                0x08047800                PROVIDE (__stack, __StackTop)
                0x00000001                ASSERT ((__StackLimit >= __HeapLimit), region RAM overflowed with stack)

.cy_app_signature
 *(.cy_app_signature)

.cy_em_eeprom
 *(.cy_em_eeprom)

.cy_sflash_user_data
 *(.cy_sflash_user_data)

.cy_sflash_nar
 *(.cy_sflash_nar)

.cy_sflash_public_key
 *(.cy_sflash_public_key)

.cy_toc_part2
 *(.cy_toc_part2)

.cy_rtoc_part2
 *(.cy_rtoc_part2)

.cy_xip
 *(.cy_xip)

.cy_efuse
 *(.cy_efuse)

.cymeta         0x90500000        0xc
 *(.cymeta)
 .cymeta        0x90500000        0xc .\CortexM4\ARM_GCC_541\Debug\cymetadata.o
                0x90500000                cy_metadata
                0x10000000                __cy_memory_0_start = 0x10000000
                0x00100000                __cy_memory_0_length = 0x100000
                0x00000200                __cy_memory_0_row_size = 0x200
                0x14000000                __cy_memory_1_start = 0x14000000
                0x00008000                __cy_memory_1_length = 0x8000
                0x00000200                __cy_memory_1_row_size = 0x200
                0x16000000                __cy_memory_2_start = 0x16000000
                0x00008000                __cy_memory_2_length = 0x8000
                0x00000200                __cy_memory_2_row_size = 0x200
                0x18000000                __cy_memory_3_start = 0x18000000
                0x08000000                __cy_memory_3_length = 0x8000000
                0x00000200                __cy_memory_3_row_size = 0x200
                0x90700000                __cy_memory_4_start = 0x90700000
                0x00100000                __cy_memory_4_length = 0x100000
                0x00000001                __cy_memory_4_row_size = 0x1
OUTPUT(C:\Users\nicpa\OneDrive\Documents\GBM2100\Laboratoire3.cydsn\CortexM4\ARM_GCC_541\Debug\Laboratoire3_link.elf elf32-littlearm)

.rel.dyn        0x080294f4        0x0 load address 0x98562014
 .rel.iplt      0x080294f4        0x0 c:/program files (x86)/cypress/psoc creator/4.4/psoc creator/import/gnu/arm/5.4.1/bin/../lib/gcc/arm-none-eabi/5.4.1/armv7e-m/softfp/crtbegin.o

.ARM.attributes
                0x00000000       0x2e
 .ARM.attributes
                0x00000000       0x22 c:/program files (x86)/cypress/psoc creator/4.4/psoc creator/import/gnu/arm/5.4.1/bin/../lib/gcc/arm-none-eabi/5.4.1/armv7e-m/softfp/crti.o
 .ARM.attributes
                0x00000022       0x32 c:/program files (x86)/cypress/psoc creator/4.4/psoc creator/import/gnu/arm/5.4.1/bin/../lib/gcc/arm-none-eabi/5.4.1/armv7e-m/softfp/crtbegin.o
 .ARM.attributes
                0x00000054       0x1f .\CortexM4\ARM_GCC_541\Debug\startup_psoc6_01_cm4.o
 .ARM.attributes
                0x00000073       0x37 .\CortexM4\ARM_GCC_541\Debug\main_cm4.o
 .ARM.attributes
                0x000000aa       0x37 .\CortexM4\ARM_GCC_541\Debug\system_psoc6_cm4.o
 .ARM.attributes
                0x000000e1       0x37 .\CortexM4\ARM_GCC_541\Debug\bmi160.o
 .ARM.attributes
                0x00000118       0x37 .\CortexM4\ARM_GCC_541\Debug\i2cm_support.o
 .ARM.attributes
                0x0000014f       0x37 .\CortexM4\ARM_GCC_541\Debug\MAX30102_functions.o
 .ARM.attributes
                0x00000186       0x37 .\CortexM4\ARM_GCC_541\Debug\motion_task.o
 .ARM.attributes
                0x000001bd       0x37 .\CortexM4\ARM_GCC_541\Debug\Traitement_Signal.o
 .ARM.attributes
                0x000001f4       0x37 .\CortexM4\ARM_GCC_541\Debug\cyfitter_sysint_cfg.o
 .ARM.attributes
                0x0000022b       0x37 .\CortexM4\ARM_GCC_541\Debug\cymetadata.o
 .ARM.attributes
                0x00000262       0x37 .\CortexM4\ARM_GCC_541\Debug\cy_flash.o
 .ARM.attributes
                0x00000299       0x37 .\CortexM4\ARM_GCC_541\Debug\cy_ipc_drv.o
 .ARM.attributes
                0x000002d0       0x37 .\CortexM4\ARM_GCC_541\Debug\cy_ipc_sema.o
 .ARM.attributes
                0x00000307       0x37 .\CortexM4\ARM_GCC_541\Debug\cy_ipc_pipe.o
 .ARM.attributes
                0x0000033e       0x37 .\CortexM4\ARM_GCC_541\Debug\cy_scb_common.o
 .ARM.attributes
                0x00000375       0x37 .\CortexM4\ARM_GCC_541\Debug\cy_scb_i2c.o
 .ARM.attributes
                0x000003ac       0x37 .\CortexM4\ARM_GCC_541\Debug\cy_sysint.o
 .ARM.attributes
                0x000003e3       0x37 .\CortexM4\ARM_GCC_541\Debug\cy_syslib.o
 .ARM.attributes
                0x0000041a       0x25 .\CortexM4\ARM_GCC_541\Debug\cy_syslib_gcc.o
 .ARM.attributes
                0x0000043f       0x37 .\CortexM4\ARM_GCC_541\Debug\cy_syspm.o
 .ARM.attributes
                0x00000476       0x37 .\CortexM4\ARM_GCC_541\Debug\cy_device.o
 .ARM.attributes
                0x000004ad       0x37 .\CortexM4\ARM_GCC_541\Debug\list.o
 .ARM.attributes
                0x000004e4       0x37 .\CortexM4\ARM_GCC_541\Debug\queue.o
 .ARM.attributes
                0x0000051b       0x37 .\CortexM4\ARM_GCC_541\Debug\tasks.o
 .ARM.attributes
                0x00000552       0x37 .\CortexM4\ARM_GCC_541\Debug\timers.o
 .ARM.attributes
                0x00000589       0x37 .\CortexM4\ARM_GCC_541\Debug\port.o
 .ARM.attributes
                0x000005c0       0x37 .\CortexM4\ARM_GCC_541\Debug\heap_1.o
 .ARM.attributes
                0x000005f7       0x37 .\CortexM4\ARM_GCC_541\Debug\I2C_MAX.o
 .ARM.attributes
                0x0000062e       0x37 .\CortexM4\ARM_GCC_541\Debug\I2Cm.o
 .ARM.attributes
                0x00000665       0x32 c:/program files (x86)/cypress/psoc creator/4.4/psoc creator/import/gnu/arm/5.4.1/bin/../lib/gcc/arm-none-eabi/5.4.1/../../../../arm-none-eabi/lib/armv7e-m/softfp\libg_nano.a(lib_a-memcpy-stub.o)
 .ARM.attributes
                0x00000697       0x32 c:/program files (x86)/cypress/psoc creator/4.4/psoc creator/import/gnu/arm/5.4.1/bin/../lib/gcc/arm-none-eabi/5.4.1/../../../../arm-none-eabi/lib/armv7e-m/softfp\libg_nano.a(lib_a-memset.o)
 .ARM.attributes
                0x000006c9       0x32 c:/program files (x86)/cypress/psoc creator/4.4/psoc creator/import/gnu/arm/5.4.1/bin/../lib/gcc/arm-none-eabi/5.4.1/../../../../arm-none-eabi/lib/armv7e-m/softfp\libg_nano.a(lib_a-strncpy.o)
 .ARM.attributes
                0x000006fb       0x32 c:/program files (x86)/cypress/psoc creator/4.4/psoc creator/import/gnu/arm/5.4.1/bin/../lib/gcc/arm-none-eabi/5.4.1/armv7e-m/softfp/crtend.o
 .ARM.attributes
                0x0000072d       0x22 c:/program files (x86)/cypress/psoc creator/4.4/psoc creator/import/gnu/arm/5.4.1/bin/../lib/gcc/arm-none-eabi/5.4.1/armv7e-m/softfp/crtn.o

.comment        0x00000000       0x6e
 .comment       0x00000000       0x6e .\CortexM4\ARM_GCC_541\Debug\main_cm4.o
                                 0x6f (size before relaxing)
 .comment       0x0000006e       0x6f .\CortexM4\ARM_GCC_541\Debug\system_psoc6_cm4.o
 .comment       0x0000006e       0x6f .\CortexM4\ARM_GCC_541\Debug\bmi160.o
 .comment       0x0000006e       0x6f .\CortexM4\ARM_GCC_541\Debug\i2cm_support.o
 .comment       0x0000006e       0x6f .\CortexM4\ARM_GCC_541\Debug\MAX30102_functions.o
 .comment       0x0000006e       0x6f .\CortexM4\ARM_GCC_541\Debug\motion_task.o
 .comment       0x0000006e       0x6f .\CortexM4\ARM_GCC_541\Debug\Traitement_Signal.o
 .comment       0x0000006e       0x6f .\CortexM4\ARM_GCC_541\Debug\cyfitter_sysint_cfg.o
 .comment       0x0000006e       0x6f .\CortexM4\ARM_GCC_541\Debug\cymetadata.o
 .comment       0x0000006e       0x6f .\CortexM4\ARM_GCC_541\Debug\cy_flash.o
 .comment       0x0000006e       0x6f .\CortexM4\ARM_GCC_541\Debug\cy_ipc_drv.o
 .comment       0x0000006e       0x6f .\CortexM4\ARM_GCC_541\Debug\cy_ipc_sema.o
 .comment       0x0000006e       0x6f .\CortexM4\ARM_GCC_541\Debug\cy_ipc_pipe.o
 .comment       0x0000006e       0x6f .\CortexM4\ARM_GCC_541\Debug\cy_scb_common.o
 .comment       0x0000006e       0x6f .\CortexM4\ARM_GCC_541\Debug\cy_scb_i2c.o
 .comment       0x0000006e       0x6f .\CortexM4\ARM_GCC_541\Debug\cy_sysint.o
 .comment       0x0000006e       0x6f .\CortexM4\ARM_GCC_541\Debug\cy_syslib.o
 .comment       0x0000006e       0x6f .\CortexM4\ARM_GCC_541\Debug\cy_syspm.o
 .comment       0x0000006e       0x6f .\CortexM4\ARM_GCC_541\Debug\cy_device.o
 .comment       0x0000006e       0x6f .\CortexM4\ARM_GCC_541\Debug\list.o
 .comment       0x0000006e       0x6f .\CortexM4\ARM_GCC_541\Debug\queue.o
 .comment       0x0000006e       0x6f .\CortexM4\ARM_GCC_541\Debug\tasks.o
 .comment       0x0000006e       0x6f .\CortexM4\ARM_GCC_541\Debug\timers.o
 .comment       0x0000006e       0x6f .\CortexM4\ARM_GCC_541\Debug\port.o
 .comment       0x0000006e       0x6f .\CortexM4\ARM_GCC_541\Debug\heap_1.o
 .comment       0x0000006e       0x6f .\CortexM4\ARM_GCC_541\Debug\I2C_MAX.o
 .comment       0x0000006e       0x6f .\CortexM4\ARM_GCC_541\Debug\I2Cm.o

.debug_line     0x00000000     0x9bd5
 .debug_line    0x00000000       0x8e .\CortexM4\ARM_GCC_541\Debug\startup_psoc6_01_cm4.o
 .debug_line    0x0000008e      0x435 .\CortexM4\ARM_GCC_541\Debug\main_cm4.o
 .debug_line    0x000004c3      0x423 .\CortexM4\ARM_GCC_541\Debug\system_psoc6_cm4.o
 .debug_line    0x000008e6     0x1372 .\CortexM4\ARM_GCC_541\Debug\bmi160.o
 .debug_line    0x00001c58      0x473 .\CortexM4\ARM_GCC_541\Debug\i2cm_support.o
 .debug_line    0x000020cb      0x434 .\CortexM4\ARM_GCC_541\Debug\MAX30102_functions.o
 .debug_line    0x000024ff      0x5a7 .\CortexM4\ARM_GCC_541\Debug\motion_task.o
 .debug_line    0x00002aa6      0x3ce .\CortexM4\ARM_GCC_541\Debug\Traitement_Signal.o
 .debug_line    0x00002e74      0x23d .\CortexM4\ARM_GCC_541\Debug\cyfitter_sysint_cfg.o
 .debug_line    0x000030b1      0x141 .\CortexM4\ARM_GCC_541\Debug\cymetadata.o
 .debug_line    0x000031f2      0x7c0 .\CortexM4\ARM_GCC_541\Debug\cy_flash.o
 .debug_line    0x000039b2      0x32a .\CortexM4\ARM_GCC_541\Debug\cy_ipc_drv.o
 .debug_line    0x00003cdc      0x3f3 .\CortexM4\ARM_GCC_541\Debug\cy_ipc_sema.o
 .debug_line    0x000040cf      0x56a .\CortexM4\ARM_GCC_541\Debug\cy_ipc_pipe.o
 .debug_line    0x00004639      0x4c5 .\CortexM4\ARM_GCC_541\Debug\cy_scb_common.o
 .debug_line    0x00004afe     0x1114 .\CortexM4\ARM_GCC_541\Debug\cy_scb_i2c.o
 .debug_line    0x00005c12      0x2c9 .\CortexM4\ARM_GCC_541\Debug\cy_sysint.o
 .debug_line    0x00005edb      0x46e .\CortexM4\ARM_GCC_541\Debug\cy_syslib.o
 .debug_line    0x00006349       0x89 .\CortexM4\ARM_GCC_541\Debug\cy_syslib_gcc.o
 .debug_line    0x000063d2      0xa46 .\CortexM4\ARM_GCC_541\Debug\cy_syspm.o
 .debug_line    0x00006e18      0x17e .\CortexM4\ARM_GCC_541\Debug\cy_device.o
 .debug_line    0x00006f96      0x29b .\CortexM4\ARM_GCC_541\Debug\list.o
 .debug_line    0x00007231      0x983 .\CortexM4\ARM_GCC_541\Debug\queue.o
 .debug_line    0x00007bb4      0xdc5 .\CortexM4\ARM_GCC_541\Debug\tasks.o
 .debug_line    0x00008979      0x510 .\CortexM4\ARM_GCC_541\Debug\timers.o
 .debug_line    0x00008e89      0x3ed .\CortexM4\ARM_GCC_541\Debug\port.o
 .debug_line    0x00009276      0x315 .\CortexM4\ARM_GCC_541\Debug\heap_1.o
 .debug_line    0x0000958b      0x328 .\CortexM4\ARM_GCC_541\Debug\I2C_MAX.o
 .debug_line    0x000098b3      0x322 .\CortexM4\ARM_GCC_541\Debug\I2Cm.o

.debug_info     0x00000000    0x29fd1
 .debug_info    0x00000000       0x80 .\CortexM4\ARM_GCC_541\Debug\startup_psoc6_01_cm4.o
 .debug_info    0x00000080      0xc13 .\CortexM4\ARM_GCC_541\Debug\main_cm4.o
 .debug_info    0x00000c93     0x1bb3 .\CortexM4\ARM_GCC_541\Debug\system_psoc6_cm4.o
 .debug_info    0x00002846     0x6f7f .\CortexM4\ARM_GCC_541\Debug\bmi160.o
 .debug_info    0x000097c5     0x118b .\CortexM4\ARM_GCC_541\Debug\i2cm_support.o
 .debug_info    0x0000a950     0x16b7 .\CortexM4\ARM_GCC_541\Debug\MAX30102_functions.o
 .debug_info    0x0000c007     0x2062 .\CortexM4\ARM_GCC_541\Debug\motion_task.o
 .debug_info    0x0000e069      0xea4 .\CortexM4\ARM_GCC_541\Debug\Traitement_Signal.o
 .debug_info    0x0000ef0d      0x98e .\CortexM4\ARM_GCC_541\Debug\cyfitter_sysint_cfg.o
 .debug_info    0x0000f89b       0xac .\CortexM4\ARM_GCC_541\Debug\cymetadata.o
 .debug_info    0x0000f947     0x2a10 .\CortexM4\ARM_GCC_541\Debug\cy_flash.o
 .debug_info    0x00012357      0x906 .\CortexM4\ARM_GCC_541\Debug\cy_ipc_drv.o
 .debug_info    0x00012c5d      0xc1e .\CortexM4\ARM_GCC_541\Debug\cy_ipc_sema.o
 .debug_info    0x0001387b     0x1952 .\CortexM4\ARM_GCC_541\Debug\cy_ipc_pipe.o
 .debug_info    0x000151cd     0x11b0 .\CortexM4\ARM_GCC_541\Debug\cy_scb_common.o
 .debug_info    0x0001637d     0x3ee5 .\CortexM4\ARM_GCC_541\Debug\cy_scb_i2c.o
 .debug_info    0x0001a262      0xe11 .\CortexM4\ARM_GCC_541\Debug\cy_sysint.o
 .debug_info    0x0001b073     0x24fa .\CortexM4\ARM_GCC_541\Debug\cy_syslib.o
 .debug_info    0x0001d56d       0xae .\CortexM4\ARM_GCC_541\Debug\cy_syslib_gcc.o
 .debug_info    0x0001d61b     0x4014 .\CortexM4\ARM_GCC_541\Debug\cy_syspm.o
 .debug_info    0x0002162f      0x551 .\CortexM4\ARM_GCC_541\Debug\cy_device.o
 .debug_info    0x00021b80      0x2df .\CortexM4\ARM_GCC_541\Debug\list.o
 .debug_info    0x00021e5f     0x1d21 .\CortexM4\ARM_GCC_541\Debug\queue.o
 .debug_info    0x00023b80     0x24ef .\CortexM4\ARM_GCC_541\Debug\tasks.o
 .debug_info    0x0002606f     0x1089 .\CortexM4\ARM_GCC_541\Debug\timers.o
 .debug_info    0x000270f8      0x5ed .\CortexM4\ARM_GCC_541\Debug\port.o
 .debug_info    0x000276e5      0x21a .\CortexM4\ARM_GCC_541\Debug\heap_1.o
 .debug_info    0x000278ff     0x1369 .\CortexM4\ARM_GCC_541\Debug\I2C_MAX.o
 .debug_info    0x00028c68     0x1369 .\CortexM4\ARM_GCC_541\Debug\I2Cm.o

.debug_abbrev   0x00000000     0x3da3
 .debug_abbrev  0x00000000       0x14 .\CortexM4\ARM_GCC_541\Debug\startup_psoc6_01_cm4.o
 .debug_abbrev  0x00000014      0x203 .\CortexM4\ARM_GCC_541\Debug\main_cm4.o
 .debug_abbrev  0x00000217      0x23a .\CortexM4\ARM_GCC_541\Debug\system_psoc6_cm4.o
 .debug_abbrev  0x00000451      0x2e9 .\CortexM4\ARM_GCC_541\Debug\bmi160.o
 .debug_abbrev  0x0000073a      0x22e .\CortexM4\ARM_GCC_541\Debug\i2cm_support.o
 .debug_abbrev  0x00000968      0x24f .\CortexM4\ARM_GCC_541\Debug\MAX30102_functions.o
 .debug_abbrev  0x00000bb7      0x366 .\CortexM4\ARM_GCC_541\Debug\motion_task.o
 .debug_abbrev  0x00000f1d      0x260 .\CortexM4\ARM_GCC_541\Debug\Traitement_Signal.o
 .debug_abbrev  0x0000117d       0xe3 .\CortexM4\ARM_GCC_541\Debug\cyfitter_sysint_cfg.o
 .debug_abbrev  0x00001260       0x5d .\CortexM4\ARM_GCC_541\Debug\cymetadata.o
 .debug_abbrev  0x000012bd      0x356 .\CortexM4\ARM_GCC_541\Debug\cy_flash.o
 .debug_abbrev  0x00001613      0x188 .\CortexM4\ARM_GCC_541\Debug\cy_ipc_drv.o
 .debug_abbrev  0x0000179b      0x219 .\CortexM4\ARM_GCC_541\Debug\cy_ipc_sema.o
 .debug_abbrev  0x000019b4      0x32b .\CortexM4\ARM_GCC_541\Debug\cy_ipc_pipe.o
 .debug_abbrev  0x00001cdf      0x294 .\CortexM4\ARM_GCC_541\Debug\cy_scb_common.o
 .debug_abbrev  0x00001f73      0x37f .\CortexM4\ARM_GCC_541\Debug\cy_scb_i2c.o
 .debug_abbrev  0x000022f2      0x230 .\CortexM4\ARM_GCC_541\Debug\cy_sysint.o
 .debug_abbrev  0x00002522      0x337 .\CortexM4\ARM_GCC_541\Debug\cy_syslib.o
 .debug_abbrev  0x00002859       0x14 .\CortexM4\ARM_GCC_541\Debug\cy_syslib_gcc.o
 .debug_abbrev  0x0000286d      0x320 .\CortexM4\ARM_GCC_541\Debug\cy_syspm.o
 .debug_abbrev  0x00002b8d       0x9d .\CortexM4\ARM_GCC_541\Debug\cy_device.o
 .debug_abbrev  0x00002c2a       0xf6 .\CortexM4\ARM_GCC_541\Debug\list.o
 .debug_abbrev  0x00002d20      0x2df .\CortexM4\ARM_GCC_541\Debug\queue.o
 .debug_abbrev  0x00002fff      0x308 .\CortexM4\ARM_GCC_541\Debug\tasks.o
 .debug_abbrev  0x00003307      0x269 .\CortexM4\ARM_GCC_541\Debug\timers.o
 .debug_abbrev  0x00003570      0x283 .\CortexM4\ARM_GCC_541\Debug\port.o
 .debug_abbrev  0x000037f3      0x16e .\CortexM4\ARM_GCC_541\Debug\heap_1.o
 .debug_abbrev  0x00003961      0x221 .\CortexM4\ARM_GCC_541\Debug\I2C_MAX.o
 .debug_abbrev  0x00003b82      0x221 .\CortexM4\ARM_GCC_541\Debug\I2Cm.o

.debug_aranges  0x00000000     0x1000
 .debug_aranges
                0x00000000       0x20 .\CortexM4\ARM_GCC_541\Debug\startup_psoc6_01_cm4.o
 .debug_aranges
                0x00000020       0x20 .\CortexM4\ARM_GCC_541\Debug\main_cm4.o
 .debug_aranges
                0x00000040       0x40 .\CortexM4\ARM_GCC_541\Debug\system_psoc6_cm4.o
 .debug_aranges
                0x00000080      0x438 .\CortexM4\ARM_GCC_541\Debug\bmi160.o
 .debug_aranges
                0x000004b8       0x30 .\CortexM4\ARM_GCC_541\Debug\i2cm_support.o
 .debug_aranges
                0x000004e8       0x48 .\CortexM4\ARM_GCC_541\Debug\MAX30102_functions.o
 .debug_aranges
                0x00000530       0x38 .\CortexM4\ARM_GCC_541\Debug\motion_task.o
 .debug_aranges
                0x00000568       0x40 .\CortexM4\ARM_GCC_541\Debug\Traitement_Signal.o
 .debug_aranges
                0x000005a8       0x18 .\CortexM4\ARM_GCC_541\Debug\cyfitter_sysint_cfg.o
 .debug_aranges
                0x000005c0       0x18 .\CortexM4\ARM_GCC_541\Debug\cymetadata.o
 .debug_aranges
                0x000005d8       0xb8 .\CortexM4\ARM_GCC_541\Debug\cy_flash.o
 .debug_aranges
                0x00000690       0x30 .\CortexM4\ARM_GCC_541\Debug\cy_ipc_drv.o
 .debug_aranges
                0x000006c0       0x48 .\CortexM4\ARM_GCC_541\Debug\cy_ipc_sema.o
 .debug_aranges
                0x00000708       0x68 .\CortexM4\ARM_GCC_541\Debug\cy_ipc_pipe.o
 .debug_aranges
                0x00000770       0x68 .\CortexM4\ARM_GCC_541\Debug\cy_scb_common.o
 .debug_aranges
                0x000007d8      0x160 .\CortexM4\ARM_GCC_541\Debug\cy_scb_i2c.o
 .debug_aranges
                0x00000938       0x30 .\CortexM4\ARM_GCC_541\Debug\cy_sysint.o
 .debug_aranges
                0x00000968       0x78 .\CortexM4\ARM_GCC_541\Debug\cy_syslib.o
 .debug_aranges
                0x000009e0       0x20 .\CortexM4\ARM_GCC_541\Debug\cy_syslib_gcc.o
 .debug_aranges
                0x00000a00      0x118 .\CortexM4\ARM_GCC_541\Debug\cy_syspm.o
 .debug_aranges
                0x00000b18       0x20 .\CortexM4\ARM_GCC_541\Debug\cy_device.o
 .debug_aranges
                0x00000b38       0x40 .\CortexM4\ARM_GCC_541\Debug\list.o
 .debug_aranges
                0x00000b78      0x100 .\CortexM4\ARM_GCC_541\Debug\queue.o
 .debug_aranges
                0x00000c78      0x1c0 .\CortexM4\ARM_GCC_541\Debug\tasks.o
 .debug_aranges
                0x00000e38       0xb8 .\CortexM4\ARM_GCC_541\Debug\timers.o
 .debug_aranges
                0x00000ef0       0x88 .\CortexM4\ARM_GCC_541\Debug\port.o
 .debug_aranges
                0x00000f78       0x38 .\CortexM4\ARM_GCC_541\Debug\heap_1.o
 .debug_aranges
                0x00000fb0       0x28 .\CortexM4\ARM_GCC_541\Debug\I2C_MAX.o
 .debug_aranges
                0x00000fd8       0x28 .\CortexM4\ARM_GCC_541\Debug\I2Cm.o

.debug_loc      0x00000000    0x1101b
 .debug_loc     0x00000000       0x40 .\CortexM4\ARM_GCC_541\Debug\main_cm4.o
 .debug_loc     0x00000040      0x1fe .\CortexM4\ARM_GCC_541\Debug\system_psoc6_cm4.o
 .debug_loc     0x0000023e     0x69ba .\CortexM4\ARM_GCC_541\Debug\bmi160.o
 .debug_loc     0x00006bf8      0x1f7 .\CortexM4\ARM_GCC_541\Debug\i2cm_support.o
 .debug_loc     0x00006def      0x427 .\CortexM4\ARM_GCC_541\Debug\MAX30102_functions.o
 .debug_loc     0x00007216       0xde .\CortexM4\ARM_GCC_541\Debug\motion_task.o
 .debug_loc     0x000072f4      0x1d8 .\CortexM4\ARM_GCC_541\Debug\Traitement_Signal.o
 .debug_loc     0x000074cc      0xd86 .\CortexM4\ARM_GCC_541\Debug\cy_flash.o
 .debug_loc     0x00008252      0x2a1 .\CortexM4\ARM_GCC_541\Debug\cy_ipc_drv.o
 .debug_loc     0x000084f3      0x76b .\CortexM4\ARM_GCC_541\Debug\cy_ipc_sema.o
 .debug_loc     0x00008c5e      0x7e2 .\CortexM4\ARM_GCC_541\Debug\cy_ipc_pipe.o
 .debug_loc     0x00009440      0x588 .\CortexM4\ARM_GCC_541\Debug\cy_scb_common.o
 .debug_loc     0x000099c8     0x308b .\CortexM4\ARM_GCC_541\Debug\cy_scb_i2c.o
 .debug_loc     0x0000ca53      0x223 .\CortexM4\ARM_GCC_541\Debug\cy_sysint.o
 .debug_loc     0x0000cc76      0x215 .\CortexM4\ARM_GCC_541\Debug\cy_syslib.o
 .debug_loc     0x0000ce8b      0xe9a .\CortexM4\ARM_GCC_541\Debug\cy_syspm.o
 .debug_loc     0x0000dd25       0x65 .\CortexM4\ARM_GCC_541\Debug\list.o
 .debug_loc     0x0000dd8a     0x109d .\CortexM4\ARM_GCC_541\Debug\queue.o
 .debug_loc     0x0000ee27     0x1674 .\CortexM4\ARM_GCC_541\Debug\tasks.o
 .debug_loc     0x0001049b      0x9ad .\CortexM4\ARM_GCC_541\Debug\timers.o
 .debug_loc     0x00010e48      0x11e .\CortexM4\ARM_GCC_541\Debug\port.o
 .debug_loc     0x00010f66       0x5f .\CortexM4\ARM_GCC_541\Debug\heap_1.o
 .debug_loc     0x00010fc5       0x2b .\CortexM4\ARM_GCC_541\Debug\I2C_MAX.o
 .debug_loc     0x00010ff0       0x2b .\CortexM4\ARM_GCC_541\Debug\I2Cm.o

.debug_ranges   0x00000000      0xf50
 .debug_ranges  0x00000000       0x10 .\CortexM4\ARM_GCC_541\Debug\main_cm4.o
 .debug_ranges  0x00000010       0x48 .\CortexM4\ARM_GCC_541\Debug\system_psoc6_cm4.o
 .debug_ranges  0x00000058      0x428 .\CortexM4\ARM_GCC_541\Debug\bmi160.o
 .debug_ranges  0x00000480       0x20 .\CortexM4\ARM_GCC_541\Debug\i2cm_support.o
 .debug_ranges  0x000004a0       0x38 .\CortexM4\ARM_GCC_541\Debug\MAX30102_functions.o
 .debug_ranges  0x000004d8       0x28 .\CortexM4\ARM_GCC_541\Debug\motion_task.o
 .debug_ranges  0x00000500       0x48 .\CortexM4\ARM_GCC_541\Debug\Traitement_Signal.o
 .debug_ranges  0x00000548       0xd0 .\CortexM4\ARM_GCC_541\Debug\cy_flash.o
 .debug_ranges  0x00000618       0x20 .\CortexM4\ARM_GCC_541\Debug\cy_ipc_drv.o
 .debug_ranges  0x00000638       0x38 .\CortexM4\ARM_GCC_541\Debug\cy_ipc_sema.o
 .debug_ranges  0x00000670       0x58 .\CortexM4\ARM_GCC_541\Debug\cy_ipc_pipe.o
 .debug_ranges  0x000006c8       0x88 .\CortexM4\ARM_GCC_541\Debug\cy_scb_common.o
 .debug_ranges  0x00000750      0x168 .\CortexM4\ARM_GCC_541\Debug\cy_scb_i2c.o
 .debug_ranges  0x000008b8       0x20 .\CortexM4\ARM_GCC_541\Debug\cy_sysint.o
 .debug_ranges  0x000008d8       0x68 .\CortexM4\ARM_GCC_541\Debug\cy_syslib.o
 .debug_ranges  0x00000940      0x138 .\CortexM4\ARM_GCC_541\Debug\cy_syspm.o
 .debug_ranges  0x00000a78       0x10 .\CortexM4\ARM_GCC_541\Debug\cy_device.o
 .debug_ranges  0x00000a88       0x30 .\CortexM4\ARM_GCC_541\Debug\list.o
 .debug_ranges  0x00000ab8      0x138 .\CortexM4\ARM_GCC_541\Debug\queue.o
 .debug_ranges  0x00000bf0      0x1e8 .\CortexM4\ARM_GCC_541\Debug\tasks.o
 .debug_ranges  0x00000dd8       0xa8 .\CortexM4\ARM_GCC_541\Debug\timers.o
 .debug_ranges  0x00000e80       0x78 .\CortexM4\ARM_GCC_541\Debug\port.o
 .debug_ranges  0x00000ef8       0x28 .\CortexM4\ARM_GCC_541\Debug\heap_1.o
 .debug_ranges  0x00000f20       0x18 .\CortexM4\ARM_GCC_541\Debug\I2C_MAX.o
 .debug_ranges  0x00000f38       0x18 .\CortexM4\ARM_GCC_541\Debug\I2Cm.o

.debug_str      0x00000000     0xa68a
 .debug_str     0x00000000      0xc80 .\CortexM4\ARM_GCC_541\Debug\main_cm4.o
                                0xd29 (size before relaxing)
 .debug_str     0x00000c80     0x1bdd .\CortexM4\ARM_GCC_541\Debug\system_psoc6_cm4.o
                               0x23d6 (size before relaxing)
 .debug_str     0x0000285d     0x19a7 .\CortexM4\ARM_GCC_541\Debug\bmi160.o
                               0x269f (size before relaxing)
 .debug_str     0x00004204      0x51b .\CortexM4\ARM_GCC_541\Debug\i2cm_support.o
                               0x1185 (size before relaxing)
 .debug_str     0x0000471f      0x217 .\CortexM4\ARM_GCC_541\Debug\MAX30102_functions.o
                               0x11eb (size before relaxing)
 .debug_str     0x00004936      0x263 .\CortexM4\ARM_GCC_541\Debug\motion_task.o
                               0x2b85 (size before relaxing)
 .debug_str     0x00004b99      0x1b1 .\CortexM4\ARM_GCC_541\Debug\Traitement_Signal.o
                                0xd3c (size before relaxing)
 .debug_str     0x00004d4a       0x7c .\CortexM4\ARM_GCC_541\Debug\cyfitter_sysint_cfg.o
                               0x17fc (size before relaxing)
 .debug_str     0x00004dc6       0x30 .\CortexM4\ARM_GCC_541\Debug\cymetadata.o
                                0x1bf (size before relaxing)
 .debug_str     0x00004df6     0x106e .\CortexM4\ARM_GCC_541\Debug\cy_flash.o
                               0x2dbe (size before relaxing)
 .debug_str     0x00005e64       0xfd .\CortexM4\ARM_GCC_541\Debug\cy_ipc_drv.o
                                0x980 (size before relaxing)
 .debug_str     0x00005f61       0xe7 .\CortexM4\ARM_GCC_541\Debug\cy_ipc_sema.o
                                0xb6d (size before relaxing)
 .debug_str     0x00006048      0x318 .\CortexM4\ARM_GCC_541\Debug\cy_ipc_pipe.o
                               0x208f (size before relaxing)
 .debug_str     0x00006360      0x1f1 .\CortexM4\ARM_GCC_541\Debug\cy_scb_common.o
                                0xca9 (size before relaxing)
 .debug_str     0x00006551      0xa6a .\CortexM4\ARM_GCC_541\Debug\cy_scb_i2c.o
                               0x1adb (size before relaxing)
 .debug_str     0x00006fbb       0xf0 .\CortexM4\ARM_GCC_541\Debug\cy_sysint.o
                               0x1960 (size before relaxing)
 .debug_str     0x000070ab      0xa99 .\CortexM4\ARM_GCC_541\Debug\cy_syslib.o
                               0x1cb3 (size before relaxing)
 .debug_str     0x00007b44     0x1181 .\CortexM4\ARM_GCC_541\Debug\cy_syspm.o
                               0x2b7a (size before relaxing)
 .debug_str     0x00008cc5       0x5d .\CortexM4\ARM_GCC_541\Debug\cy_device.o
                                0x7cd (size before relaxing)
 .debug_str     0x00008d22      0x15b .\CortexM4\ARM_GCC_541\Debug\list.o
                                0x34b (size before relaxing)
 .debug_str     0x00008e7d      0x71c .\CortexM4\ARM_GCC_541\Debug\queue.o
                                0xa50 (size before relaxing)
 .debug_str     0x00009599      0x9eb .\CortexM4\ARM_GCC_541\Debug\tasks.o
                                0xff5 (size before relaxing)
 .debug_str     0x00009f84      0x42a .\CortexM4\ARM_GCC_541\Debug\timers.o
                                0x8d6 (size before relaxing)
 .debug_str     0x0000a3ae      0x198 .\CortexM4\ARM_GCC_541\Debug\port.o
                                0x512 (size before relaxing)
 .debug_str     0x0000a546       0xac .\CortexM4\ARM_GCC_541\Debug\heap_1.o
                                0x2f1 (size before relaxing)
 .debug_str     0x0000a5f2       0x52 .\CortexM4\ARM_GCC_541\Debug\I2C_MAX.o
                               0x1e9c (size before relaxing)
 .debug_str     0x0000a644       0x46 .\CortexM4\ARM_GCC_541\Debug\I2Cm.o
                               0x1e87 (size before relaxing)

.debug_frame    0x00000000     0x33f4
 .debug_frame   0x00000000       0x2c .\CortexM4\ARM_GCC_541\Debug\main_cm4.o
 .debug_frame   0x0000002c       0x84 .\CortexM4\ARM_GCC_541\Debug\system_psoc6_cm4.o
 .debug_frame   0x000000b0     0x1124 .\CortexM4\ARM_GCC_541\Debug\bmi160.o
 .debug_frame   0x000011d4       0x7c .\CortexM4\ARM_GCC_541\Debug\i2cm_support.o
 .debug_frame   0x00001250       0xe0 .\CortexM4\ARM_GCC_541\Debug\MAX30102_functions.o
 .debug_frame   0x00001330       0x88 .\CortexM4\ARM_GCC_541\Debug\motion_task.o
 .debug_frame   0x000013b8       0xac .\CortexM4\ARM_GCC_541\Debug\Traitement_Signal.o
 .debug_frame   0x00001464      0x258 .\CortexM4\ARM_GCC_541\Debug\cy_flash.o
 .debug_frame   0x000016bc       0x70 .\CortexM4\ARM_GCC_541\Debug\cy_ipc_drv.o
 .debug_frame   0x0000172c       0xd8 .\CortexM4\ARM_GCC_541\Debug\cy_ipc_sema.o
 .debug_frame   0x00001804      0x164 .\CortexM4\ARM_GCC_541\Debug\cy_ipc_pipe.o
 .debug_frame   0x00001968      0x12c .\CortexM4\ARM_GCC_541\Debug\cy_scb_common.o
 .debug_frame   0x00001a94      0x4c0 .\CortexM4\ARM_GCC_541\Debug\cy_scb_i2c.o
 .debug_frame   0x00001f54       0x7c .\CortexM4\ARM_GCC_541\Debug\cy_sysint.o
 .debug_frame   0x00001fd0      0x12c .\CortexM4\ARM_GCC_541\Debug\cy_syslib.o
 .debug_frame   0x000020fc      0x3dc .\CortexM4\ARM_GCC_541\Debug\cy_syspm.o
 .debug_frame   0x000024d8       0x20 .\CortexM4\ARM_GCC_541\Debug\cy_device.o
 .debug_frame   0x000024f8       0x70 .\CortexM4\ARM_GCC_541\Debug\list.o
 .debug_frame   0x00002568      0x374 .\CortexM4\ARM_GCC_541\Debug\queue.o
 .debug_frame   0x000028dc      0x638 .\CortexM4\ARM_GCC_541\Debug\tasks.o
 .debug_frame   0x00002f14      0x260 .\CortexM4\ARM_GCC_541\Debug\timers.o
 .debug_frame   0x00003174      0x120 .\CortexM4\ARM_GCC_541\Debug\port.o
 .debug_frame   0x00003294       0x60 .\CortexM4\ARM_GCC_541\Debug\heap_1.o
 .debug_frame   0x000032f4       0x48 .\CortexM4\ARM_GCC_541\Debug\I2C_MAX.o
 .debug_frame   0x0000333c       0x48 .\CortexM4\ARM_GCC_541\Debug\I2Cm.o
 .debug_frame   0x00003384       0x28 c:/program files (x86)/cypress/psoc creator/4.4/psoc creator/import/gnu/arm/5.4.1/bin/../lib/gcc/arm-none-eabi/5.4.1/../../../../arm-none-eabi/lib/armv7e-m/softfp\libg_nano.a(lib_a-memcpy-stub.o)
 .debug_frame   0x000033ac       0x20 c:/program files (x86)/cypress/psoc creator/4.4/psoc creator/import/gnu/arm/5.4.1/bin/../lib/gcc/arm-none-eabi/5.4.1/../../../../arm-none-eabi/lib/armv7e-m/softfp\libg_nano.a(lib_a-memset.o)
 .debug_frame   0x000033cc       0x28 c:/program files (x86)/cypress/psoc creator/4.4/psoc creator/import/gnu/arm/5.4.1/bin/../lib/gcc/arm-none-eabi/5.4.1/../../../../arm-none-eabi/lib/armv7e-m/softfp\libg_nano.a(lib_a-strncpy.o)